>uci
id name petrel
id author Aleks Peshkov
option name Debug Log File type string default test/test.log
option name Hash type spin min 1 max 2048 default 1
option name Ponder type check default false
option name UCI_Chess960 type check default false
uciok
>set UCI_Chess960 true
>setoption hash 16
>isready
info eval score cp 0 fen rnbqkbnr/pppppppp/8/8/8/8/PPPPPPPP/RNBQKBNR w AHah - 0 1
readyok
>perft 5
info currmovenumber 1 currmove b1a3 perft 198572 nodes 9306 time 1 nps 5727731
info currmovenumber 2 currmove b1c3 perft 234656 nodes 18650 time 2 nps 6904009
info currmovenumber 3 currmove g1f3 perft 233491 nodes 27524 time 3 nps 7394301
info currmovenumber 4 currmove g1h3 perft 198502 nodes 35068 time 4 nps 7651487
info currmovenumber 5 currmove d2d4 perft 361790 nodes 46300 time 5 nps 7909135
info currmovenumber 6 currmove d2d3 perft 328511 nodes 57039 time 7 nps 8100252
info currmovenumber 7 currmove e2e4 perft 405385 nodes 68143 time 8 nps 8197149
info currmovenumber 8 currmove e2e3 perft 402988 nodes 79226 time 9 nps 8258283
info currmovenumber 9 currmove c2c4 perft 240082 nodes 86308 time 10 nps 8319820
info currmovenumber 10 currmove c2c3 perft 222861 nodes 92904 time 11 nps 8373174
info currmovenumber 11 currmove f2f4 perft 198473 nodes 98238 time 11 nps 8382495
info currmovenumber 12 currmove f2f3 perft 178889 nodes 103088 time 12 nps 8409148
info currmovenumber 13 currmove b2b4 perft 216145 nodes 107530 time 12 nps 8421511
info currmovenumber 14 currmove b2b3 perft 215255 nodes 111972 time 13 nps 8405425
info currmovenumber 15 currmove g2g4 perft 214048 nodes 115523 time 13 nps 8393700
info currmovenumber 16 currmove g2g3 perft 217210 nodes 119076 time 14 nps 8399552
info currmovenumber 17 currmove a2a4 perft 217832 nodes 122169 time 14 nps 8401090
info currmovenumber 18 currmove a2a3 perft 181046 nodes 124350 time 14 nps 8402882
info currmovenumber 19 currmove h2h4 perft 218829 nodes 126553 time 15 nps 8403539
info currmovenumber 20 currmove h2h3 perft 181044 nodes 127844 time 15 nps 8400826
info depth 5 perft 4865609
info hwrites 5782 hhits 3540 hreads 9322 hhitratio 379
bestmove 0000
>position fen 6kr///////6K1 b k
#parsing error: 
>perft 6
info currmovenumber 1 currmove g8f7 perft 42739 nodes 4543 nps 15209087
info currmovenumber 2 currmove g8g7 perft 39649 nodes 8145 nps 15650459
info currmovenumber 3 currmove g8h7 perft 27426 nodes 9825 nps 15651259
info currmovenumber 4 currmove g8f8 perft 20896 nodes 11142 nps 15661348
info currmovenumber 5 currmove h8h1 perft 19808 nodes 13505 nps 15729643
info currmovenumber 6 currmove h8h2 perft 5295 nodes 14006 nps 15664616
info currmovenumber 7 currmove h8h3 perft 24678 nodes 15422 nps 15661654
info currmovenumber 8 currmove h8h4 perft 31578 nodes 17361 time 1 nps 15699988
info currmovenumber 9 currmove h8h5 perft 32996 nodes 19300 time 1 nps 15423071
info currmovenumber 10 currmove h8h6 perft 32786 nodes 21230 time 1 nps 15462254
info currmovenumber 11 currmove h8h7 perft 29646 nodes 22968 time 1 nps 15451932
info currmovenumber 12 currmove g8h8 perft 17796 nodes 24100 time 1 nps 15418572
info depth 6 perft 325293
info hwrites 1620 hhits 1258 hreads 2878 hhitratio 437
bestmove 0000
>position fen 5kr1///////5K2 b k
#parsing error: 
>perft 6
info currmovenumber 1 currmove f8e7 perft 44247 nodes 4165 nps 9972727
info currmovenumber 2 currmove f8f7 perft 41942 nodes 6395 nps 9557571
info currmovenumber 3 currmove f8g7 perft 44162 nodes 7650 nps 9385478
info currmovenumber 4 currmove f8e8 perft 23093 nodes 9034 nps 9477350
info currmovenumber 5 currmove g8g1 perft 21311 nodes 11242 time 1 nps 10226647
info currmovenumber 6 currmove g8g2 perft 6106 nodes 11754 time 1 nps 10357480
info currmovenumber 7 currmove g8g3 perft 25726 nodes 13000 time 1 nps 10695943
info currmovenumber 8 currmove g8g4 perft 33026 nodes 14692 time 1 nps 11122433
info currmovenumber 9 currmove g8g5 perft 34556 nodes 16384 time 1 nps 11482443
info currmovenumber 10 currmove g8g6 perft 34346 nodes 18067 time 1 nps 11791834
info currmovenumber 11 currmove g8g7 perft 31121 nodes 19537 time 1 nps 11924853
info currmovenumber 12 currmove f8g8 perft 26514 nodes 20691 time 1 nps 11942436
info currmovenumber 13 currmove g8h8 perft 35484 nodes 20842 time 1 nps 11917334
info depth 6 perft 401634
info hwrites 1422 hhits 1493 hreads 2915 hhitratio 512
bestmove 0000
>position fen 4kr2///////4K3 b k
#parsing error: 
>perft 6
info currmovenumber 1 currmove e8d7 perft 44739 nodes 4195 nps 16946276
info currmovenumber 2 currmove e8e7 perft 42311 nodes 6434 nps 16582816
info currmovenumber 3 currmove e8f7 perft 48168 nodes 7711 nps 16319162
info currmovenumber 4 currmove e8d8 perft 25530 nodes 9311 nps 16221169
info currmovenumber 5 currmove f8f1 perft 21570 nodes 11519 nps 16179643
info currmovenumber 6 currmove f8f2 perft 6412 nodes 12031 nps 15437401
info currmovenumber 7 currmove f8f3 perft 25849 nodes 13277 nps 14233170
info currmovenumber 8 currmove f8f4 perft 33149 nodes 14969 time 1 nps 13422764
info currmovenumber 9 currmove f8f5 perft 34679 nodes 16661 time 1 nps 12864792
info currmovenumber 10 currmove f8f6 perft 34469 nodes 18344 time 1 nps 12450275
info currmovenumber 11 currmove f8f7 perft 31490 nodes 19814 time 1 nps 12112002
info currmovenumber 12 currmove e8f8 perft 26553 nodes 20654 time 1 nps 11849684
info currmovenumber 13 currmove f8g8 perft 39089 nodes 20863 time 1 nps 11693274
info currmovenumber 14 currmove f8h8 perft 45248 nodes 21782 time 1 nps 11524209
info depth 6 perft 459256
info hwrites 1473 hhits 1633 hreads 3106 hhitratio 525
bestmove 0000
>position fen 3kr3///////3K4 b k
#parsing error: 
>perft 6
info currmovenumber 1 currmove d8c7 perft 45231 nodes 4225 nps 10049139
info currmovenumber 2 currmove d8d7 perft 42680 nodes 6473 nps 10201926
info currmovenumber 3 currmove d8e7 perft 48168 nodes 7738 nps 10763412
info currmovenumber 4 currmove d8c8 perft 28255 nodes 9578 nps 11344658
info currmovenumber 5 currmove e8e1 perft 21659 nodes 11786 nps 11982306
info currmovenumber 6 currmove e8e2 perft 6446 nodes 12298 time 1 nps 12063071
info currmovenumber 7 currmove e8e3 perft 25972 nodes 13544 time 1 nps 12298539
info currmovenumber 8 currmove e8e4 perft 33272 nodes 15236 time 1 nps 12608919
info currmovenumber 9 currmove e8e5 perft 34802 nodes 16928 time 1 nps 12882790
info currmovenumber 10 currmove e8e6 perft 34592 nodes 18611 time 1 nps 13102914
info currmovenumber 11 currmove e8e7 perft 31859 nodes 20081 time 1 nps 13230202
info currmovenumber 12 currmove d8e8 perft 43885 nodes 21054 time 1 nps 13279987
info currmovenumber 13 currmove e8f8 perft 43082 nodes 21335 time 1 nps 13245456
info currmovenumber 14 currmove e8g8 perft 49275 nodes 22221 time 1 nps 13280310
info currmovenumber 15 currmove e8h8 perft 50514 nodes 23051 time 1 nps 13327859
info depth 6 perft 539692
info hwrites 1563 hhits 1831 hreads 3394 hhitratio 539
bestmove 0000
>position fen 8/PPPk4/8/8/8/8/4Kppp/8 b - -
>perft 6
info currmovenumber 1 currmove d7c6 perft 1662316 nodes 61776 time 4 nps 13520730
info currmovenumber 2 currmove d7d6 perft 2124652 nodes 122797 time 9 nps 13395368
info currmovenumber 3 currmove d7e6 perft 2175029 nodes 177791 time 13 nps 13460222
info currmovenumber 4 currmove d7c7 perft 745285 nodes 211591 time 15 nps 13543140
info currmovenumber 5 currmove d7e7 perft 2013706 nodes 260985 time 19 nps 13457915
info currmovenumber 6 currmove d7e8 perft 848663 nodes 280574 time 20 nps 13426806
info currmovenumber 7 currmove f2f1q perft 340274 nodes 298966 time 22 nps 13379668
info currmovenumber 8 currmove f2f1r perft 2669383 nodes 376429 time 28 nps 13329905
info currmovenumber 9 currmove f2f1b perft 548328 nodes 396148 time 29 nps 13326402
info currmovenumber 10 currmove f2f1n perft 1316997 nodes 429198 time 32 nps 13364221
info currmovenumber 11 currmove g2g1q perft 2545486 nodes 501670 time 37 nps 13333254
info currmovenumber 12 currmove g2g1r perft 3098494 nodes 576626 time 43 nps 13302714
info currmovenumber 13 currmove g2g1b perft 969473 nodes 590293 time 44 nps 13294089
info currmovenumber 14 currmove g2g1n perft 382756 nodes 600109 time 45 nps 13306348
info currmovenumber 15 currmove h2h1q perft 2596500 nodes 655333 time 49 nps 13295317
info currmovenumber 16 currmove h2h1r perft 2963669 nodes 712674 time 53 nps 13290721
info currmovenumber 17 currmove h2h1b perft 940326 nodes 714429 time 53 nps 13284070
info currmovenumber 18 currmove h2h1n perft 917946 nodes 717520 time 54 nps 13281990
info depth 6 perft 28859283
info hwrites 38916 hhits 17229 hreads 56145 hhitratio 306
bestmove 0000
>position fen n1n5/1Pk5/8/8/8/8/5Kp1/5N1N b - -
>perft 6
info currmovenumber 1 currmove c7b6 perft 2364430 nodes 87597 time 6 nps 14490912
info currmovenumber 2 currmove c7c6 perft 2730758 nodes 167564 time 10 nps 15413412
info currmovenumber 3 currmove c7d6 perft 2931061 nodes 244804 time 15 nps 15822055
info currmovenumber 4 currmove c7b7 perft 568011 nodes 275649 time 17 nps 16029776
info currmovenumber 5 currmove c7d7 perft 2907497 nodes 351130 time 21 nps 16009113
info currmovenumber 6 currmove c7b8 perft 975583 nodes 382216 time 24 nps 15726161
info currmovenumber 7 currmove c7d8 perft 1973056 nodes 434112 time 28 nps 15275454
info currmovenumber 8 currmove c8b6 perft 1829537 nodes 479387 time 31 nps 15345850
info currmovenumber 9 currmove c8d6 perft 2318025 nodes 537505 time 34 nps 15365049
info currmovenumber 10 currmove c8a7 perft 1658505 nodes 570437 time 37 nps 15385261
info currmovenumber 11 currmove c8e7 perft 2303016 nodes 613332 time 39 nps 15434227
info currmovenumber 12 currmove a8b6 perft 1858890 nodes 652385 time 42 nps 15475445
info currmovenumber 13 currmove g2f1q perft 303529 nodes 666570 time 43 nps 15462114
info currmovenumber 14 currmove g2g1q perft 553486 nodes 684818 time 44 nps 15435106
info currmovenumber 15 currmove g2h1q perft 2223256 nodes 747309 time 48 nps 15354694
info currmovenumber 16 currmove g2f1r perft 520681 nodes 764162 time 49 nps 15355463
info currmovenumber 17 currmove g2g1r perft 2203196 nodes 805080 time 52 nps 15361166
info currmovenumber 18 currmove g2h1r perft 2274521 nodes 848416 time 55 nps 15372422
info currmovenumber 19 currmove g2f1b perft 1020857 nodes 867524 time 56 nps 15386807
info currmovenumber 20 currmove g2g1b perft 606005 nodes 878957 time 57 nps 15385119
info currmovenumber 21 currmove g2h1b perft 1434753 nodes 900365 time 58 nps 15401197
info currmovenumber 22 currmove g2f1n perft 704458 nodes 911051 time 59 nps 15429201
info currmovenumber 23 currmove g2g1n perft 1094242 nodes 921362 time 59 nps 15452739
info currmovenumber 24 currmove g2h1n perft 307976 nodes 924779 time 59 nps 15457577
info depth 6 perft 37665329
info hwrites 54675 hhits 28098 hreads 82773 hhitratio 339
bestmove 0000
>position fen r3k2r/8/8/8/8/8/8/R3K2R w KQkq
#parsing error: 
>perft 6
info currmovenumber 1 currmove e1d2 perft 10636865 nodes 267968 time 19 nps 13605337
info currmovenumber 2 currmove e1e2 perft 11733530 nodes 522729 time 37 nps 13778203
info currmovenumber 3 currmove e1f2 perft 10519249 nodes 741424 time 53 nps 13961624
info currmovenumber 4 currmove e1d1 perft 6357740 nodes 857862 time 61 nps 14009549
info currmovenumber 5 currmove e1f1 perft 6274390 nodes 973094 time 69 nps 14052815
info currmovenumber 6 currmove a1a8 perft 545276 nodes 997300 time 70 nps 14078337
info currmovenumber 7 currmove a1a7 perft 4071181 nodes 1109952 time 78 nps 14119410
info currmovenumber 8 currmove a1a6 perft 6447915 nodes 1229167 time 86 nps 14162443
info currmovenumber 9 currmove a1a5 perft 7189546 nodes 1345932 time 94 nps 14195418
info currmovenumber 10 currmove a1a4 perft 7739115 nodes 1466729 time 103 nps 14226329
info currmovenumber 11 currmove a1a3 perft 8275997 nodes 1592130 time 111 nps 14245743
info currmovenumber 12 currmove a1a2 perft 8563373 nodes 1720699 time 120 nps 14249893
info currmovenumber 13 currmove a1b1 perft 8198901 nodes 1813156 time 127 nps 14257040
info currmovenumber 14 currmove a1c1 perft 7710115 nodes 1893321 time 132 nps 14269467
info currmovenumber 15 currmove a1d1 perft 6027769 nodes 1952320 time 136 nps 14278386
info currmovenumber 16 currmove e1a1 perft 5150161 nodes 2082974 time 145 nps 14280029
info currmovenumber 17 currmove h1h8 perft 585361 nodes 2098266 time 146 nps 14283031
info currmovenumber 18 currmove h1h7 perft 4163894 nodes 2176612 time 152 nps 14292523
info currmovenumber 19 currmove h1h6 perft 6740373 nodes 2245788 time 157 nps 14302049
info currmovenumber 20 currmove h1h5 perft 7582114 nodes 2307106 time 161 nps 14302096
info currmovenumber 21 currmove h1h4 perft 8217017 nodes 2368441 time 165 nps 14305880
info currmovenumber 22 currmove h1h3 perft 8839334 nodes 2430505 time 169 nps 14309758
info currmovenumber 23 currmove h1h2 perft 9157898 nodes 2492215 time 174 nps 14310473
info currmovenumber 24 currmove e1h1 perft 5187935 nodes 2573457 time 179 nps 14298239
info currmovenumber 25 currmove h1f1 perft 6099283 nodes 2590358 time 181 nps 14290450
info currmovenumber 26 currmove h1g1 perft 7848606 nodes 2607590 time 182 nps 14284802
info depth 6 perft 179862938
info hwrites 113517 hhits 76956 hreads 190473 hhitratio 404
bestmove 0000
>position fen rnbqkb1r/pp1p1ppp/2p5/4P3/2B5/8/PPP1NnPP/RNBQK2R w KQkq - 0 6
>perft 3
info currmovenumber 1 currmove e1d2 perft 1003 nodes 35 nps 5317532
info currmovenumber 2 currmove e1f2 perft 1171 nodes 64 nps 3784295
info currmovenumber 3 currmove e1f1 perft 1363 nodes 99 nps 3577623
info currmovenumber 4 currmove d1d7 perft 143 nodes 104 nps 2947344
info currmovenumber 5 currmove d1d6 perft 1385 nodes 133 nps 2898487
info currmovenumber 6 currmove d1d5 perft 1451 nodes 168 nps 2576568
info currmovenumber 7 currmove d1d4 perft 1588 nodes 203 nps 2593984
info currmovenumber 8 currmove d1d3 perft 1615 nodes 238 nps 2669418
info currmovenumber 9 currmove d1d2 perft 1356 nodes 273 nps 2734155
info currmovenumber 10 currmove e1h1 perft 1296 nodes 308 nps 2775549
info currmovenumber 11 currmove h1f1 perft 1294 nodes 343 nps 2808942
info currmovenumber 12 currmove h1g1 perft 1241 nodes 378 nps 2856926
info currmovenumber 13 currmove c4f7 perft 80 nodes 381 nps 2742151
info currmovenumber 14 currmove c4a6 perft 1190 nodes 415 nps 2771618
info currmovenumber 15 currmove c4e6 perft 1399 nodes 452 nps 2806512
info currmovenumber 16 currmove c4b5 perft 1265 nodes 487 nps 2847570
info currmovenumber 17 currmove c4d5 perft 1239 nodes 522 nps 2880603
info currmovenumber 18 currmove c4b3 perft 1205 nodes 557 nps 2915925
info currmovenumber 19 currmove c4d3 perft 1177 nodes 592 nps 2933873
info currmovenumber 20 currmove c1h6 perft 1336 nodes 626 nps 2953108
info currmovenumber 21 currmove c1g5 perft 1329 nodes 658 nps 2970413
info currmovenumber 22 currmove c1f4 perft 1362 nodes 693 nps 2989813
info currmovenumber 23 currmove c1e3 perft 1517 nodes 728 nps 3008935
info currmovenumber 24 currmove c1d2 perft 1264 nodes 763 nps 3030122
info currmovenumber 25 currmove e2d4 perft 1460 nodes 798 nps 3051706
info currmovenumber 26 currmove e2f4 perft 1486 nodes 833 nps 3063479
info currmovenumber 27 currmove e2c3 perft 1517 nodes 868 nps 3077664
info currmovenumber 28 currmove e2g3 perft 1453 nodes 903 nps 3093620
info currmovenumber 29 currmove e2g1 perft 1361 nodes 938 nps 3097130
info currmovenumber 30 currmove b1a3 perft 1233 nodes 973 nps 3105243
info currmovenumber 31 currmove b1c3 perft 1389 nodes 1008 nps 3123460
info currmovenumber 32 currmove b1d2 perft 1070 nodes 1043 nps 3128008
info currmovenumber 33 currmove e5e6 perft 1366 nodes 1080 nps 3143299
info currmovenumber 34 currmove c2c3 perft 1362 nodes 1115 nps 3150358
info currmovenumber 35 currmove b2b4 perft 1324 nodes 1149 nps 3159405
info currmovenumber 36 currmove b2b3 perft 1298 nodes 1184 nps 3161320
info currmovenumber 37 currmove g2g4 perft 1267 nodes 1219 nps 3164450
info currmovenumber 38 currmove g2g3 perft 1238 nodes 1254 nps 3173189
info currmovenumber 39 currmove a2a4 perft 1363 nodes 1289 nps 3183785
info currmovenumber 40 currmove a2a3 perft 1303 nodes 1324 nps 3186875
info currmovenumber 41 currmove h2h4 perft 1332 nodes 1359 nps 3191609
info currmovenumber 42 currmove h2h3 perft 1301 nodes 1394 nps 3195466
info depth 3 perft 53392
info hwrites 42 hhits 0 hreads 42 hhitratio 0
bestmove 0000
>position fen 8/8/8/2rk/2p1p/5R/QP1P2B/2KR w - -
>perft 6
info currmovenumber 1 currmove c1c2 perft 3938645 nodes 174282 time 14 nps 12252395
info currmovenumber 2 currmove c1b1 perft 3467609 nodes 324800 time 26 nps 12211634
info currmovenumber 3 currmove a2a8 perft 1597455 nodes 415372 time 33 nps 12291323
info currmovenumber 4 currmove a2a7 perft 3786296 nodes 574661 time 46 nps 12278986
info currmovenumber 5 currmove a2a6 perft 2417553 nodes 675008 time 54 nps 12297063
info currmovenumber 6 currmove a2a5 perft 2301636 nodes 757720 time 61 nps 12282985
info currmovenumber 7 currmove a2a4 perft 3371941 nodes 869855 time 70 nps 12270561
info currmovenumber 8 currmove a2c4 perft 540156 nodes 904638 time 73 nps 12284033
info currmovenumber 9 currmove a2a3 perft 3477246 nodes 1011036 time 82 nps 12245352
info currmovenumber 10 currmove a2b3 perft 2926697 nodes 1092313 time 89 nps 12205567
info currmovenumber 11 currmove a2a1 perft 3318078 nodes 1196691 time 97 nps 12217182
info currmovenumber 12 currmove a2b1 perft 2670004 nodes 1288863 time 105 nps 12225151
info currmovenumber 13 currmove f3f8 perft 2921109 nodes 1384545 time 113 nps 12247640
info currmovenumber 14 currmove f3f7 perft 2695937 nodes 1462133 time 119 nps 12261251
info currmovenumber 15 currmove f3f6 perft 1495275 nodes 1506287 time 122 nps 12269941
info currmovenumber 16 currmove f3f5 perft 927818 nodes 1535833 time 125 nps 12273637
info currmovenumber 17 currmove f3f4 perft 2499708 nodes 1594697 time 129 nps 12283458
info currmovenumber 18 currmove f3a3 perft 2275565 nodes 1668511 time 135 nps 12270805
info currmovenumber 19 currmove f3b3 perft 2615899 nodes 1722478 time 140 nps 12269665
info currmovenumber 20 currmove f3c3 perft 2440841 nodes 1775181 time 144 nps 12266830
info currmovenumber 21 currmove f3d3 perft 756954 nodes 1792496 time 146 nps 12266655
info currmovenumber 22 currmove f3e3 perft 2559921 nodes 1846542 time 150 nps 12268075
info currmovenumber 23 currmove f3g3 perft 2926462 nodes 1900625 time 154 nps 12275183
info currmovenumber 24 currmove f3h3 perft 3079407 nodes 1957835 time 159 nps 12272471
info currmovenumber 25 currmove f3f2 perft 2321511 nodes 2005294 time 163 nps 12276048
info currmovenumber 26 currmove f3f1 perft 2039487 nodes 2038207 time 166 nps 12268673
info currmovenumber 27 currmove d1e1 perft 3830945 nodes 2106326 time 171 nps 12271074
info currmovenumber 28 currmove d1f1 perft 3336554 nodes 2148965 time 175 nps 12259535
info currmovenumber 29 currmove d1g1 perft 3469931 nodes 2192823 time 178 nps 12256188
info currmovenumber 30 currmove d1h1 perft 4465724 nodes 2268344 time 185 nps 12260033
info currmovenumber 31 currmove g2h3 perft 3088731 nodes 2311062 time 188 nps 12265545
info currmovenumber 32 currmove g2f1 perft 2869314 nodes 2345838 time 191 nps 12265408
info currmovenumber 33 currmove g2h1 perft 2678469 nodes 2364156 time 192 nps 12259321
info currmovenumber 34 currmove d2d4 perft 2518756 nodes 2394335 time 195 nps 12245925
info currmovenumber 35 currmove d2d3 perft 3434864 nodes 2422591 time 197 nps 12242885
info currmovenumber 36 currmove b2b4 perft 3326727 nodes 2457004 time 200 nps 12227007
info currmovenumber 37 currmove b2b3 perft 3651079 nodes 2482054 time 203 nps 12221620
info depth 6 perft 102040304
info hwrites 74360 hhits 48653 hreads 123013 hhitratio 395
bestmove 0000
>#avoid illegal en passant capture:
#parsing error: #avoid illegal en passant capture:
>position fen 8/5bk1/8/2Pp4/8/1K6/8/8 w - d6 0 1
>isready
info eval score cp -278 fen 8/5bk1/8/2Pp4/8/1K6/8/8 w - - 0 1
readyok
>perft 6
info currmovenumber 1 currmove b3a4 perft 80828 nodes 4348 nps 16134897
info currmovenumber 2 currmove b3b4 perft 97074 nodes 6716 nps 15672218
info currmovenumber 3 currmove b3a3 perft 82957 nodes 9006 nps 15586438
info currmovenumber 4 currmove b3c3 perft 118973 nodes 12933 nps 15887894
info currmovenumber 5 currmove b3a2 perft 76150 nodes 14767 nps 15730794
info currmovenumber 6 currmove b3b2 perft 119231 nodes 16445 time 1 nps 15676685
info currmovenumber 7 currmove b3c2 perft 129058 nodes 18018 time 1 nps 15660186
info currmovenumber 8 currmove c5c6 perft 119793 nodes 19126 time 1 nps 15371657
info depth 6 perft 824064
info hwrites 2619 hhits 2157 hreads 4776 hhitratio 451
bestmove 0000
>#complex ep case
#parsing error: #complex ep case
>position fen 3k4/8/8/K1Pp3r/8/8/8/8 w - d6 0 1
>isready
info eval score cp -466 fen 3k4/8/8/K1Pp3r/8/8/8/8 w - - 0 1
readyok
>perft 6
info currmovenumber 1 currmove a5a6 perft 156082 nodes 5889 nps 16732775
info currmovenumber 2 currmove a5b6 perft 171667 nodes 8738 nps 16408003
info currmovenumber 3 currmove a5b5 perft 182011 nodes 12074 nps 16365267
info currmovenumber 4 currmove a5a4 perft 172818 nodes 15209 nps 16175055
info currmovenumber 5 currmove a5b4 perft 210405 nodes 17567 time 1 nps 16147282
info currmovenumber 6 currmove c5c6 perft 127497 nodes 18206 time 1 nps 15958374
info depth 6 perft 1020480
info hwrites 2589 hhits 2529 hreads 5118 hhitratio 494
bestmove 0000
>#en passant capture checks opponent:
#parsing error: #en passant capture checks opponent:
>position fen 8/8/1k6/2b5/2pP4/8/5K2/8 b - d3 0 1
>perft 6
info currmovenumber 1 currmove b6a5 perft 82446 nodes 5995 nps 15734949
info currmovenumber 2 currmove b6b5 perft 94791 nodes 10899 nps 15607726
info currmovenumber 3 currmove b6a6 perft 84489 nodes 15534 nps 15561949
info currmovenumber 4 currmove b6c6 perft 103031 nodes 21025 time 1 nps 15713446
info currmovenumber 5 currmove b6a7 perft 78445 nodes 25178 time 1 nps 15658301
info currmovenumber 6 currmove b6b7 perft 114427 nodes 29905 time 1 nps 15711746
info currmovenumber 7 currmove b6c7 perft 115172 nodes 34533 time 2 nps 15597708
info currmovenumber 8 currmove c5a3 perft 107630 nodes 38158 time 2 nps 15616814
info currmovenumber 9 currmove c5b4 perft 107054 nodes 40942 time 2 nps 15573150
info currmovenumber 10 currmove c5d4 perft 70642 nodes 45140 time 2 nps 15534795
info currmovenumber 11 currmove c5d6 perft 112868 nodes 48319 time 3 nps 15517605
info currmovenumber 12 currmove c5e7 perft 125696 nodes 50950 time 3 nps 15502040
info currmovenumber 13 currmove c5f8 perft 108263 nodes 52668 time 3 nps 15463849
info currmovenumber 14 currmove c4c3 perft 95420 nodes 53475 time 3 nps 15395595
info currmovenumber 15 currmove c4d3 perft 40093 nodes 58301 time 3 nps 15431624
info depth 6 perft 1440467
info hwrites 4548 hhits 5272 hreads 9820 hhitratio 536
bestmove 0000
>#short castling gives check:
#parsing error: #short castling gives check:
>position fen 5k2/8/8/8/8/8/8/4K2R w K - 0 1
>perft 6
info currmovenumber 1 currmove e1d2 perft 71189 nodes 3621 nps 16509821
info currmovenumber 2 currmove e1e2 perft 71135 nodes 6053 nps 16134105
info currmovenumber 3 currmove e1f2 perft 71030 nodes 6708 nps 15588326
info currmovenumber 4 currmove e1d1 perft 40135 nodes 7478 nps 15272008
info currmovenumber 5 currmove e1f1 perft 35484 nodes 7479 nps 15109579
info currmovenumber 6 currmove h1h8 perft 32290 nodes 8122 nps 14827282
info currmovenumber 7 currmove h1h7 perft 8084 nodes 8539 nps 14566800
info currmovenumber 8 currmove h1h6 perft 42702 nodes 9258 nps 14397596
info currmovenumber 9 currmove h1h5 perft 54262 nodes 10245 nps 14311237
info currmovenumber 10 currmove h1h4 perft 56590 nodes 11232 nps 14138634
info currmovenumber 11 currmove h1h3 perft 56590 nodes 12219 nps 14037195
info currmovenumber 12 currmove h1h2 perft 53464 nodes 13188 nps 13973284
info currmovenumber 13 currmove e1h1 perft 26514 nodes 13189 nps 13893219
info currmovenumber 14 currmove h1f1 perft 18510 nodes 13366 nps 13758757
info currmovenumber 15 currmove h1g1 perft 23093 nodes 13367 nps 13667325
info depth 6 perft 661072
info hwrites 968 hhits 1988 hreads 2956 hhitratio 672
bestmove 0000
>#castling (including losing cr due to rook capture):
#parsing error: #castling (including losing cr due to rook capture):
>position fen r3k2r/7b/8/8/8/8/1B4BQ/R3K2R b KQkq - 0 1
>perft 4
info currmovenumber 1 currmove e8d7 perft 53401 nodes 1203 nps 11303097
info currmovenumber 2 currmove e8e7 perft 57805 nodes 2461 nps 11041271
info currmovenumber 3 currmove e8f7 perft 55433 nodes 3722 nps 10950537
info currmovenumber 4 currmove e8d8 perft 39985 nodes 4635 nps 10883245
info currmovenumber 5 currmove e8f8 perft 39070 nodes 5533 nps 10828106
info currmovenumber 6 currmove a8a1 perft 4427 nodes 5665 nps 10488021
info currmovenumber 7 currmove a8a2 perft 35744 nodes 6547 nps 10568387
info currmovenumber 8 currmove a8a3 perft 44730 nodes 7617 nps 10537980
info currmovenumber 9 currmove a8a4 perft 47033 nodes 8726 nps 10611285
info currmovenumber 10 currmove a8a5 perft 49150 nodes 9866 nps 10597469
info currmovenumber 11 currmove a8a6 perft 50836 nodes 11034 time 1 nps 10714764
info currmovenumber 12 currmove a8a7 perft 50325 nodes 12181 time 1 nps 10796557
info currmovenumber 13 currmove a8b8 perft 47958 nodes 13217 time 1 nps 10867849
info currmovenumber 14 currmove a8c8 perft 47557 nodes 14275 time 1 nps 10932121
info currmovenumber 15 currmove a8d8 perft 42247 nodes 15238 time 1 nps 10993625
info currmovenumber 16 currmove e8a8 perft 32959 nodes 16057 time 1 nps 10978537
info currmovenumber 17 currmove e8h8 perft 46811 nodes 17222 time 1 nps 10960169
info currmovenumber 18 currmove h8f8 perft 50602 nodes 18403 time 1 nps 11017101
info currmovenumber 19 currmove h8g8 perft 55938 nodes 19645 time 1 nps 11026339
info currmovenumber 20 currmove h7b1 perft 54752 nodes 20854 time 1 nps 11037091
info currmovenumber 21 currmove h7c2 perft 60199 nodes 22180 time 2 nps 11086136
info currmovenumber 22 currmove h7d3 perft 61097 nodes 23554 time 2 nps 11132148
info currmovenumber 23 currmove h7e4 perft 59135 nodes 24922 time 2 nps 11175534
info currmovenumber 24 currmove h7f5 perft 69053 nodes 26415 time 2 nps 11219066
info currmovenumber 25 currmove h7g6 perft 62626 nodes 27784 time 2 nps 11247658
info currmovenumber 26 currmove h7g8 perft 55333 nodes 28993 time 2 nps 11274154
info depth 4 perft 1274206
info hwrites 1167 hhits 0 hreads 1167 hhitratio 0
bestmove 0000
>#castling prevented:
#parsing error: #castling prevented:
>position fen r3k2r/8/3Q4/8/8/5q2/8/R3K2R b KQkq - 0 1
>perft 4
info currmovenumber 1 currmove e8f7 perft 57060 nodes 1765 nps 11321069
info currmovenumber 2 currmove f3d1 perft 3782 nodes 1872 nps 10851167
info currmovenumber 3 currmove f3f1 perft 3126 nodes 1956 nps 10610942
info currmovenumber 4 currmove f3h1 perft 3553 nodes 2074 nps 10408198
info currmovenumber 5 currmove f3e2 perft 1009 nodes 2096 nps 10190190
info currmovenumber 6 currmove f3f2 perft 2386 nodes 2162 nps 10016354
info currmovenumber 7 currmove f3g2 perft 50810 nodes 3693 nps 10784811
info currmovenumber 8 currmove f3a3 perft 43980 nodes 4995 nps 10774955
info currmovenumber 9 currmove f3b3 perft 61216 nodes 6690 nps 11078726
info currmovenumber 10 currmove f3c3 perft 7646 nodes 6918 nps 11020398
info currmovenumber 11 currmove f3d3 perft 46225 nodes 8352 nps 11191674
info currmovenumber 12 currmove f3e3 perft 2870 nodes 8443 nps 11132926
info currmovenumber 13 currmove f3g3 perft 6834 nodes 8638 nps 11089002
info currmovenumber 14 currmove f3h3 perft 45034 nodes 9961 nps 11100165
info currmovenumber 15 currmove f3e4 perft 6298 nodes 10146 nps 11063242
info currmovenumber 16 currmove f3f4 perft 47066 nodes 11621 time 1 nps 11165943
info currmovenumber 17 currmove f3g4 perft 55830 nodes 13235 time 1 nps 11250903
info currmovenumber 18 currmove f3d5 perft 52949 nodes 14746 time 1 nps 11298543
info currmovenumber 19 currmove f3f5 perft 62753 nodes 16483 time 1 nps 11377512
info currmovenumber 20 currmove f3h5 perft 43743 nodes 17736 time 1 nps 11351628
info currmovenumber 21 currmove f3c6 perft 58992 nodes 19296 time 1 nps 11390468
info currmovenumber 22 currmove f3f6 perft 54394 nodes 20867 time 1 nps 11426227
info currmovenumber 23 currmove f3b7 perft 68331 nodes 22615 time 1 nps 11479351
info currmovenumber 24 currmove f3f7 perft 62015 nodes 24225 time 2 nps 11505941
info currmovenumber 25 currmove f3f8 perft 45984 nodes 25471 time 2 nps 11496146
info currmovenumber 26 currmove a8a1 perft 1980 nodes 25571 time 2 nps 11468929
info currmovenumber 27 currmove a8a2 perft 40544 nodes 26989 time 2 nps 11502845
info currmovenumber 28 currmove a8a3 perft 41303 nodes 28389 time 2 nps 11500320
info currmovenumber 29 currmove a8a4 perft 47961 nodes 29949 time 2 nps 11548093
info currmovenumber 30 currmove a8a5 perft 50431 nodes 31560 time 2 nps 11541786
info currmovenumber 31 currmove a8a6 perft 49811 nodes 33145 time 2 nps 11591033
info currmovenumber 32 currmove a8a7 perft 55332 nodes 34852 time 2 nps 11640645
info currmovenumber 33 currmove a8b8 perft 54262 nodes 36490 time 3 nps 11677102
info currmovenumber 34 currmove a8c8 perft 54887 nodes 38166 time 3 nps 11717253
info currmovenumber 35 currmove a8d8 perft 49727 nodes 39739 time 3 nps 11752465
info currmovenumber 36 currmove h8h1 perft 1352 nodes 39789 time 3 nps 11735298
info currmovenumber 37 currmove h8h2 perft 39991 nodes 41198 time 3 nps 11750552
info currmovenumber 38 currmove h8h3 perft 38539 nodes 42520 time 3 nps 11748089
info currmovenumber 39 currmove h8h4 perft 47637 nodes 44083 time 3 nps 11771604
info currmovenumber 40 currmove h8h5 perft 48797 nodes 45667 time 3 nps 11787030
info currmovenumber 41 currmove h8h6 perft 49692 nodes 47270 time 4 nps 11808032
info currmovenumber 42 currmove h8h7 perft 55134 nodes 48980 time 4 nps 11822522
info currmovenumber 43 currmove h8f8 perft 46570 nodes 50438 time 4 nps 11811818
info currmovenumber 44 currmove h8g8 perft 52640 nodes 52047 time 4 nps 11834885
info depth 4 perft 1720476
info hwrites 1538 hhits 0 hreads 1538 hhitratio 0
bestmove 0000
>#discovered check:
#parsing error: #discovered check:
>position fen 8/8/1P2K3/8/2n5/1q6/8/5k2 b - - 0 1
>perft 5
info currmovenumber 1 currmove f1e1 perft 42228 nodes 1568 nps 17104272
info currmovenumber 2 currmove f1g1 perft 42353 nodes 3022 nps 16295497
info currmovenumber 3 currmove f1e2 perft 48873 nodes 4544 nps 16334453
info currmovenumber 4 currmove f1f2 perft 49517 nodes 5960 nps 16362029
info currmovenumber 5 currmove f1g2 perft 49546 nodes 7320 nps 16366136
info currmovenumber 6 currmove b3b1 perft 35096 nodes 8412 nps 16246031
info currmovenumber 7 currmove b3d1 perft 31676 nodes 9231 nps 15908769
info currmovenumber 8 currmove b3a2 perft 42340 nodes 10238 nps 15866521
info currmovenumber 9 currmove b3b2 perft 41247 nodes 10916 nps 15727973
info currmovenumber 10 currmove b3c2 perft 39534 nodes 11459 nps 15620761
info currmovenumber 11 currmove b3a3 perft 40996 nodes 12153 nps 15515346
info currmovenumber 12 currmove b3c3 perft 41432 nodes 12684 nps 15404514
info currmovenumber 13 currmove b3d3 perft 28068 nodes 13047 nps 15284461
info currmovenumber 14 currmove b3e3 perft 29254 nodes 13522 nps 15162864
info currmovenumber 15 currmove b3f3 perft 21754 nodes 13880 nps 15048011
info currmovenumber 16 currmove b3g3 perft 47132 nodes 14658 nps 14987025
info currmovenumber 17 currmove b3h3 perft 24663 nodes 15068 time 1 nps 14931008
info currmovenumber 18 currmove b3a4 perft 34477 nodes 15614 time 1 nps 14883502
info currmovenumber 19 currmove b3b4 perft 32808 nodes 16097 time 1 nps 14814221
info currmovenumber 20 currmove b3b5 perft 23059 nodes 16451 time 1 nps 14743324
info currmovenumber 21 currmove b3b6 perft 24326 nodes 17287 time 1 nps 14758928
info currmovenumber 22 currmove c4b2 perft 30626 nodes 18052 time 1 nps 14762863
info currmovenumber 23 currmove c4d2 perft 33151 nodes 18836 time 1 nps 14768260
info currmovenumber 24 currmove c4a3 perft 32124 nodes 19571 time 1 nps 14764749
info currmovenumber 25 currmove c4e3 perft 27112 nodes 20183 time 1 nps 14743158
info currmovenumber 26 currmove c4a5 perft 30993 nodes 20901 time 1 nps 14742623
info currmovenumber 27 currmove c4e5 perft 27378 nodes 21535 time 1 nps 14722158
info currmovenumber 28 currmove c4b6 perft 25466 nodes 22198 time 1 nps 14716870
info currmovenumber 29 currmove c4d6 perft 27429 nodes 22816 time 1 nps 14654301
info depth 5 perft 1004658
info hwrites 3118 hhits 2236 hreads 5354 hhitratio 417
bestmove 0000
>#underpromote to check:
#parsing error: #underpromote to check:
>position fen 8/P1k5/K7/8/8/8/8/8 w - - 0 1
>perft 6
info currmovenumber 1 currmove a6a5 perft 14506 nodes 1448 nps 15735025
info currmovenumber 2 currmove a6b5 perft 16567 nodes 2713 nps 15712415
info currmovenumber 3 currmove a7a8q perft 19066 nodes 5842 nps 15377042
info currmovenumber 4 currmove a7a8r perft 17190 nodes 7495 nps 15480611
info currmovenumber 5 currmove a7a8b perft 18675 nodes 9126 nps 15373963
info currmovenumber 6 currmove a7a8n perft 6679 nodes 9677 nps 15400015
info depth 6 perft 92683
info hwrites 815 hhits 579 hreads 1394 hhitratio 415
bestmove 0000
>#stalemate/checkmate:
#parsing error: #stalemate/checkmate:
>position fen 8/k1P5/8/1K6/8/8/8/8 w - - 0 1
>perft 7
info currmovenumber 1 currmove b5c6 perft 21955 nodes 1296 nps 14866818
info currmovenumber 2 currmove b5a5 perft 18352 nodes 2533 nps 14587820
info currmovenumber 3 currmove b5c5 perft 56683 nodes 4092 nps 14333803
info currmovenumber 4 currmove b5a4 perft 74272 nodes 6114 nps 14718910
info currmovenumber 5 currmove b5b4 perft 108544 nodes 7626 nps 14806271
info currmovenumber 6 currmove b5c4 perft 133887 nodes 9131 nps 14923958
info currmovenumber 7 currmove c7c8q perft 0 nodes 9132 nps 14798129
info currmovenumber 8 currmove c7c8r perft 52185 nodes 11148 nps 14793150
info currmovenumber 9 currmove c7c8b perft 57162 nodes 12614 nps 14491471
info currmovenumber 10 currmove c7c8n perft 44544 nodes 13347 nps 14263638
info depth 7 perft 567584
info hwrites 2823 hhits 2201 hreads 5024 hhitratio 438
bestmove 0000
>#long castling gives check:
#parsing error: #long castling gives check:
>position fen r3k3/8/8/8/8/8/8/3K4 b q - 0 1
>perft 6
info currmovenumber 1 currmove e8d7 perft 81484 nodes 4128 nps 14294816
info currmovenumber 2 currmove e8e7 perft 81423 nodes 7090 nps 14652877
info currmovenumber 3 currmove e8f7 perft 81618 nodes 10175 nps 14949934
info currmovenumber 4 currmove e8d8 perft 45248 nodes 11181 nps 14762344
info currmovenumber 5 currmove e8f8 perft 50691 nodes 12817 nps 14710456
info currmovenumber 6 currmove a8a1 perft 36441 nodes 13536 nps 14554275
info currmovenumber 7 currmove a8a2 perft 9605 nodes 13740 nps 14413091
info currmovenumber 8 currmove a8a3 perft 48882 nodes 14115 nps 14260903
info currmovenumber 9 currmove a8a4 perft 61591 nodes 14566 time 1 nps 14140168
info currmovenumber 10 currmove a8a5 perft 64120 nodes 15036 time 1 nps 14028291
info currmovenumber 11 currmove a8a6 perft 64120 nodes 15487 time 1 nps 13914132
info currmovenumber 12 currmove a8a7 perft 61144 nodes 15932 time 1 nps 13801108
info currmovenumber 13 currmove a8b8 perft 41794 nodes 16510 time 1 nps 13665510
info currmovenumber 14 currmove a8c8 perft 25530 nodes 16831 time 1 nps 13548202
info currmovenumber 15 currmove a8d8 perft 23433 nodes 16992 time 1 nps 13460683
info currmovenumber 16 currmove e8a8 perft 26587 nodes 19148 time 1 nps 13571248
info depth 6 perft 803711
info hwrites 1289 hhits 2205 hreads 3494 hhitratio 631
bestmove 0000
>#promote out of check:
#parsing error: #promote out of check:
>position fen 2K2r2/4P3/8/8/8/8/8/3k4 w - - 0 1
>perft 6
info currmovenumber 1 currmove c8b7 perft 593714 nodes 21194 time 1 nps 13806554
info currmovenumber 2 currmove c8c7 perft 613707 nodes 37368 time 2 nps 13708474
info currmovenumber 3 currmove c8d7 perft 512052 nodes 48579 time 3 nps 13690210
info currmovenumber 4 currmove e7e8q perft 790243 nodes 79898 time 5 nps 13929029
info currmovenumber 5 currmove e7f8q perft 72240 nodes 85628 time 6 nps 13954944
info currmovenumber 6 currmove e7e8r perft 518290 nodes 101297 time 7 nps 14141718
info currmovenumber 7 currmove e7f8r perft 46121 nodes 104182 time 7 nps 14121153
info currmovenumber 8 currmove e7e8b perft 345373 nodes 113158 time 8 nps 13966099
info currmovenumber 9 currmove e7f8b perft 32349 nodes 115170 time 8 nps 13958316
info currmovenumber 10 currmove e7e8n perft 275193 nodes 121131 time 8 nps 13950700
info currmovenumber 11 currmove e7f8n perft 21719 nodes 122286 time 8 nps 13958127
info depth 6 perft 3821001
info hwrites 8763 hhits 6938 hreads 15701 hhitratio 441
bestmove 0000
>#self stalemate:
#parsing error: #self stalemate:
>position fen K1k5/8/P7/8/8/8/8/8 w - - 0 1
>perft 6
info currmovenumber 1 currmove a8a7 perft 1380 nodes 216 nps 13757961
info currmovenumber 2 currmove a6a7 perft 837 nodes 349 nps 9551438
info depth 6 perft 2217
info hwrites 64 hhits 20 hreads 84 hhitratio 238
bestmove 0000
>#double check:
#parsing error: #double check:
>position fen 8/8/2k5/5q2/5n2/8/5K2/8 b - - 0 1
>perft 4
info currmovenumber 1 currmove c6b5 perft 730 nodes 217 nps 9760705
info currmovenumber 2 currmove c6c5 perft 687 nodes 427 nps 8873464
info currmovenumber 3 currmove c6d5 perft 623 nodes 623 nps 8482075
info currmovenumber 4 currmove c6b6 perft 784 nodes 852 nps 8584642
info currmovenumber 5 currmove c6d6 perft 786 nodes 1081 nps 8642745
info currmovenumber 6 currmove c6b7 perft 785 nodes 1310 nps 8726177
info currmovenumber 7 currmove c6c7 perft 785 nodes 1539 nps 8789263
info currmovenumber 8 currmove c6d7 perft 735 nodes 1756 nps 8773507
info currmovenumber 9 currmove f5b1 perft 524 nodes 1871 nps 8651303
info currmovenumber 10 currmove f5c2 perft 603 nodes 2094 nps 8670592
info currmovenumber 11 currmove f5d3 perft 199 nodes 2177 nps 8572924
info currmovenumber 12 currmove f5h3 perft 182 nodes 2252 nps 8462284
info currmovenumber 13 currmove f5e4 perft 318 nodes 2367 nps 8379858
info currmovenumber 14 currmove f5g4 perft 277 nodes 2470 nps 8308357
info currmovenumber 15 currmove f5a5 perft 782 nodes 2661 nps 8351615
info currmovenumber 16 currmove f5b5 perft 726 nodes 2842 nps 8364949
info currmovenumber 17 currmove f5c5 perft 515 nodes 2995 nps 8337787
info currmovenumber 18 currmove f5d5 perft 597 nodes 3191 nps 8340477
info currmovenumber 19 currmove f5e5 perft 562 nodes 3356 nps 8325456
info currmovenumber 20 currmove f5g5 perft 478 nodes 3501 nps 8312853
info currmovenumber 21 currmove f5h5 perft 558 nodes 3687 nps 8334369
info currmovenumber 22 currmove f5e6 perft 513 nodes 3840 nps 8319593
info currmovenumber 23 currmove f5f6 perft 763 nodes 4051 nps 8329255
info currmovenumber 24 currmove f5g6 perft 473 nodes 4196 nps 8277979
info currmovenumber 25 currmove f5d7 perft 812 nodes 4413 nps 8307402
info currmovenumber 26 currmove f5f7 perft 841 nodes 4630 nps 8329900
info currmovenumber 27 currmove f5h7 perft 838 nodes 4859 nps 8358606
info currmovenumber 28 currmove f5c8 perft 823 nodes 5052 nps 8369795
info currmovenumber 29 currmove f5f8 perft 809 nodes 5257 nps 8248435
info currmovenumber 30 currmove f4e2 perft 544 nodes 5412 nps 8238696
info currmovenumber 31 currmove f4g2 perft 534 nodes 5561 nps 8232359
info currmovenumber 32 currmove f4d3 perft 677 nodes 5757 nps 8248359
info currmovenumber 33 currmove f4h3 perft 640 nodes 5943 nps 8258433
info currmovenumber 34 currmove f4d5 perft 665 nodes 6129 nps 8252967
info currmovenumber 35 currmove f4h5 perft 688 nodes 6315 nps 8256585
info currmovenumber 36 currmove f4e6 perft 839 nodes 6550 nps 8285769
info currmovenumber 37 currmove f4g6 perft 832 nodes 6779 nps 8306580
info depth 4 perft 23527
info hwrites 220 hhits 0 hreads 220 hhitratio 0
bestmove 0000
>position fen 3k4/3p4/8/K1P4r/8/8/8/8 b - -
>perft 6
info currmovenumber 1 currmove d8c7 perft 44453 nodes 5000 nps 14273846
info currmovenumber 2 currmove d8e7 perft 82944 nodes 12291 nps 14624882
info currmovenumber 3 currmove d8c8 perft 53281 nodes 16746 time 1 nps 14564386
info currmovenumber 4 currmove d8e8 perft 68117 nodes 21910 time 1 nps 14603337
info currmovenumber 5 currmove h5h1 perft 88123 nodes 27513 time 1 nps 14624298
info currmovenumber 6 currmove h5h2 perft 86705 nodes 31475 time 2 nps 14635382
info currmovenumber 7 currmove h5h3 perft 77839 nodes 34547 time 2 nps 14617865
info currmovenumber 8 currmove h5h4 perft 45878 nodes 36622 time 2 nps 14572475
info currmovenumber 9 currmove h5c5 perft 24713 nodes 39568 time 2 nps 14588356
info currmovenumber 10 currmove h5d5 perft 45827 nodes 41500 time 2 nps 14520567
info currmovenumber 11 currmove h5e5 perft 60611 nodes 43564 time 3 nps 14459413
info currmovenumber 12 currmove h5f5 perft 61765 nodes 45382 time 3 nps 14418697
info currmovenumber 13 currmove h5g5 perft 61765 nodes 47200 time 3 nps 14384569
info currmovenumber 14 currmove h5h6 perft 57409 nodes 48641 time 3 nps 14340581
info currmovenumber 15 currmove h5h7 perft 68741 nodes 49809 time 3 nps 14293470
info currmovenumber 16 currmove h5h8 perft 69854 nodes 50894 time 3 nps 14235928
info currmovenumber 17 currmove d7d5 perft 58564 nodes 52161 time 3 nps 14147005
info currmovenumber 18 currmove d7d6 perft 78299 nodes 53319 time 3 nps 14096754
info depth 6 perft 1134888
info hwrites 3597 hhits 3711 hreads 7308 hhitratio 507
bestmove 0000
>#short castling impossible although the rook never moved away from its corner
#parsing error: #short castling impossible although the rook never moved away from its corner
>position fen 1k6/1b6/8/8/7R/8/8/4K2R b K - 0 1
>perft 5
info currmovenumber 1 currmove b8a7 perft 80992 nodes 7077 nps 14519275
info currmovenumber 2 currmove b8c7 perft 115488 nodes 14748 time 1 nps 14344894
info currmovenumber 3 currmove b8a8 perft 54505 nodes 19562 time 1 nps 14236703
info currmovenumber 4 currmove b8c8 perft 79601 nodes 24360 time 1 nps 14208746
info currmovenumber 5 currmove b7h1 perft 41555 nodes 26926 time 1 nps 14235180
info currmovenumber 6 currmove b7g2 perft 77566 nodes 31307 time 2 nps 14198752
info currmovenumber 7 currmove b7f3 perft 90001 nodes 34561 time 2 nps 14125966
info currmovenumber 8 currmove b7e4 perft 98364 nodes 38001 time 2 nps 14063396
info currmovenumber 9 currmove b7d5 perft 125371 nodes 42155 time 3 nps 13993328
info currmovenumber 10 currmove b7a6 perft 57850 nodes 43876 time 3 nps 13910280
info currmovenumber 11 currmove b7c6 perft 107267 nodes 46512 time 3 nps 13860698
info currmovenumber 12 currmove b7a8 perft 67938 nodes 47327 time 3 nps 13796326
info currmovenumber 13 currmove b7c8 perft 67015 nodes 48781 time 3 nps 13737245
info depth 5 perft 1063513
info hwrites 2163 hhits 1663 hreads 3826 hhitratio 434
bestmove 0000
>#long castling impossible although the rook never moved away from its corner
#parsing error: #long castling impossible although the rook never moved away from its corner
>position fen 1k6/8/8/8/R7/1n6/8/R3K3 b Q - 0 1
>perft 5
info currmovenumber 1 currmove b8b7 perft 48605 nodes 5303 nps 14247639
info currmovenumber 2 currmove b8c7 perft 68902 nodes 10257 nps 13944326
info currmovenumber 3 currmove b8c8 perft 47624 nodes 13240 nps 13878697
info currmovenumber 4 currmove b3a1 perft 12501 nodes 14126 time 1 nps 13783157
info currmovenumber 5 currmove b3c1 perft 20712 nodes 15319 time 1 nps 13726997
info currmovenumber 6 currmove b3d2 perft 33444 nodes 17656 time 1 nps 13464654
info currmovenumber 7 currmove b3d4 perft 34087 nodes 19954 time 1 nps 13500493
info currmovenumber 8 currmove b3a5 perft 30889 nodes 22134 time 1 nps 13501330
info currmovenumber 9 currmove b3c5 perft 49931 nodes 24386 time 1 nps 13488488
info depth 5 perft 346695
info hwrites 1186 hhits 692 hreads 1878 hhitratio 368
bestmove 0000
>position fen r3k2r/8/8/8/3pPp2/8/8/R3K1RR b KQkq e3 0 1
>perft 6
info currmovenumber 1 currmove e8d7 perft 28439089 nodes 518690 time 40 nps 12881305
info currmovenumber 2 currmove e8e7 perft 28451141 nodes 979468 time 75 nps 13033744
info currmovenumber 3 currmove e8f7 perft 24068498 nodes 1355489 time 103 nps 13034513
info currmovenumber 4 currmove e8d8 perft 17400054 nodes 1601361 time 122 nps 13081827
info currmovenumber 5 currmove e8f8 perft 14840962 nodes 1834065 time 140 nps 13041034
info currmovenumber 6 currmove a8a1 perft 1098971 nodes 1869814 time 143 nps 13057566
info currmovenumber 7 currmove a8a2 perft 11677400 nodes 2090440 time 159 nps 13101858
info currmovenumber 8 currmove a8a3 perft 15980510 nodes 2301625 time 175 nps 13119661
info currmovenumber 9 currmove a8a4 perft 13576295 nodes 2437149 time 185 nps 13117778
info currmovenumber 10 currmove a8a5 perft 19383467 nodes 2662763 time 202 nps 13143478
info currmovenumber 11 currmove a8a6 perft 20639347 nodes 2897735 time 220 nps 13152028
info currmovenumber 12 currmove a8a7 perft 21166076 nodes 3138105 time 239 nps 13123574
info currmovenumber 13 currmove a8b8 perft 19144206 nodes 3307655 time 252 nps 13096729
info currmovenumber 14 currmove a8c8 perft 18210583 nodes 3458546 time 263 nps 13119359
info currmovenumber 15 currmove a8d8 perft 13951120 nodes 3575080 time 272 nps 13125377
info currmovenumber 16 currmove e8a8 perft 14017906 nodes 3810707 time 290 nps 13109661
info currmovenumber 17 currmove h8h1 perft 4999159 nodes 3883549 time 295 nps 13126689
info currmovenumber 18 currmove h8h2 perft 11709206 nodes 4039458 time 307 nps 13145152
info currmovenumber 19 currmove h8h3 perft 16597370 nodes 4163571 time 316 nps 13157624
info currmovenumber 20 currmove h8h4 perft 13366181 nodes 4204989 time 319 nps 13152314
info currmovenumber 21 currmove h8h5 perft 20691062 nodes 4334898 time 329 nps 13156707
info currmovenumber 22 currmove h8h6 perft 22428369 nodes 4469288 time 339 nps 13161386
info currmovenumber 23 currmove h8h7 perft 23272829 nodes 4604999 time 349 nps 13159290
info currmovenumber 24 currmove h8f8 perft 15421908 nodes 4653014 time 353 nps 13151095
info currmovenumber 25 currmove h8g8 perft 18396355 nodes 4705631 time 357 nps 13148223
info currmovenumber 26 currmove d4d3 perft 15208374 nodes 4733067 time 359 nps 13147418
info currmovenumber 27 currmove d4e3 perft 13134096 nodes 5000395 time 379 nps 13182077
info currmovenumber 28 currmove f4f3 perft 15195773 nodes 5016886 time 380 nps 13179400
info currmovenumber 29 currmove f4e3 perft 13181300 nodes 5281463 time 399 nps 13205269
info depth 6 perft 485647607
info hwrites 219492 hhits 159571 hreads 379063 hhitratio 420
bestmove 0000
>position fen r3k2r/Pppp1ppp/1b3nbN/nP6/BBP1P3/q4N2/Pp1P2PP/R2Q1RK1 w kq - 0 1
>perft 6
info currmovenumber 1 currmove g1h1 perft 149335005 nodes 2031075 time 232 nps 8722826
info currmovenumber 2 currmove f1f2 perft 123078367 nodes 3710558 time 423 nps 8755485
info currmovenumber 3 currmove b4c5 perft 87986826 nodes 4897263 time 562 nps 8700186
info currmovenumber 4 currmove f3d4 perft 129579089 nodes 6620858 time 767 nps 8629997
info currmovenumber 5 currmove c4c5 perft 92063670 nodes 7828519 time 906 nps 8632604
info currmovenumber 6 currmove d2d4 perft 124002076 nodes 9470293 time 1094 nps 8654183
info depth 6 perft 706045033
info hwrites 257469 hhits 149620 hreads 407089 hhitratio 367
bestmove 0000
>position fen 8/7p/p5pb/4k3/P1pPn3/8/P5PP/1rB2RK1 b - d3 0 28
>perft 6
info currmovenumber 1 currmove e5d4 perft 7438869 nodes 225561 time 18 nps 12130947
info currmovenumber 2 currmove e5d5 perft 7747197 nodes 464872 time 38 nps 12183673
info currmovenumber 3 currmove e5d6 perft 8335508 nodes 697626 time 56 nps 12249049
info currmovenumber 4 currmove e5e6 perft 8232156 nodes 917092 time 74 nps 12244452
info currmovenumber 5 currmove c4d3 perft 6879553 nodes 1133559 time 92 nps 12266556
info depth 6 perft 38633283
info hwrites 42910 hhits 24867 hreads 67777 hhitratio 366
bestmove 0000
>position fen 8/3K4/2p5/p2b2r1/5k2/8/8/1q6 b - - 1 67
>perft 7
info currmovenumber 1 currmove f4e3 perft 12724877 nodes 78133 time 6 nps 12586793
info currmovenumber 2 currmove f4f3 perft 10859476 nodes 134076 time 10 nps 12972652
info currmovenumber 3 currmove f4g3 perft 10914020 nodes 189911 time 14 nps 13207512
info currmovenumber 4 currmove f4e4 perft 8665333 nodes 231560 time 18 nps 12639591
info currmovenumber 5 currmove f4g4 perft 9601320 nodes 278885 time 21 nps 12966516
info currmovenumber 6 currmove f4e5 perft 7489136 nodes 320629 time 24 nps 13198232
info currmovenumber 7 currmove f4f5 perft 8897345 nodes 363924 time 27 nps 13378403
info currmovenumber 8 currmove b1a1 perft 12159133 nodes 419795 time 30 nps 13554694
info currmovenumber 9 currmove b1c1 perft 11795406 nodes 454902 time 33 nps 13564954
info currmovenumber 10 currmove b1d1 perft 11421457 nodes 490909 time 36 nps 13571413
info currmovenumber 11 currmove b1e1 perft 8802280 nodes 520936 time 38 nps 13585509
info currmovenumber 12 currmove b1f1 perft 12336624 nodes 555734 time 40 nps 13592974
info currmovenumber 13 currmove b1g1 perft 11211782 nodes 583271 time 43 nps 13548623
info currmovenumber 14 currmove b1h1 perft 11725198 nodes 612689 time 45 nps 13520176
info currmovenumber 15 currmove b1a2 perft 10314935 nodes 637839 time 47 nps 13496596
info currmovenumber 16 currmove b1b2 perft 12219229 nodes 660230 time 49 nps 13467295
info currmovenumber 17 currmove b1c2 perft 13565083 nodes 690107 time 51 nps 13443132
info currmovenumber 18 currmove b1b3 perft 9887152 nodes 707022 time 52 nps 13404349
info currmovenumber 19 currmove b1d3 perft 12203856 nodes 732140 time 54 nps 13364904
info currmovenumber 20 currmove b1b4 perft 5382673 nodes 744322 time 55 nps 13351120
info currmovenumber 21 currmove b1e4 perft 6821881 nodes 758369 time 56 nps 13330921
info currmovenumber 22 currmove b1b5 perft 8125018 nodes 776034 time 58 nps 13312105
info currmovenumber 23 currmove b1f5 perft 4367969 nodes 793573 time 59 nps 13269997
info currmovenumber 24 currmove b1b6 perft 3719107 nodes 806241 time 60 nps 13255405
info currmovenumber 25 currmove b1g6 perft 5262702 nodes 824618 time 62 nps 13230120
info currmovenumber 26 currmove b1b7 perft 1285057 nodes 830616 time 62 nps 13210835
info currmovenumber 27 currmove b1h7 perft 3254167 nodes 842423 time 63 nps 13183890
info currmovenumber 28 currmove b1b8 perft 614957 nodes 846778 time 64 nps 13174376
info currmovenumber 29 currmove g5g1 perft 12343774 nodes 877726 time 66 nps 13160605
info currmovenumber 30 currmove g5g2 perft 13413160 nodes 902834 time 68 nps 13145556
info currmovenumber 31 currmove g5g3 perft 13753970 nodes 928477 time 70 nps 13133141
info currmovenumber 32 currmove g5g4 perft 10828288 nodes 943659 time 71 nps 13114645
info currmovenumber 33 currmove g5e5 perft 5849489 nodes 957786 time 73 nps 13099287
info currmovenumber 34 currmove g5f5 perft 7932522 nodes 970231 time 74 nps 13083062
info currmovenumber 35 currmove g5h5 perft 12666335 nodes 987376 time 75 nps 13043439
info currmovenumber 36 currmove g5g6 perft 8518386 nodes 997144 time 76 nps 13021825
info currmovenumber 37 currmove g5g7 perft 2770446 nodes 1006348 time 77 nps 13000033
info currmovenumber 38 currmove g5g8 perft 4167228 nodes 1018935 time 78 nps 12983614
info currmovenumber 39 currmove d5h1 perft 11733328 nodes 1033346 time 79 nps 12954248
info currmovenumber 40 currmove d5a2 perft 12038694 nodes 1068231 time 82 nps 12980176
info currmovenumber 41 currmove d5g2 perft 12247916 nodes 1081235 time 83 nps 12960857
info currmovenumber 42 currmove d5b3 perft 14593454 nodes 1120336 time 86 nps 12998129
info currmovenumber 43 currmove d5f3 perft 14321238 nodes 1132659 time 87 nps 12978537
info currmovenumber 44 currmove d5c4 perft 16128973 nodes 1167275 time 89 nps 13000178
info currmovenumber 45 currmove d5e4 perft 14418082 nodes 1176394 time 90 nps 12981803
info currmovenumber 46 currmove d5e6 perft 10648859 nodes 1219753 time 93 nps 12992490
info currmovenumber 47 currmove d5f7 perft 12241163 nodes 1247735 time 95 nps 12997431
info currmovenumber 48 currmove d5g8 perft 12742371 nodes 1271930 time 97 nps 13005749
info currmovenumber 49 currmove a5a4 perft 11754729 nodes 1275295 time 98 nps 12992271
info currmovenumber 50 currmove c6c5 perft 12667996 nodes 1281442 time 98 nps 12978115
info depth 7 perft 493407574
info hwrites 204934 hhits 363757 hreads 568691 hhitratio 639
bestmove 0000
>position fen 8/p7/8/1P6/K1k3p1/6P1/7P/8 w - -
>perft 8
info currmovenumber 1 currmove a4a5 perft 996474 nodes 25556 time 1 nps 16398007
info currmovenumber 2 currmove a4a3 perft 2120164 nodes 59410 time 3 nps 16397202
info currmovenumber 3 currmove b5b6 perft 2429979 nodes 92094 time 5 nps 16079685
info currmovenumber 4 currmove h2h4 perft 986637 nodes 99905 time 6 nps 16009572
info currmovenumber 5 currmove h2h3 perft 1570536 nodes 110276 time 6 nps 15995372
info depth 8 perft 8103790
info hwrites 13560 hhits 21292 hreads 34852 hhitratio 610
bestmove 0000
>position fen n1n5/PPPk4/8/8/8/8/4Kppp/5N1N b - -
>perft 6
info currmovenumber 1 currmove d7c6 perft 3875735 nodes 133577 time 9 nps 13619698
info currmovenumber 2 currmove d7d6 perft 4150696 nodes 250351 time 18 nps 13801564
info currmovenumber 3 currmove d7e6 perft 4442545 nodes 368292 time 26 nps 13926030
info currmovenumber 4 currmove d7c7 perft 2665492 nodes 465820 time 33 nps 14065307
info currmovenumber 5 currmove d7e7 perft 4006487 nodes 567422 time 40 nps 14052943
info currmovenumber 6 currmove d7e8 perft 2792294 nodes 641315 time 45 nps 14020651
info currmovenumber 7 currmove c8b6 perft 3956392 nodes 727332 time 51 nps 14028180
info currmovenumber 8 currmove c8d6 perft 5264760 nodes 850651 time 60 nps 14044891
info currmovenumber 9 currmove c8a7 perft 3942027 nodes 941042 time 66 nps 14133451
info currmovenumber 10 currmove c8e7 perft 4738536 nodes 1038877 time 73 nps 14119080
info currmovenumber 11 currmove a8b6 perft 4830962 nodes 1121399 time 79 nps 14117775
info currmovenumber 12 currmove a8c7 perft 6139718 nodes 1238040 time 87 nps 14215692
info currmovenumber 13 currmove g2f1q perft 470385 nodes 1253798 time 88 nps 14201273
info currmovenumber 14 currmove g2g1q perft 3580762 nodes 1322954 time 93 nps 14159979
info currmovenumber 15 currmove g2h1q perft 2156009 nodes 1367847 time 96 nps 14124444
info currmovenumber 16 currmove g2f1r perft 1594489 nodes 1395753 time 98 nps 14112988
info currmovenumber 17 currmove g2g1r perft 4178891 nodes 1462518 time 103 nps 14098954
info currmovenumber 18 currmove g2h1r perft 1732884 nodes 1481342 time 105 nps 14090157
info currmovenumber 19 currmove g2f1b perft 548111 nodes 1492874 time 105 nps 14085891
info currmovenumber 20 currmove g2g1b perft 1585231 nodes 1501898 time 106 nps 14081273
info currmovenumber 21 currmove g2h1b perft 1956376 nodes 1530112 time 108 nps 14062702
info currmovenumber 22 currmove g2f1n perft 960124 nodes 1541660 time 109 nps 14060099
info currmovenumber 23 currmove g2g1n perft 498850 nodes 1546294 time 109 nps 14063312
info currmovenumber 24 currmove g2h1n perft 1111383 nodes 1552149 time 110 nps 14065160
info depth 6 perft 71179139
info hwrites 80377 hhits 41931 hreads 122308 hhitratio 342
bestmove 0000
>position fen r3k2r/p6p/8/B7/1pp1p3/3b4/P6P/R3K2R w KQkq -
>perft 6
info currmovenumber 1 currmove e1d2 perft 5219312 nodes 145826 time 12 nps 11419720
info currmovenumber 2 currmove e1f2 perft 5416699 nodes 281636 time 24 nps 11520312
info currmovenumber 3 currmove e1d1 perft 2997927 nodes 353498 time 30 nps 11505719
info currmovenumber 4 currmove a1b1 perft 4321724 nodes 455476 time 39 nps 11556633
info currmovenumber 5 currmove a1c1 perft 4356383 nodes 549320 time 47 nps 11595226
info currmovenumber 6 currmove a1d1 perft 3920659 nodes 638775 time 55 nps 11612785
info currmovenumber 7 currmove e1a1 perft 4238116 nodes 760344 time 65 nps 11569815
info currmovenumber 8 currmove h1f1 perft 4242336 nodes 854857 time 73 nps 11594560
info currmovenumber 9 currmove h1g1 perft 5525512 nodes 962735 time 82 nps 11619756
info currmovenumber 10 currmove a5d8 perft 4478978 nodes 1037162 time 89 nps 11591627
info currmovenumber 11 currmove a5c7 perft 5686114 nodes 1114523 time 96 nps 11572296
info currmovenumber 12 currmove a5b6 perft 6435080 nodes 1197543 time 103 nps 11558734
info currmovenumber 13 currmove a5b4 perft 4430602 nodes 1275803 time 110 nps 11578890
info currmovenumber 14 currmove a2a4 perft 3751855 nodes 1312448 time 113 nps 11563209
info currmovenumber 15 currmove a2a3 perft 4296057 nodes 1346643 time 116 nps 11562114
info currmovenumber 16 currmove h2h4 perft 4032280 nodes 1372396 time 118 nps 11561022
info currmovenumber 17 currmove h2h3 perft 3705359 nodes 1391894 time 120 nps 11557879
info depth 6 perft 77054993
info hwrites 65904 hhits 43409 hreads 109313 hhitratio 397
bestmove 0000
>position fen 8/2p5/3p4/KP5r/1R3p1k/8/4P1P1/8 w - -
>perft 7
info currmovenumber 1 currmove a5a6 perft 16022983 nodes 423886 time 31 nps 13494778
info currmovenumber 2 currmove a5a4 perft 14139786 nodes 787141 time 58 nps 13500971
info currmovenumber 3 currmove b4a4 perft 11996400 nodes 1031692 time 76 nps 13427890
info currmovenumber 4 currmove b4c4 perft 17400108 nodes 1245876 time 93 nps 13341682
info currmovenumber 5 currmove b4d4 perft 15996777 nodes 1425698 time 107 nps 13297273
info currmovenumber 6 currmove b4e4 perft 14187097 nodes 1581325 time 119 nps 13246030
info currmovenumber 7 currmove b4f4 perft 3069955 nodes 1652832 time 124 nps 13243486
info currmovenumber 8 currmove b4b3 perft 15482610 nodes 1803718 time 136 nps 13210338
info currmovenumber 9 currmove b4b2 perft 12755330 nodes 1906311 time 144 nps 13200868
info currmovenumber 10 currmove b4b1 perft 19481757 nodes 2059943 time 156 nps 13199887
info currmovenumber 11 currmove e2e4 perft 8853383 nodes 2123672 time 161 nps 13183872
info currmovenumber 12 currmove e2e3 perft 11427551 nodes 2172345 time 165 nps 13159708
info currmovenumber 13 currmove g2g4 perft 13629805 nodes 2273027 time 172 nps 13160278
info currmovenumber 14 currmove g2g3 perft 4190119 nodes 2308958 time 175 nps 13160182
info depth 7 perft 178633661
info hwrites 146101 hhits 151051 hreads 297152 hhitratio 508
bestmove 0000
>position fen 8/5p2/8/2k3P1/p3K3/8/1P6/8 b - -
>perft 8
info currmovenumber 1 currmove c5b4 perft 4669642 nodes 78022 time 4 nps 16919469
info currmovenumber 2 currmove c5c4 perft 4208721 nodes 117484 time 6 nps 16933273
info currmovenumber 3 currmove c5b5 perft 7866067 nodes 168371 time 9 nps 16986513
info currmovenumber 4 currmove c5b6 perft 10577513 nodes 221343 time 12 nps 17030441
info currmovenumber 5 currmove c5c6 perft 10191758 nodes 258329 time 15 nps 17032015
info currmovenumber 6 currmove c5d6 perft 8078254 nodes 293727 time 17 nps 16897485
info currmovenumber 7 currmove a4a3 perft 9390584 nodes 334000 time 20 nps 16643968
info currmovenumber 8 currmove f7f5 perft 3241645 nodes 345979 time 20 nps 16589343
info currmovenumber 9 currmove f7f6 perft 6227221 nodes 356311 time 21 nps 16549988
info depth 8 perft 64451405
info hwrites 38889 hhits 66551 hreads 105440 hhitratio 631
bestmove 0000
>position fen r3k2r/pb3p2/5npp/n2p4/1p1PPB2/6P1/P2N1PBP/R3K2R w KQkq -
>perft 5
info currmovenumber 1 currmove e1e2 perft 1244723 nodes 34929 time 2 nps 11653068
info currmovenumber 2 currmove e1d1 perft 869971 nodes 62133 time 5 nps 11685645
info currmovenumber 3 currmove e1f1 perft 691718 nodes 85113 time 7 nps 11697943
info currmovenumber 4 currmove a1b1 perft 969990 nodes 112392 time 9 nps 11619051
info currmovenumber 5 currmove a1c1 perft 1139670 nodes 140145 time 12 nps 11548533
info currmovenumber 6 currmove a1d1 perft 822076 nodes 163197 time 14 nps 11543262
info currmovenumber 7 currmove e1a1 perft 769767 nodes 189488 time 16 nps 11572557
info currmovenumber 8 currmove e1h1 perft 830094 nodes 214325 time 18 nps 11580173
info currmovenumber 9 currmove h1f1 perft 771161 nodes 235623 time 20 nps 11568226
info currmovenumber 10 currmove h1g1 perft 911131 nodes 257874 time 22 nps 11565199
info currmovenumber 11 currmove f4b8 perft 695555 nodes 274459 time 23 nps 11568504
info currmovenumber 12 currmove f4c7 perft 849461 nodes 291587 time 25 nps 11545607
info currmovenumber 13 currmove f4d6 perft 834696 nodes 307585 time 26 nps 11531023
info currmovenumber 14 currmove f4h6 perft 774908 nodes 326323 time 28 nps 11512385
info currmovenumber 15 currmove f4e5 perft 830184 nodes 342133 time 29 nps 11482559
info currmovenumber 16 currmove f4g5 perft 845313 nodes 360159 time 31 nps 11454414
info currmovenumber 17 currmove f4e3 perft 769670 nodes 376676 time 32 nps 11444259
info currmovenumber 18 currmove g2f3 perft 916122 nodes 390882 time 34 nps 11422322
info currmovenumber 19 currmove g2h3 perft 868271 nodes 403656 time 35 nps 11399191
info currmovenumber 20 currmove g2f1 perft 906716 nodes 418981 time 36 nps 11385112
info currmovenumber 21 currmove d2c4 perft 1226344 nodes 436854 time 38 nps 11374371
info currmovenumber 22 currmove d2b3 perft 921727 nodes 449153 time 39 nps 11362050
info currmovenumber 23 currmove d2f3 perft 930655 nodes 461642 time 40 nps 11357888
info currmovenumber 24 currmove d2b1 perft 744536 nodes 473229 time 41 nps 11351571
info currmovenumber 25 currmove d2f1 perft 698730 nodes 483897 time 42 nps 11341529
info currmovenumber 26 currmove e4d5 perft 1020488 nodes 496158 time 43 nps 11331185
info currmovenumber 27 currmove e4e5 perft 793857 nodes 506616 time 44 nps 11322294
info currmovenumber 28 currmove g3g4 perft 962498 nodes 515158 time 45 nps 11310851
info currmovenumber 29 currmove f2f3 perft 808267 nodes 521004 time 46 nps 11302096
info currmovenumber 30 currmove a2a4 perft 933725 nodes 550168 time 48 nps 11321535
info currmovenumber 31 currmove a2a3 perft 1008885 nodes 556092 time 49 nps 11315736
info currmovenumber 32 currmove h2h4 perft 958286 nodes 561865 time 49 nps 11304361
info currmovenumber 33 currmove h2h3 perft 860698 nodes 566001 time 50 nps 11297971
info depth 5 perft 29179893
info hwrites 19423 hhits 12485 hreads 31908 hhitratio 391
bestmove 0000
>set UCI_Chess960 false
>position fen rnbqkbnr/pppppppp///4P//PPPP1PPP/RNBQKBNR b qkQK e3 0 1 moves g8h6 e4e5 f7f5
>isready
info eval score cp 53 fen rnbqkb1r/ppppp1pp/7n/4Pp2/8/8/PPPP1PPP/RNBQKBNR w KQkq f6 0 3
readyok
>perft 6
info currmovenumber 1 currmove e1e2 perft 5390634 nodes 160431 time 17 nps 9285300
info currmovenumber 2 currmove d1h5 perft 979924 nodes 209982 time 22 nps 9289780
info currmovenumber 3 currmove d1g4 perft 13618644 nodes 626269 time 66 nps 9430857
info currmovenumber 4 currmove d1f3 perft 13202224 nodes 963868 time 101 nps 9464771
info currmovenumber 5 currmove d1e2 perft 8190360 nodes 1140903 time 120 nps 9431510
info currmovenumber 6 currmove f1a6 perft 7332653 nodes 1352158 time 143 nps 9442146
info currmovenumber 7 currmove f1b5 perft 6291500 nodes 1516726 time 160 nps 9433185
info currmovenumber 8 currmove f1c4 perft 8507348 nodes 1729027 time 182 nps 9448747
info currmovenumber 9 currmove f1d3 perft 8144206 nodes 1917832 time 202 nps 9460441
info currmovenumber 10 currmove f1e2 perft 6639258 nodes 2082544 time 220 nps 9457480
info currmovenumber 11 currmove b1a3 perft 7535899 nodes 2234401 time 236 nps 9455124
info currmovenumber 12 currmove b1c3 perft 9044741 nodes 2415671 time 254 nps 9473894
info currmovenumber 13 currmove g1f3 perft 6716187 nodes 2547281 time 269 nps 9465345
info currmovenumber 14 currmove g1h3 perft 7267772 nodes 2667646 time 282 nps 9459517
info currmovenumber 15 currmove g1e2 perft 5179235 nodes 2785358 time 294 nps 9459448
info currmovenumber 16 currmove e5e6 perft 5979034 nodes 2886753 time 305 nps 9461128
info currmovenumber 17 currmove e5f6 perft 12010133 nodes 3199735 time 337 nps 9470417
info currmovenumber 18 currmove d2d4 perft 11790960 nodes 3429074 time 362 nps 9468778
info currmovenumber 19 currmove d2d3 perft 9141051 nodes 3611212 time 381 nps 9464891
info currmovenumber 20 currmove c2c4 perft 7336306 nodes 3731368 time 394 nps 9461725
info currmovenumber 21 currmove c2c3 perft 7969295 nodes 3849101 time 406 nps 9462280
info currmovenumber 22 currmove f2f4 perft 6255103 nodes 3935273 time 416 nps 9459475
info currmovenumber 23 currmove f2f3 perft 5977053 nodes 4009605 time 423 nps 9458977
info currmovenumber 24 currmove b2b4 perft 8111112 nodes 4090064 time 432 nps 9455217
info currmovenumber 25 currmove b2b3 perft 8104141 nodes 4170104 time 440 nps 9456218
info currmovenumber 26 currmove g2g4 perft 8527339 nodes 4249826 time 449 nps 9451375
info currmovenumber 27 currmove g2g3 perft 8056798 nodes 4311448 time 456 nps 9451271
info currmovenumber 28 currmove a2a4 perft 8175355 nodes 4368066 time 462 nps 9449516
info currmovenumber 29 currmove a2a3 perft 7140492 nodes 4404375 time 466 nps 9448869
info currmovenumber 30 currmove h2h4 perft 8277323 nodes 4444994 time 470 nps 9447099
info currmovenumber 31 currmove h2h3 perft 7171219 nodes 4466746 time 472 nps 9445460
info depth 6 perft 244063299
info hwrites 144353 hhits 83144 hreads 227497 hhitratio 365
bestmove 0000
>position fen 8/PPP4k/8/8/8/8/4Kppp/8 w - - 0 1
>perft 6
info currmovenumber 1 currmove e2d3 perft 2288102 nodes 74525 time 5 nps 13584044
info currmovenumber 2 currmove e2e3 perft 2257286 nodes 134796 time 9 nps 13570331
info currmovenumber 3 currmove e2f3 perft 1678369 nodes 178681 time 13 nps 13555023
info currmovenumber 4 currmove e2d2 perft 2164860 nodes 231282 time 17 nps 13502085
info currmovenumber 5 currmove e2f2 perft 721536 nodes 262444 time 19 nps 13541461
info currmovenumber 6 currmove e2d1 perft 845169 nodes 281833 time 20 nps 13506281
info currmovenumber 7 currmove c7c8q perft 2788607 nodes 376575 time 28 nps 13399777
info currmovenumber 8 currmove c7c8r perft 2589529 nodes 450827 time 33 nps 13335802
info currmovenumber 9 currmove c7c8b perft 1772616 nodes 493902 time 37 nps 13304634
info currmovenumber 10 currmove c7c8n perft 1510152 nodes 528861 time 39 nps 13333364
info currmovenumber 11 currmove b7b8q perft 2659713 nodes 595119 time 44 nps 13292566
info currmovenumber 12 currmove b7b8r perft 2713309 nodes 657416 time 49 nps 13280991
info currmovenumber 13 currmove b7b8b perft 1161336 nodes 669979 time 50 nps 13278381
info currmovenumber 14 currmove b7b8n perft 1507749 nodes 692956 time 52 nps 13299484
info currmovenumber 15 currmove a7a8q perft 2713687 nodes 744159 time 56 nps 13278175
info currmovenumber 16 currmove a7a8r perft 2681805 nodes 791358 time 59 nps 13272840
info currmovenumber 17 currmove a7a8b perft 1101674 nodes 792628 time 59 nps 13267641
info currmovenumber 18 currmove a7a8n perft 1181278 nodes 797106 time 60 nps 13269430
info depth 6 perft 34336777
info hwrites 42712 hhits 18303 hreads 61015 hhitratio 299
bestmove 0000
>position fen 2rkr3/5PP1/8/5Q2/5q2/8/5pp1/2RKR3 w KQkq - 0 1
>perft 5
info currmovenumber 1 currmove f5c8 perft 0 nodes 1 nps 330578
info currmovenumber 2 currmove f5d7 perft 33556 nodes 1422 nps 9244571
info currmovenumber 3 currmove f5h7 perft 2479500 nodes 78998 time 6 nps 11360136
info currmovenumber 4 currmove f5e6 perft 2455405 nodes 138045 time 12 nps 11257071
info currmovenumber 5 currmove f5f6 perft 153636 nodes 142369 time 12 nps 11236695
info currmovenumber 6 currmove f5g6 perft 2790851 nodes 203826 time 18 nps 11241966
info currmovenumber 7 currmove f5a5 perft 195684 nodes 208224 time 18 nps 11226920
info currmovenumber 8 currmove f5b5 perft 3043932 nodes 273746 time 24 nps 11206091
info currmovenumber 9 currmove f5c5 perft 2430292 nodes 326919 time 29 nps 11165640
info currmovenumber 10 currmove f5d5 perft 25922 nodes 327821 time 29 nps 11155549
info currmovenumber 11 currmove f5e5 perft 2332455 nodes 372350 time 33 nps 11164752
info currmovenumber 12 currmove f5g5 perft 209901 nodes 376803 time 33 nps 11159289
info currmovenumber 13 currmove f5h5 perft 2856956 nodes 431168 time 38 nps 11186536
info currmovenumber 14 currmove f5e4 perft 2692578 nodes 473391 time 42 nps 11176220
info currmovenumber 15 currmove f5f4 perft 1290723 nodes 506239 time 45 nps 11171856
info currmovenumber 16 currmove f5g4 perft 2452540 nodes 553789 time 49 nps 11139423
info currmovenumber 17 currmove f5d3 perft 52493 nodes 555665 time 49 nps 11132575
info currmovenumber 18 currmove f5h3 perft 2929122 nodes 605493 time 54 nps 11138140
info currmovenumber 19 currmove f5c2 perft 2370891 nodes 646644 time 58 nps 11148228
info currmovenumber 20 currmove f5b1 perft 2490353 nodes 694566 time 62 nps 11170191
info currmovenumber 21 currmove e1e8 perft 0 nodes 694567 time 62 nps 11168445
info currmovenumber 22 currmove e1e7 perft 1864744 nodes 738270 time 66 nps 11178579
info currmovenumber 23 currmove e1e6 perft 2063082 nodes 778565 time 69 nps 11190869
info currmovenumber 24 currmove e1e5 perft 1552918 nodes 808427 time 72 nps 11196842
info currmovenumber 25 currmove e1e4 perft 1726492 nodes 839721 time 75 nps 11190640
info currmovenumber 26 currmove e1e3 perft 2368041 nodes 879148 time 78 nps 11170488
info currmovenumber 27 currmove e1e2 perft 2297688 nodes 916397 time 82 nps 11156319
info currmovenumber 28 currmove e1f1 perft 1891641 nodes 953162 time 85 nps 11162900
info currmovenumber 29 currmove e1g1 perft 1734862 nodes 989151 time 88 nps 11167929
info currmovenumber 30 currmove e1h1 perft 2417856 nodes 1035681 time 92 nps 11173169
info currmovenumber 31 currmove c1c8 perft 0 nodes 1035682 time 92 nps 11171970
info currmovenumber 32 currmove c1c7 perft 2248193 nodes 1077136 time 96 nps 11155435
info currmovenumber 33 currmove c1c6 perft 2673833 nodes 1116156 time 100 nps 11141800
info currmovenumber 34 currmove c1c5 perft 2354672 nodes 1147395 time 103 nps 11128591
info currmovenumber 35 currmove c1c4 perft 2621856 nodes 1180454 time 106 nps 11108683
info currmovenumber 36 currmove c1c3 perft 3099575 nodes 1219579 time 109 nps 11093694
info currmovenumber 37 currmove c1c2 perft 2812131 nodes 1253200 time 113 nps 11076719
info currmovenumber 38 currmove c1a1 perft 2897670 nodes 1285922 time 116 nps 11072160
info currmovenumber 39 currmove c1b1 perft 2777859 nodes 1316132 time 118 nps 11066647
info currmovenumber 40 currmove f7e8q perft 0 nodes 1316133 time 118 nps 11065716
info currmovenumber 41 currmove f7f8q perft 2131021 nodes 1338460 time 121 nps 11053997
info currmovenumber 42 currmove f7e8r perft 0 nodes 1338461 time 121 nps 11053092
info currmovenumber 43 currmove f7f8r perft 1815185 nodes 1356020 time 122 nps 11046272
info currmovenumber 44 currmove f7e8b perft 1926880 nodes 1378742 time 124 nps 11041821
info currmovenumber 45 currmove f7f8b perft 2393335 nodes 1401889 time 127 nps 11035088
info currmovenumber 46 currmove f7e8n perft 1630289 nodes 1419527 time 128 nps 11031157
info currmovenumber 47 currmove f7f8n perft 2285926 nodes 1441205 time 130 nps 11028786
info currmovenumber 48 currmove g7g8q perft 2524925 nodes 1460681 time 132 nps 11018639
info currmovenumber 49 currmove g7g8r perft 2392543 nodes 1478253 time 134 nps 11011122
info currmovenumber 50 currmove g7g8b perft 2202248 nodes 1487427 time 135 nps 11003616
info currmovenumber 51 currmove g7g8n perft 2377894 nodes 1500102 time 136 nps 10998617
info depth 5 perft 94370149
info hwrites 45585 hhits 27081 hreads 72666 hhitratio 372
bestmove 0000
>set UCI_Chess960 true
>position fen bnrbnkrq/pppppppp/8/8/8/8/PPPPPPPP/BNRBNKRQ w CGkq - 0 1
>perft 6
info currmovenumber 1 currmove f1g1 perft 5384650 nodes 137301 time 15 nps 9063564
info currmovenumber 2 currmove e1d3 perft 6871686 nodes 306819 time 33 nps 9216038
info currmovenumber 3 currmove e1f3 perft 6591849 nodes 455677 time 49 nps 9216383
info currmovenumber 4 currmove b1a3 perft 5949256 nodes 580338 time 62 nps 9229457
info currmovenumber 5 currmove b1c3 perft 6666016 nodes 714391 time 76 nps 9287792
info currmovenumber 6 currmove d2d4 perft 5771449 nodes 836861 time 90 nps 9276267
info currmovenumber 7 currmove d2d3 perft 5400151 nodes 948790 time 102 nps 9258002
info currmovenumber 8 currmove e2e4 perft 7751988 nodes 1094818 time 118 nps 9225346
info currmovenumber 9 currmove e2e3 perft 7990495 nodes 1242920 time 134 nps 9223038
info currmovenumber 10 currmove c2c4 perft 8688295 nodes 1396575 time 151 nps 9215718
info currmovenumber 11 currmove c2c3 perft 7253962 nodes 1518835 time 164 nps 9217620
info currmovenumber 12 currmove f2f4 perft 6017884 nodes 1601392 time 174 nps 9152539
info currmovenumber 13 currmove f2f3 perft 5207105 nodes 1668640 time 182 nps 9155400
info currmovenumber 14 currmove b2b4 perft 7975710 nodes 1774655 time 193 nps 9158080
info currmovenumber 15 currmove b2b3 perft 7922212 nodes 1879238 time 205 nps 9165317
info currmovenumber 16 currmove g2g4 perft 11178440 nodes 2030124 time 221 nps 9148293
info currmovenumber 17 currmove g2g3 perft 10455634 nodes 2164358 time 236 nps 9141180
info currmovenumber 18 currmove a2a4 perft 5390516 nodes 2190888 time 239 nps 9140175
info currmovenumber 19 currmove a2a3 perft 4961804 nodes 2209620 time 241 nps 9140378
info currmovenumber 20 currmove h2h4 perft 6613405 nodes 2236449 time 244 nps 9135995
info currmovenumber 21 currmove h2h3 perft 5956752 nodes 2251827 time 246 nps 9134953
info depth 6 perft 145999259
info hwrites 89481 hhits 59351 hreads 148832 hhitratio 398
bestmove 0000
>position fen rbknqnbr/pppppppp/8/8/8/8/PPPPPPPP/RBKNQNBR w ahKQ - 0 1
>perft 6
info currmovenumber 1 currmove d1c3 perft 6222344 nodes 164935 time 17 nps 9361787
info currmovenumber 2 currmove d1e3 perft 5864998 nodes 307238 time 32 nps 9350242
info currmovenumber 3 currmove f1e3 perft 5452108 nodes 439188 time 47 nps 9336824
info currmovenumber 4 currmove f1g3 perft 5500248 nodes 557009 time 59 nps 9293245
info currmovenumber 5 currmove d2d4 perft 7551236 nodes 725907 time 78 nps 9244591
info currmovenumber 6 currmove d2d3 perft 7529270 nodes 892605 time 96 nps 9208869
info currmovenumber 7 currmove e2e4 perft 5779858 nodes 1015541 time 110 nps 9188356
info currmovenumber 8 currmove e2e3 perft 4262269 nodes 1101330 time 120 nps 9177288
info currmovenumber 9 currmove c2c4 perft 7764364 nodes 1257070 time 137 nps 9160643
info currmovenumber 10 currmove c2c3 perft 7261035 nodes 1399329 time 152 nps 9149479
info currmovenumber 11 currmove f2f4 perft 9453215 nodes 1565630 time 171 nps 9129573
info currmovenumber 12 currmove f2f3 perft 9653727 nodes 1733065 time 189 nps 9122495
info currmovenumber 13 currmove b2b4 perft 5552051 nodes 1793648 time 196 nps 9118416
info currmovenumber 14 currmove b2b3 perft 5492519 nodes 1852066 time 203 nps 9118003
info currmovenumber 15 currmove g2g4 perft 4765131 nodes 1891096 time 207 nps 9112783
info currmovenumber 16 currmove g2g3 perft 4222402 nodes 1920869 time 210 nps 9108976
info currmovenumber 17 currmove a2a4 perft 6107433 nodes 1965301 time 215 nps 9102974
info currmovenumber 18 currmove a2a3 perft 5592329 nodes 1999795 time 219 nps 9100964
info currmovenumber 19 currmove h2h4 perft 6477291 nodes 2036264 time 223 nps 9094037
info currmovenumber 20 currmove h2h3 perft 5976212 nodes 2063141 time 226 nps 9089199
info depth 6 perft 126480040
info hwrites 82387 hhits 50921 hreads 133308 hhitratio 381
bestmove 0000
>position fen qbrnnkbr/pppppppp/8/8/8/8/PPPPPPPP/QBRNNKBR w KQkq - 0 1
>perft 6
info currmovenumber 1 currmove d1c3 perft 5662221 nodes 149564 time 15 nps 9530525
info currmovenumber 2 currmove d1e3 perft 5829003 nodes 290530 time 30 nps 9473423
info currmovenumber 3 currmove e1d3 perft 5805946 nodes 424463 time 44 nps 9488133
info currmovenumber 4 currmove e1f3 perft 5698656 nodes 548407 time 57 nps 9516207
info currmovenumber 5 currmove d2d4 perft 4479130 nodes 648971 time 68 nps 9463388
info currmovenumber 6 currmove d2d3 perft 4067554 nodes 738975 time 78 nps 9435317
info currmovenumber 7 currmove e2e4 perft 4876506 nodes 839561 time 89 nps 9423130
info currmovenumber 8 currmove e2e3 perft 4449419 nodes 927930 time 98 nps 9418077
info currmovenumber 9 currmove c2c4 perft 8769552 nodes 1109520 time 118 nps 9345862
info currmovenumber 10 currmove c2c3 perft 7618368 nodes 1260921 time 135 nps 9301351
info currmovenumber 11 currmove f2f4 perft 8060064 nodes 1409165 time 151 nps 9287065
info currmovenumber 12 currmove f2f3 perft 7587173 nodes 1544469 time 166 nps 9279585
info currmovenumber 13 currmove b2b4 perft 7564371 nodes 1657519 time 178 nps 9279855
info currmovenumber 14 currmove b2b3 perft 7450972 nodes 1768015 time 190 nps 9278091
info currmovenumber 15 currmove g2g4 perft 5427135 nodes 1814549 time 195 nps 9280272
info currmovenumber 16 currmove g2g3 perft 5327877 nodes 1859038 time 200 nps 9281177
info currmovenumber 17 currmove a2a4 perft 5973602 nodes 1903475 time 205 nps 9271588
info currmovenumber 18 currmove a2a3 perft 5504271 nodes 1938151 time 209 nps 9269106
info currmovenumber 19 currmove h2h4 perft 5982836 nodes 1968102 time 212 nps 9263385
info currmovenumber 20 currmove h2h3 perft 5478500 nodes 1988785 time 214 nps 9259881
info depth 6 perft 121613156
info hwrites 80537 hhits 50344 hreads 130881 hhitratio 384
bestmove 0000
>position fen nqbnrbkr/pppppppp/8/8/8/8/PPPPPPPP/NQBNRBKR w KQkq - 0 1
>perft 6
info currmovenumber 1 currmove d1c3 perft 4626221 nodes 128388 time 13 nps 9294618
info currmovenumber 2 currmove d1e3 perft 4529888 nodes 243686 time 26 nps 9323165
info currmovenumber 3 currmove a1b3 perft 4709774 nodes 356638 time 38 nps 9296343
info currmovenumber 4 currmove d2d4 perft 5527448 nodes 491697 time 53 nps 9211600
info currmovenumber 5 currmove d2d3 perft 5376279 nodes 620841 time 67 nps 9159616
info currmovenumber 6 currmove e2e4 perft 6424166 nodes 771238 time 84 nps 9141913
info currmovenumber 7 currmove e2e3 perft 5444232 nodes 898124 time 98 nps 9130504
info currmovenumber 8 currmove c2c4 perft 6164398 nodes 1032852 time 112 nps 9140735
info currmovenumber 9 currmove c2c3 perft 5729588 nodes 1154537 time 126 nps 9150351
info currmovenumber 10 currmove f2f4 perft 4250762 nodes 1218887 time 133 nps 9143220
info currmovenumber 11 currmove f2f3 perft 4322943 nodes 1281793 time 140 nps 9136470
info currmovenumber 12 currmove b2b4 perft 5565823 nodes 1367745 time 149 nps 9121497
info currmovenumber 13 currmove b2b3 perft 4746410 nodes 1433977 time 157 nps 9108663
info currmovenumber 14 currmove g2g4 perft 4765098 nodes 1483021 time 162 nps 9101499
info currmovenumber 15 currmove g2g3 perft 4791415 nodes 1531640 time 168 nps 9098328
info currmovenumber 16 currmove a2a4 perft 3959132 nodes 1554181 time 170 nps 9093166
info currmovenumber 17 currmove a2a3 perft 3948972 nodes 1576122 time 173 nps 9090086
info currmovenumber 18 currmove h2h4 perft 4739208 nodes 1600935 time 176 nps 9084742
info currmovenumber 19 currmove h2h3 perft 4267199 nodes 1617072 time 178 nps 9082641
info depth 6 perft 93888956
info hwrites 68209 hhits 41745 hreads 109954 hhitratio 379
bestmove 0000
>position fen nrnkbqrb/pppppppp/8/8/8/8/PPPPPPPP/NRNKBQRB w KQkq - 0 1
>perft 6
info currmovenumber 1 currmove c1b3 perft 4670341 nodes 130182 time 13 nps 9389197
info currmovenumber 2 currmove c1d3 perft 5388264 nodes 266925 time 28 nps 9411899
info currmovenumber 3 currmove a1b3 perft 4428006 nodes 378424 time 40 nps 9420375
info currmovenumber 4 currmove d2d4 perft 5505872 nodes 519432 time 55 nps 9327896
info currmovenumber 5 currmove d2d3 perft 5090157 nodes 646533 time 69 nps 9288494
info currmovenumber 6 currmove e2e4 perft 6619971 nodes 795140 time 86 nps 9234739
info currmovenumber 7 currmove e2e3 perft 6683675 nodes 944101 time 102 nps 9205347
info currmovenumber 8 currmove c2c4 perft 4411656 nodes 1022861 time 111 nps 9199634
info currmovenumber 9 currmove c2c3 perft 4325341 nodes 1099306 time 119 nps 9200814
info currmovenumber 10 currmove f2f4 perft 5848440 nodes 1197271 time 130 nps 9179886
info currmovenumber 11 currmove f2f3 perft 5158869 nodes 1278790 time 139 nps 9169367
info currmovenumber 12 currmove b2b4 perft 4504779 nodes 1346894 time 146 nps 9165951
info currmovenumber 13 currmove b2b3 perft 3396536 nodes 1389429 time 151 nps 9163088
info currmovenumber 14 currmove g2g4 perft 8115924 nodes 1509680 time 165 nps 9143180
info currmovenumber 15 currmove g2g3 perft 7418288 nodes 1614737 time 176 nps 9132854
info currmovenumber 16 currmove a2a4 perft 4045605 nodes 1636388 time 179 nps 9129230
info currmovenumber 17 currmove a2a3 perft 4060883 nodes 1657717 time 181 nps 9128086
info currmovenumber 18 currmove h2h4 perft 3691602 nodes 1663479 time 182 nps 9125461
info currmovenumber 19 currmove h2h3 perft 3680521 nodes 1668764 time 182 nps 9123154
info depth 6 perft 97044730
info hwrites 68997 hhits 41868 hreads 110865 hhitratio 377
bestmove 0000
>position fen rbbknnqr/pppppppp/8/8/8/8/PPPPPPPP/RBBKNNQR w KQkq - 0 1
>perft 6
info currmovenumber 1 currmove e1d3 perft 5699687 nodes 152278 time 16 nps 9421557
info currmovenumber 2 currmove e1f3 perft 5827956 nodes 293860 time 31 nps 9441791
info currmovenumber 3 currmove f1e3 perft 5815797 nodes 427156 time 45 nps 9331619
info currmovenumber 4 currmove f1g3 perft 5466351 nodes 544364 time 58 nps 9296491
info currmovenumber 5 currmove d2d4 perft 7670119 nodes 726388 time 78 nps 9260168
info currmovenumber 6 currmove d2d3 perft 7084052 nodes 892209 time 96 nps 9231588
info currmovenumber 7 currmove e2e4 perft 5044308 nodes 991825 time 107 nps 9222327
info currmovenumber 8 currmove e2e3 perft 4447711 nodes 1078225 time 116 nps 9217218
info currmovenumber 9 currmove c2c4 perft 8160119 nodes 1234194 time 134 nps 9202015
info currmovenumber 10 currmove c2c3 perft 8274795 nodes 1389477 time 151 nps 9187817
info currmovenumber 11 currmove f2f4 perft 7479051 nodes 1525045 time 166 nps 9182875
info currmovenumber 12 currmove f2f3 perft 7113119 nodes 1648631 time 179 nps 9170000
info currmovenumber 13 currmove b2b4 perft 5583381 nodes 1710437 time 186 nps 9170595
info currmovenumber 14 currmove b2b3 perft 5519854 nodes 1771143 time 193 nps 9170001
info currmovenumber 15 currmove g2g4 perft 6152911 nodes 1839122 time 200 nps 9160636
info currmovenumber 16 currmove g2g3 perft 5072371 nodes 1885419 time 205 nps 9154322
info currmovenumber 17 currmove a2a4 perft 6042652 nodes 1929399 time 210 nps 9148411
info currmovenumber 18 currmove a2a3 perft 5498304 nodes 1963487 time 214 nps 9145344
info currmovenumber 19 currmove h2h4 perft 6486895 nodes 2000741 time 218 nps 9138684
info currmovenumber 20 currmove h2h3 perft 5941963 nodes 2027794 time 221 nps 9135878
info depth 6 perft 124381396
info hwrites 81706 hhits 50920 hreads 132626 hhitratio 383
bestmove 0000
>position fen r1k1r2q/p1ppp1pp/8/8/8/8/P1PPP1PP/R1K1R2Q w KQkq -
>perft 6
info currmovenumber 1 currmove c1b2 perft 7716113 nodes 201729 time 19 nps 10192337
info currmovenumber 2 currmove c1b1 perft 5287176 nodes 329433 time 32 nps 10137209
info currmovenumber 3 currmove c1d1 perft 5355821 nodes 458277 time 45 nps 10146459
info currmovenumber 4 currmove h1f1 perft 9532246 nodes 678089 time 66 nps 10131420
info currmovenumber 5 currmove h1g1 perft 10123479 nodes 892462 time 88 nps 10120651
info currmovenumber 6 currmove c1e1 perft 9180393 nodes 1124815 time 110 nps 10136247
info currmovenumber 7 currmove e1d1 perft 6271163 nodes 1252876 time 123 nps 10137010
info currmovenumber 8 currmove e1f1 perft 9534409 nodes 1445758 time 142 nps 10155076
info currmovenumber 9 currmove e1g1 perft 5560154 nodes 1544082 time 151 nps 10165674
info currmovenumber 10 currmove a1b1 perft 8535014 nodes 1708818 time 167 nps 10201812
info currmovenumber 11 currmove c1a1 perft 4733447 nodes 1794075 time 175 nps 10196843
info currmovenumber 12 currmove d2d4 perft 7075489 nodes 1893773 time 185 nps 10183486
info currmovenumber 13 currmove d2d3 perft 7096357 nodes 1991511 time 195 nps 10174427
info currmovenumber 14 currmove e2e4 perft 7712927 nodes 2084837 time 205 nps 10166674
info currmovenumber 15 currmove e2e3 perft 7035923 nodes 2166579 time 213 nps 10164562
info currmovenumber 16 currmove c2c4 perft 7008068 nodes 2234001 time 219 nps 10159159
info currmovenumber 17 currmove c2c3 perft 7117319 nodes 2301344 time 226 nps 10154592
info currmovenumber 18 currmove g2g4 perft 9171407 nodes 2407725 time 237 nps 10149266
info currmovenumber 19 currmove g2g3 perft 9195544 nodes 2513945 time 247 nps 10149080
info currmovenumber 20 currmove a2a4 perft 7644067 nodes 2557250 time 252 nps 10142715
info currmovenumber 21 currmove a2a3 perft 7066835 nodes 2590505 time 255 nps 10138400
info currmovenumber 22 currmove h2h4 perft 7749409 nodes 2620975 time 258 nps 10131014
info currmovenumber 23 currmove h2h3 perft 7140729 nodes 2640310 time 260 nps 10128679
info depth 6 perft 172843489
info hwrites 106102 hhits 73019 hreads 179121 hhitratio 407
bestmove 0000
>position fen r1k2r1q/p1ppp1pp/8/8/8/8/P1PPP1PP/R1K2R1Q w KQkq - 0 1
>perft 6
info currmovenumber 1 currmove c1b2 perft 18679872 nodes 400893 time 39 nps 10078222
info currmovenumber 2 currmove c1b1 perft 12205218 nodes 649133 time 64 nps 10056085
info currmovenumber 3 currmove c1d1 perft 13347851 nodes 927704 time 91 nps 10095721
info currmovenumber 4 currmove h1g1 perft 21405374 nodes 1351371 time 133 nps 10084867
info currmovenumber 5 currmove f1f8 perft 916978 nodes 1384454 time 137 nps 10084868
info currmovenumber 6 currmove f1f7 perft 11006043 nodes 1620270 time 159 nps 10137321
info currmovenumber 7 currmove f1f6 perft 16381350 nodes 1911708 time 187 nps 10172399
info currmovenumber 8 currmove f1f5 perft 17181003 nodes 2201937 time 216 nps 10185202
info currmovenumber 9 currmove f1f4 perft 19243863 nodes 2513065 time 246 nps 10183943
info currmovenumber 10 currmove f1f3 perft 20702065 nodes 2838213 time 278 nps 10177812
info currmovenumber 11 currmove f1f2 perft 15035922 nodes 3046885 time 299 nps 10181796
info currmovenumber 12 currmove f1d1 perft 11521031 nodes 3206794 time 315 nps 10171827
info currmovenumber 13 currmove f1e1 perft 12274064 nodes 3391190 time 333 nps 10164430
info currmovenumber 14 currmove f1g1 perft 9825966 nodes 3509716 time 345 nps 10164645
info currmovenumber 15 currmove a1b1 perft 17352612 nodes 3766496 time 369 nps 10181356
info currmovenumber 16 currmove c1a1 perft 12896308 nodes 3937097 time 387 nps 10170374
info currmovenumber 17 currmove d2d4 perft 15133295 nodes 4098313 time 403 nps 10160769
info currmovenumber 18 currmove d2d3 perft 15170473 nodes 4256979 time 419 nps 10153203
info currmovenumber 19 currmove e2e4 perft 13993592 nodes 4372612 time 430 nps 10146581
info currmovenumber 20 currmove e2e3 perft 13893912 nodes 4489569 time 442 nps 10142544
info currmovenumber 21 currmove c2c4 perft 15016454 nodes 4601375 time 454 nps 10135154
info currmovenumber 22 currmove c2c3 perft 15225756 nodes 4713216 time 465 nps 10130797
info currmovenumber 23 currmove g2g4 perft 18464391 nodes 4876966 time 481 nps 10123019
info currmovenumber 24 currmove g2g3 perft 18507959 nodes 5040562 time 498 nps 10118231
info currmovenumber 25 currmove a2a4 perft 16218247 nodes 5114253 time 505 nps 10114744
info currmovenumber 26 currmove a2a3 perft 15127393 nodes 5172549 time 511 nps 10112205
info currmovenumber 27 currmove h2h4 perft 16435151 nodes 5226005 time 517 nps 10106076
info currmovenumber 28 currmove h2h3 perft 15268455 nodes 5262342 time 520 nps 10103983
info depth 6 perft 418430598
info hwrites 188090 hhits 137889 hreads 325979 hhitratio 422
bestmove 0000
>position fen 8/8/8/4B2b/6nN/8/5P2/2R1K2k w Q - 0 1
>perft 6
info currmovenumber 1 currmove e1d2 perft 0 nodes 1 nps 388349
info currmovenumber 2 currmove e1e2 perft 0 nodes 2 nps 222543
info currmovenumber 3 currmove e1d1 perft 598958 nodes 36602 time 2 nps 15329608
info currmovenumber 4 currmove e1f1 perft 872766 nodes 87477 time 5 nps 15425172
info currmovenumber 5 currmove c1c8 perft 1972915 nodes 184955 time 11 nps 15725297
info currmovenumber 6 currmove c1c7 perft 1839007 nodes 261210 time 16 nps 15752926
info currmovenumber 7 currmove c1c6 perft 1896172 nodes 338149 time 21 nps 15787869
info currmovenumber 8 currmove c1c5 perft 1717946 nodes 403979 time 25 nps 15795232
info currmovenumber 9 currmove c1c4 perft 1829021 nodes 477082 time 30 nps 15765117
info currmovenumber 10 currmove c1c3 perft 1671631 nodes 542742 time 34 nps 15746054
info currmovenumber 11 currmove c1c2 perft 1692721 nodes 608097 time 38 nps 15730517
info currmovenumber 12 currmove c1a1 perft 1468103 nodes 659626 time 42 nps 15700350
info currmovenumber 13 currmove c1b1 perft 1506217 nodes 710834 time 45 nps 15691682
info currmovenumber 14 currmove c1d1 perft 1435920 nodes 757294 time 48 nps 15672100
info currmovenumber 15 currmove e1c1 perft 0 nodes 757295 time 48 nps 15668937
info currmovenumber 16 currmove e5b8 perft 1111733 nodes 794239 time 50 nps 15661015
info currmovenumber 17 currmove e5h8 perft 1291335 nodes 832210 time 53 nps 15653931
info currmovenumber 18 currmove e5c7 perft 1134380 nodes 859518 time 54 nps 15641966
info currmovenumber 19 currmove e5g7 perft 1468257 nodes 891925 time 57 nps 15631045
info currmovenumber 20 currmove e5d6 perft 1435739 nodes 922258 time 59 nps 15620740
info currmovenumber 21 currmove e5f6 perft 1514512 nodes 950246 time 60 nps 15588836
info currmovenumber 22 currmove e5d4 perft 1637892 nodes 977547 time 62 nps 15575784
info currmovenumber 23 currmove e5f4 perft 1288458 nodes 996401 time 64 nps 15558273
info currmovenumber 24 currmove e5c3 perft 1101675 nodes 1014488 time 65 nps 15542406
info currmovenumber 25 currmove e5g3 perft 1035797 nodes 1031167 time 66 nps 15530174
info currmovenumber 26 currmove e5b2 perft 1418843 nodes 1054969 time 67 nps 15517484
info currmovenumber 27 currmove e5h2 perft 1053052 nodes 1075345 time 69 nps 15512201
info currmovenumber 28 currmove e5a1 perft 1256253 nodes 1097259 time 70 nps 15507349
info currmovenumber 29 currmove h4g6 perft 1223973 nodes 1122019 time 72 nps 15494020
info currmovenumber 30 currmove h4f5 perft 2184789 nodes 1151786 time 74 nps 15475425
info currmovenumber 31 currmove h4f3 perft 1514127 nodes 1168338 time 75 nps 15459554
info currmovenumber 32 currmove h4g2 perft 1725470 nodes 1178809 time 76 nps 15443882
info currmovenumber 33 currmove f2f4 perft 1428003 nodes 1193177 time 77 nps 15427065
info currmovenumber 34 currmove f2f3 perft 1229174 nodes 1201245 time 77 nps 15417360
info depth 6 perft 44554839
info hwrites 48083 hhits 23261 hreads 71344 hhitratio 326
bestmove 0000
>position fen 2r5/8/8/8/8/8/6PP/k2KR3 w K - 0 1
>perft 7
info currmovenumber 1 currmove d1d2 perft 4940501 nodes 143808 time 10 nps 14064116
info currmovenumber 2 currmove d1e2 perft 3734447 nodes 215837 time 15 nps 13971433
info currmovenumber 3 currmove e1e8 perft 18260379 nodes 483283 time 34 nps 13821007
info currmovenumber 4 currmove e1e7 perft 27126995 nodes 629084 time 45 nps 13724432
info currmovenumber 5 currmove e1e6 perft 27203462 nodes 764769 time 55 nps 13694666
info currmovenumber 6 currmove e1e5 perft 27287357 nodes 900475 time 65 nps 13704719
info currmovenumber 7 currmove e1e4 perft 26834748 nodes 1032878 time 75 nps 13716749
info currmovenumber 8 currmove e1e3 perft 25865629 nodes 1159392 time 84 nps 13698497
info currmovenumber 9 currmove e1e2 perft 15959323 nodes 1229099 time 89 nps 13677683
info currmovenumber 10 currmove d1e1 perft 3463501 nodes 1325664 time 96 nps 13703358
info currmovenumber 11 currmove e1f1 perft 16551893 nodes 1383593 time 101 nps 13687075
info currmovenumber 12 currmove e1g1 perft 4971729 nodes 1420757 time 103 nps 13687312
info currmovenumber 13 currmove e1h1 perft 4971928 nodes 1453737 time 106 nps 13689411
info currmovenumber 14 currmove g2g4 perft 13033906 nodes 1477796 time 108 nps 13668034
info currmovenumber 15 currmove g2g3 perft 13114642 nodes 1499317 time 109 nps 13652295
info currmovenumber 16 currmove h2h4 perft 13109855 nodes 1509874 time 110 nps 13643477
info currmovenumber 17 currmove h2h3 perft 13173913 nodes 1519442 time 111 nps 13629835
info depth 7 perft 259604208
info hwrites 105908 hhits 192505 hreads 298413 hhitratio 645
bestmove 0000
>position fen 4r3/3k4/8/8/8/8/6PP/qR1K1R2 w KQ - 0 1
>perft 6
info currmovenumber 1 currmove d1c2 perft 24348139 nodes 397893 time 27 nps 14348286
info currmovenumber 2 currmove d1d2 perft 24972993 nodes 774987 time 53 nps 14389796
info currmovenumber 3 currmove d1c1 perft 14062509 nodes 976172 time 67 nps 14406751
info currmovenumber 4 currmove f1f8 perft 14480550 nodes 1216887 time 84 nps 14398360
info currmovenumber 5 currmove f1f7 perft 2255429 nodes 1259897 time 87 nps 14408343
info currmovenumber 6 currmove f1f6 perft 14548128 nodes 1442293 time 100 nps 14312719
info currmovenumber 7 currmove f1f5 perft 19621451 nodes 1665295 time 117 nps 14232890
info currmovenumber 8 currmove f1f4 perft 19991210 nodes 1888871 time 132 nps 14255648
info currmovenumber 9 currmove f1f3 perft 19745798 nodes 2110724 time 148 nps 14252370
info currmovenumber 10 currmove f1f2 perft 17391181 nodes 2297245 time 161 nps 14223915
info currmovenumber 11 currmove f1e1 perft 13187512 nodes 2424192 time 170 nps 14203872
info currmovenumber 12 currmove f1g1 perft 9460567 nodes 2536123 time 178 nps 14193969
info currmovenumber 13 currmove f1h1 perft 9542365 nodes 2637825 time 186 nps 14169941
info currmovenumber 14 currmove b1a1 perft 4310096 nodes 2709124 time 190 nps 14192345
info currmovenumber 15 currmove b1c1 perft 13283705 nodes 2836763 time 199 nps 14191223
info currmovenumber 16 currmove g2g4 perft 15060096 nodes 2949218 time 207 nps 14185615
info currmovenumber 17 currmove g2g3 perft 15012940 nodes 3061651 time 215 nps 14180756
info currmovenumber 18 currmove h2h4 perft 15007880 nodes 3151827 time 222 nps 14170831
info currmovenumber 19 currmove h2h3 perft 15048161 nodes 3242103 time 228 nps 14170547
info depth 6 perft 281330710
info hwrites 144365 hhits 118903 hreads 263268 hhitratio 451
bestmove 0000
>set UCI_Chess960 false
>position startpos moves e2e4 e7e5 f1c4 g8f6 d2d4 c7c6 d4e5 f6e4 g1e2 e4f2 e5e6 f8e7 e6d7 e8f8
>isready
info eval score cp 34 fen rnbq1k1r/pp1Pbppp/2p5/8/2B5/8/PPP1NnPP/RNBQK2R w KQ - 1 8
readyok
>perft 5
info currmovenumber 1 currmove e1d2 perft 1043007 nodes 34436 time 3 nps 8992510
info currmovenumber 2 currmove e1f2 perft 1667505 nodes 72517 time 7 nps 9313495
info currmovenumber 3 currmove e1f1 perft 2154511 nodes 122694 time 12 nps 9528048
info currmovenumber 4 currmove d1d6 perft 2229266 nodes 166813 time 17 nps 9518523
info currmovenumber 5 currmove d1d5 perft 2742654 nodes 216623 time 22 nps 9486332
info currmovenumber 6 currmove d1d4 perft 2920749 nodes 264764 time 28 nps 9445425
info currmovenumber 7 currmove d1d3 perft 2792521 nodes 308859 time 32 nps 9452195
info currmovenumber 8 currmove d1d2 perft 2109913 nodes 345377 time 36 nps 9454341
info currmovenumber 9 currmove e1g1 perft 1979843 nodes 388443 time 41 nps 9468438
info currmovenumber 10 currmove h1f1 perft 1911413 nodes 429420 time 45 nps 9490695
info currmovenumber 11 currmove h1g1 perft 1781002 nodes 466664 time 49 nps 9522270
info currmovenumber 12 currmove c1h6 perft 1748274 nodes 501262 time 52 nps 9535211
info currmovenumber 13 currmove c1g5 perft 2042591 nodes 537039 time 56 nps 9537717
info currmovenumber 14 currmove c1f4 perft 2380374 nodes 577223 time 60 nps 9546535
info currmovenumber 15 currmove c1e3 perft 2484771 nodes 618399 time 64 nps 9542542
info currmovenumber 16 currmove c1d2 perft 1894062 nodes 656257 time 68 nps 9550894
info currmovenumber 17 currmove c4f7 perft 1817665 nodes 688066 time 72 nps 9553205
info currmovenumber 18 currmove c4a6 perft 1644109 nodes 716691 time 74 nps 9564701
info currmovenumber 19 currmove c4e6 perft 2079471 nodes 751645 time 78 nps 9577438
info currmovenumber 20 currmove c4b5 perft 1832566 nodes 780997 time 81 nps 9587763
info currmovenumber 21 currmove c4d5 perft 1934045 nodes 811386 time 84 nps 9599909
info currmovenumber 22 currmove c4b3 perft 1686064 nodes 834709 time 86 nps 9603632
info currmovenumber 23 currmove c4d3 perft 1672391 nodes 862151 time 89 nps 9602317
info currmovenumber 24 currmove b1a3 perft 1777712 nodes 884345 time 92 nps 9599786
info currmovenumber 25 currmove b1c3 perft 2191455 nodes 909269 time 94 nps 9599215
info currmovenumber 26 currmove b1d2 perft 1450852 nodes 935765 time 97 nps 9605395
info currmovenumber 27 currmove e2d4 perft 2353001 nodes 964504 time 100 nps 9608759
info currmovenumber 28 currmove e2f4 perft 2274063 nodes 992280 time 103 nps 9611494
info currmovenumber 29 currmove e2c3 perft 2465011 nodes 1018365 time 106 nps 9607014
info currmovenumber 30 currmove e2g3 perft 2302529 nodes 1040912 time 108 nps 9600422
info currmovenumber 31 currmove e2g1 perft 2032466 nodes 1064449 time 110 nps 9594654
info currmovenumber 32 currmove d7c8q perft 2106366 nodes 1087715 time 113 nps 9588758
info currmovenumber 33 currmove d7c8r perft 1628284 nodes 1103128 time 115 nps 9587433
info currmovenumber 34 currmove d7c8b perft 2712122 nodes 1136293 time 118 nps 9585611
info currmovenumber 35 currmove d7c8n perft 2522065 nodes 1166526 time 121 nps 9586847
info currmovenumber 36 currmove c2c3 perft 2090166 nodes 1181646 time 123 nps 9585911
info currmovenumber 37 currmove b2b4 perft 1990854 nodes 1195052 time 124 nps 9583490
info currmovenumber 38 currmove b2b3 perft 1904400 nodes 1206875 time 125 nps 9581667
info currmovenumber 39 currmove g2g4 perft 1830854 nodes 1216815 time 127 nps 9577910
info currmovenumber 40 currmove g2g3 perft 1779903 nodes 1224557 time 127 nps 9574332
info currmovenumber 41 currmove a2a4 perft 2101105 nodes 1235945 time 129 nps 9570831
info currmovenumber 42 currmove a2a3 perft 1936679 nodes 1245214 time 130 nps 9566787
info currmovenumber 43 currmove h2h4 perft 2015932 nodes 1253641 time 131 nps 9559929
info currmovenumber 44 currmove h2h3 perft 1926608 nodes 1259658 time 131 nps 9554318
info depth 5 perft 89941194
info hwrites 37372 hhits 26411 hreads 63783 hhitratio 414
bestmove 0000
>stop
>position fen r3k2r/p1ppqpb1/bn2pnp1/3PN3/1p2P3/2N2Q1p/PPPBBPPP/R3K2R w KQkq - 0 25
>perft 5
info currmovenumber 1 currmove e1d1 perft 3559113 nodes 81885 time 9 nps 9009403
info currmovenumber 2 currmove e1f1 perft 3377351 nodes 159737 time 18 nps 8870141
info currmovenumber 3 currmove f3f6 perft 3975992 nodes 237002 time 26 nps 8859049
info currmovenumber 4 currmove f3f5 perft 5271134 nodes 340682 time 38 nps 8826867
info currmovenumber 5 currmove f3h5 perft 4743335 nodes 426309 time 48 nps 8812714
info currmovenumber 6 currmove f3f4 perft 4327936 nodes 503136 time 57 nps 8795553
info currmovenumber 7 currmove f3g4 perft 4514010 nodes 576089 time 65 nps 8799845
info currmovenumber 8 currmove f3d3 perft 3949570 nodes 651345 time 73 nps 8805442
info currmovenumber 9 currmove f3e3 perft 4477772 nodes 729646 time 82 nps 8792014
info currmovenumber 10 currmove f3g3 perft 4669768 nodes 806269 time 91 nps 8790162
info currmovenumber 11 currmove f3h3 perft 5067173 nodes 903701 time 103 nps 8770625
info currmovenumber 12 currmove a1b1 perft 3827454 nodes 969561 time 110 nps 8776437
info currmovenumber 13 currmove a1c1 perft 3814203 nodes 1031629 time 117 nps 8781801
info currmovenumber 14 currmove a1d1 perft 3568344 nodes 1090000 time 124 nps 8786144
info currmovenumber 15 currmove e1c1 perft 3551583 nodes 1156176 time 131 nps 8798105
info currmovenumber 16 currmove e1g1 perft 4119629 nodes 1224883 time 139 nps 8807420
info currmovenumber 17 currmove h1f1 perft 3685756 nodes 1283307 time 145 nps 8811825
info currmovenumber 18 currmove h1g1 perft 3989454 nodes 1341624 time 152 nps 8816521
info currmovenumber 19 currmove d2h6 perft 3967365 nodes 1400136 time 158 nps 8815231
info currmovenumber 20 currmove d2g5 perft 4370915 nodes 1456442 time 165 nps 8809554
info currmovenumber 21 currmove d2f4 perft 3941257 nodes 1509291 time 171 nps 8811661
info currmovenumber 22 currmove d2e3 perft 4407041 nodes 1564012 time 177 nps 8807505
info currmovenumber 23 currmove d2c1 perft 3793390 nodes 1613173 time 183 nps 8809194
info currmovenumber 24 currmove e2a6 perft 3553501 nodes 1657456 time 188 nps 8807778
info currmovenumber 25 currmove e2b5 perft 4032348 nodes 1706866 time 193 nps 8798912
info currmovenumber 26 currmove e2c4 perft 4182989 nodes 1753616 time 199 nps 8796343
info currmovenumber 27 currmove e2d3 perft 4066966 nodes 1796127 time 204 nps 8793780
info currmovenumber 28 currmove e2d1 perft 3074219 nodes 1838781 time 209 nps 8790887
info currmovenumber 29 currmove e2f1 perft 4095479 nodes 1885774 time 214 nps 8789044
info currmovenumber 30 currmove e5d7 perft 4404043 nodes 1931599 time 219 nps 8787297
info currmovenumber 31 currmove e5f7 perft 4164923 nodes 1972531 time 224 nps 8784590
info currmovenumber 32 currmove e5c6 perft 4083458 nodes 2012131 time 229 nps 8783924
info currmovenumber 33 currmove e5g6 perft 3949417 nodes 2050903 time 233 nps 8784482
info currmovenumber 34 currmove e5c4 perft 3494887 nodes 2085393 time 237 nps 8785467
info currmovenumber 35 currmove e5g4 perft 3415992 nodes 2116116 time 240 nps 8780742
info currmovenumber 36 currmove e5d3 perft 3288812 nodes 2150327 time 245 nps 8775944
info currmovenumber 37 currmove c3b5 perft 4317482 nodes 2183214 time 248 nps 8770411
info currmovenumber 38 currmove c3a4 perft 4628497 nodes 2216271 time 252 nps 8764114
info currmovenumber 39 currmove c3b1 perft 3996171 nodes 2246466 time 256 nps 8757686
info currmovenumber 40 currmove c3d1 perft 3995761 nodes 2278286 time 260 nps 8753077
info currmovenumber 41 currmove d5d6 perft 3835265 nodes 2303475 time 263 nps 8752010
info currmovenumber 42 currmove d5e6 perft 4727437 nodes 2334366 time 266 nps 8749969
info currmovenumber 43 currmove b2b3 perft 3768824 nodes 2347709 time 268 nps 8750422
info currmovenumber 44 currmove g2g4 perft 3338154 nodes 2362699 time 270 nps 8750586
info currmovenumber 45 currmove g2g3 perft 3472039 nodes 2374344 time 271 nps 8750666
info currmovenumber 46 currmove g2h3 perft 3819456 nodes 2388275 time 273 nps 8748136
info currmovenumber 47 currmove a2a4 perft 4387586 nodes 2477630 time 282 nps 8763756
info currmovenumber 48 currmove a2a3 perft 4627439 nodes 2489940 time 284 nps 8762434
info depth 5 perft 193690690
info hwrites 59646 hhits 40252 hreads 99898 hhitratio 402
bestmove 0000
>isready
info eval score cp 56 fen r3k2r/p1ppqpb1/bn2pnp1/3PN3/1p2P3/2N2Q1p/PPPBBPPP/R3K2R w KQkq - 0 25
readyok
>quit
>uci
>uci
id name petrel
id author Aleks Peshkov
option name Debug Log File type string default test/test.log
option name Hash type spin min 1 max 2048 default 1
option name Ponder type check default false
option name UCI_Chess960 type check default false
uciok
>set UCI_Chess960 true
>setoption hash 16
>isready
info eval score cp 0 fen rnbqkbnr/pppppppp/8/8/8/8/PPPPPPPP/RNBQKBNR w AHah - 0 1
readyok
>perft 5
info currmovenumber 1 currmove b1a3 perft 198572 nodes 9306 time 1 nps 4815598
info currmovenumber 2 currmove b1c3 perft 234656 nodes 18650 time 2 nps 6226687
info currmovenumber 3 currmove g1f3 perft 233491 nodes 27524 time 3 nps 6906089
info currmovenumber 4 currmove g1h3 perft 198502 nodes 35068 time 4 nps 7246357
info currmovenumber 5 currmove d2d4 perft 361790 nodes 46300 time 6 nps 7620148
info currmovenumber 6 currmove d2d3 perft 328511 nodes 57039 time 7 nps 7869201
info currmovenumber 7 currmove e2e4 perft 405385 nodes 68143 time 8 nps 8028412
info currmovenumber 8 currmove e2e3 perft 402988 nodes 79226 time 10 nps 7615160
info currmovenumber 9 currmove c2c4 perft 240082 nodes 86308 time 11 nps 7715409
info currmovenumber 10 currmove c2c3 perft 222861 nodes 92904 time 11 nps 7803748
info currmovenumber 11 currmove f2f4 perft 198473 nodes 98238 time 12 nps 7860098
info currmovenumber 12 currmove f2f3 perft 178889 nodes 103088 time 13 nps 7922408
info currmovenumber 13 currmove b2b4 perft 216145 nodes 107530 time 13 nps 7968690
info currmovenumber 14 currmove b2b3 perft 215255 nodes 111972 time 13 nps 8010270
info currmovenumber 15 currmove g2g4 perft 214048 nodes 115523 time 14 nps 8036269
info currmovenumber 16 currmove g2g3 perft 217210 nodes 119076 time 14 nps 8062916
info currmovenumber 17 currmove a2a4 perft 217832 nodes 122169 time 15 nps 8082742
info currmovenumber 18 currmove a2a3 perft 181046 nodes 124350 time 15 nps 8095746
info currmovenumber 19 currmove h2h4 perft 218829 nodes 126553 time 15 nps 8104574
info currmovenumber 20 currmove h2h3 perft 181044 nodes 127844 time 15 nps 8107320
info depth 5 perft 4865609
info hwrites 5782 hhits 3540 hreads 9322 hhitratio 379
bestmove 0000
>position fen 6kr///////6K1 b k
#parsing error: 
>perft 6
info currmovenumber 1 currmove g8f7 perft 42739 nodes 4543 nps 16099538
info currmovenumber 2 currmove g8g7 perft 39649 nodes 8145 nps 16130565
info currmovenumber 3 currmove g8h7 perft 27426 nodes 9825 nps 15879403
info currmovenumber 4 currmove g8f8 perft 20896 nodes 11142 nps 15832866
info currmovenumber 5 currmove h8h1 perft 19808 nodes 13505 nps 15752100
info currmovenumber 6 currmove h8h2 perft 5295 nodes 14006 nps 15651155
info currmovenumber 7 currmove h8h3 perft 24678 nodes 15422 nps 15639736
info currmovenumber 8 currmove h8h4 perft 31578 nodes 17361 time 1 nps 15606431
info currmovenumber 9 currmove h8h5 perft 32996 nodes 19300 time 1 nps 15624013
info currmovenumber 10 currmove h8h6 perft 32786 nodes 21230 time 1 nps 15656515
info currmovenumber 11 currmove h8h7 perft 29646 nodes 22968 time 1 nps 15630454
info currmovenumber 12 currmove g8h8 perft 17796 nodes 24100 time 1 nps 15538141
info depth 6 perft 325293
info hwrites 1620 hhits 1258 hreads 2878 hhitratio 437
bestmove 0000
>position fen 5kr1///////5K2 b k
#parsing error: 
>perft 6
info currmovenumber 1 currmove f8e7 perft 44247 nodes 4165 nps 16294864
info currmovenumber 2 currmove f8f7 perft 41942 nodes 6395 nps 16104742
info currmovenumber 3 currmove f8g7 perft 44162 nodes 7650 nps 15945339
info currmovenumber 4 currmove f8e8 perft 23093 nodes 9034 nps 15883900
info currmovenumber 5 currmove g8g1 perft 21311 nodes 11242 nps 15842795
info currmovenumber 6 currmove g8g2 perft 6106 nodes 11754 nps 15770089
info currmovenumber 7 currmove g8g3 perft 25726 nodes 13000 nps 15717396
info currmovenumber 8 currmove g8g4 perft 33026 nodes 14692 nps 15745904
info currmovenumber 9 currmove g8g5 perft 34556 nodes 16384 time 1 nps 15758103
info currmovenumber 10 currmove g8g6 perft 34346 nodes 18067 time 1 nps 15759907
info currmovenumber 11 currmove g8g7 perft 31121 nodes 19537 time 1 nps 15665944
info currmovenumber 12 currmove f8g8 perft 26514 nodes 20691 time 1 nps 15533550
info currmovenumber 13 currmove g8h8 perft 35484 nodes 20842 time 1 nps 15423369
info depth 6 perft 401634
info hwrites 1422 hhits 1493 hreads 2915 hhitratio 512
bestmove 0000
>position fen 4kr2///////4K3 b k
#parsing error: 
>perft 6
info currmovenumber 1 currmove e8d7 perft 44739 nodes 4195 nps 16584501
info currmovenumber 2 currmove e8e7 perft 42311 nodes 6434 nps 16368544
info currmovenumber 3 currmove e8f7 perft 48168 nodes 7711 nps 16217091
info currmovenumber 4 currmove e8d8 perft 25530 nodes 9311 nps 16080035
info currmovenumber 5 currmove f8f1 perft 21570 nodes 11519 nps 15944333
info currmovenumber 6 currmove f8f2 perft 6412 nodes 12031 nps 15530684
info currmovenumber 7 currmove f8f3 perft 25849 nodes 13277 nps 15462500
info currmovenumber 8 currmove f8f4 perft 33149 nodes 14969 nps 15508879
info currmovenumber 9 currmove f8f5 perft 34679 nodes 16661 time 1 nps 15525872
info currmovenumber 10 currmove f8f6 perft 34469 nodes 18344 time 1 nps 15559594
info currmovenumber 11 currmove f8f7 perft 31490 nodes 19814 time 1 nps 15539392
info currmovenumber 12 currmove e8f8 perft 26553 nodes 20654 time 1 nps 15452779
info currmovenumber 13 currmove f8g8 perft 39089 nodes 20863 time 1 nps 15381087
info currmovenumber 14 currmove f8h8 perft 45248 nodes 21782 time 1 nps 15358125
info depth 6 perft 459256
info hwrites 1473 hhits 1633 hreads 3106 hhitratio 525
bestmove 0000
>position fen 3kr3///////3K4 b k
#parsing error: 
>perft 6
info currmovenumber 1 currmove d8c7 perft 45231 nodes 4225 nps 16630060
info currmovenumber 2 currmove d8d7 perft 42680 nodes 6473 nps 16167383
info currmovenumber 3 currmove d8e7 perft 48168 nodes 7738 nps 15775288
info currmovenumber 4 currmove d8c8 perft 28255 nodes 9578 nps 15737345
info currmovenumber 5 currmove e8e1 perft 21659 nodes 11786 nps 15711042
info currmovenumber 6 currmove e8e2 perft 6446 nodes 12298 nps 15647504
info currmovenumber 7 currmove e8e3 perft 25972 nodes 13544 nps 15643136
info currmovenumber 8 currmove e8e4 perft 33272 nodes 15236 nps 15586844
info currmovenumber 9 currmove e8e5 perft 34802 nodes 16928 time 1 nps 15604964
info currmovenumber 10 currmove e8e6 perft 34592 nodes 18611 time 1 nps 15619348
info currmovenumber 11 currmove e8e7 perft 31859 nodes 20081 time 1 nps 15523381
info currmovenumber 12 currmove d8e8 perft 43885 nodes 21054 time 1 nps 15455925
info currmovenumber 13 currmove e8f8 perft 43082 nodes 21335 time 1 nps 15389531
info currmovenumber 14 currmove e8g8 perft 49275 nodes 22221 time 1 nps 15308104
info currmovenumber 15 currmove e8h8 perft 50514 nodes 23051 time 1 nps 15287015
info depth 6 perft 539692
info hwrites 1563 hhits 1831 hreads 3394 hhitratio 539
bestmove 0000
>position fen 8/PPPk4/8/8/8/8/4Kppp/8 b - -
>perft 6
info currmovenumber 1 currmove d7c6 perft 1662316 nodes 61776 time 4 nps 13309361
info currmovenumber 2 currmove d7d6 perft 2124652 nodes 122797 time 9 nps 12674598
info currmovenumber 3 currmove d7e6 perft 2175029 nodes 177791 time 13 nps 12993189
info currmovenumber 4 currmove d7c7 perft 745285 nodes 211591 time 16 nps 13151069
info currmovenumber 5 currmove d7e7 perft 2013706 nodes 260985 time 19 nps 13202523
info currmovenumber 6 currmove d7e8 perft 848663 nodes 280574 time 21 nps 13197064
info currmovenumber 7 currmove f2f1q perft 340274 nodes 298966 time 22 nps 13186601
info currmovenumber 8 currmove f2f1r perft 2669383 nodes 376429 time 28 nps 13177233
info currmovenumber 9 currmove f2f1b perft 548328 nodes 396148 time 30 nps 13177674
info currmovenumber 10 currmove f2f1n perft 1316997 nodes 429198 time 32 nps 13222796
info currmovenumber 11 currmove g2g1q perft 2545486 nodes 501670 time 37 nps 13221826
info currmovenumber 12 currmove g2g1r perft 3098494 nodes 576626 time 43 nps 13201571
info currmovenumber 13 currmove g2g1b perft 969473 nodes 590293 time 44 nps 13198636
info currmovenumber 14 currmove g2g1n perft 382756 nodes 600109 time 45 nps 13186630
info currmovenumber 15 currmove h2h1q perft 2596500 nodes 655333 time 50 nps 12984490
info currmovenumber 16 currmove h2h1r perft 2963669 nodes 712674 time 54 nps 12999319
info currmovenumber 17 currmove h2h1b perft 940326 nodes 714429 time 55 nps 12988854
info currmovenumber 18 currmove h2h1n perft 917946 nodes 717520 time 55 nps 12986792
info depth 6 perft 28859283
info hwrites 38916 hhits 17229 hreads 56145 hhitratio 306
bestmove 0000
>position fen n1n5/1Pk5/8/8/8/8/5Kp1/5N1N b - -
>perft 6
info currmovenumber 1 currmove c7b6 perft 2364430 nodes 87597 time 5 nps 15910955
info currmovenumber 2 currmove c7c6 perft 2730758 nodes 167564 time 10 nps 16226279
info currmovenumber 3 currmove c7d6 perft 2931061 nodes 244804 time 15 nps 15461054
info currmovenumber 4 currmove c7b7 perft 568011 nodes 275649 time 17 nps 15623225
info currmovenumber 5 currmove c7d7 perft 2907497 nodes 351130 time 22 nps 15756108
info currmovenumber 6 currmove c7b8 perft 975583 nodes 382216 time 24 nps 15769637
info currmovenumber 7 currmove c7d8 perft 1973056 nodes 434112 time 27 nps 15822050
info currmovenumber 8 currmove c8b6 perft 1829537 nodes 479387 time 30 nps 15883898
info currmovenumber 9 currmove c8d6 perft 2318025 nodes 537505 time 33 nps 15953008
info currmovenumber 10 currmove c8a7 perft 1658505 nodes 570437 time 35 nps 15942651
info currmovenumber 11 currmove c8e7 perft 2303016 nodes 613332 time 38 nps 15978856
info currmovenumber 12 currmove a8b6 perft 1858890 nodes 652385 time 40 nps 16032020
info currmovenumber 13 currmove g2f1q perft 303529 nodes 666570 time 41 nps 16011724
info currmovenumber 14 currmove g2g1q perft 553486 nodes 684818 time 42 nps 15983877
info currmovenumber 15 currmove g2h1q perft 2223256 nodes 747309 time 46 nps 15911592
info currmovenumber 16 currmove g2f1r perft 520681 nodes 764162 time 48 nps 15908200
info currmovenumber 17 currmove g2g1r perft 2203196 nodes 805080 time 50 nps 15913202
info currmovenumber 18 currmove g2h1r perft 2274521 nodes 848416 time 53 nps 15897584
info currmovenumber 19 currmove g2f1b perft 1020857 nodes 867524 time 54 nps 15907161
info currmovenumber 20 currmove g2g1b perft 606005 nodes 878957 time 55 nps 15889387
info currmovenumber 21 currmove g2h1b perft 1434753 nodes 900365 time 56 nps 15893745
info currmovenumber 22 currmove g2f1n perft 704458 nodes 911051 time 57 nps 15912544
info currmovenumber 23 currmove g2g1n perft 1094242 nodes 921362 time 57 nps 15929619
info currmovenumber 24 currmove g2h1n perft 307976 nodes 924779 time 58 nps 15930060
info depth 6 perft 37665329
info hwrites 54675 hhits 28098 hreads 82773 hhitratio 339
bestmove 0000
>position fen r3k2r/8/8/8/8/8/8/R3K2R w KQkq
#parsing error: 
>perft 6
info currmovenumber 1 currmove e1d2 perft 10636865 nodes 267968 time 18 nps 14246557
info currmovenumber 2 currmove e1e2 perft 11733530 nodes 522729 time 36 nps 14162210
info currmovenumber 3 currmove e1f2 perft 10519249 nodes 741424 time 52 nps 14052036
info currmovenumber 4 currmove e1d1 perft 6357740 nodes 857862 time 60 nps 14079169
info currmovenumber 5 currmove e1f1 perft 6274390 nodes 973094 time 68 nps 14107430
info currmovenumber 6 currmove a1a8 perft 545276 nodes 997300 time 70 nps 14125928
info currmovenumber 7 currmove a1a7 perft 4071181 nodes 1109952 time 78 nps 14160563
info currmovenumber 8 currmove a1a6 perft 6447915 nodes 1229167 time 86 nps 14200545
info currmovenumber 9 currmove a1a5 perft 7189546 nodes 1345932 time 94 nps 14222183
info currmovenumber 10 currmove a1a4 perft 7739115 nodes 1466729 time 102 nps 14252911
info currmovenumber 11 currmove a1a3 perft 8275997 nodes 1592130 time 111 nps 14271294
info currmovenumber 12 currmove a1a2 perft 8563373 nodes 1720699 time 120 nps 14276169
info currmovenumber 13 currmove a1b1 perft 8198901 nodes 1813156 time 126 nps 14288204
info currmovenumber 14 currmove a1c1 perft 7710115 nodes 1893321 time 132 nps 14300917
info currmovenumber 15 currmove a1d1 perft 6027769 nodes 1952320 time 136 nps 14306653
info currmovenumber 16 currmove e1a1 perft 5150161 nodes 2082974 time 145 nps 14294370
info currmovenumber 17 currmove h1h8 perft 585361 nodes 2098266 time 146 nps 14296960
info currmovenumber 18 currmove h1h7 perft 4163894 nodes 2176612 time 152 nps 14291999
info currmovenumber 19 currmove h1h6 perft 6740373 nodes 2245788 time 157 nps 14296430
info currmovenumber 20 currmove h1h5 perft 7582114 nodes 2307106 time 161 nps 14295860
info currmovenumber 21 currmove h1h4 perft 8217017 nodes 2368441 time 165 nps 14299458
info currmovenumber 22 currmove h1h3 perft 8839334 nodes 2430505 time 169 nps 14302655
info currmovenumber 23 currmove h1h2 perft 9157898 nodes 2492215 time 174 nps 14262436
info currmovenumber 24 currmove e1h1 perft 5187935 nodes 2573457 time 180 nps 14242794
info currmovenumber 25 currmove h1f1 perft 6099283 nodes 2590358 time 181 nps 14238960
info currmovenumber 26 currmove h1g1 perft 7848606 nodes 2607590 time 183 nps 14234183
info depth 6 perft 179862938
info hwrites 113517 hhits 76956 hreads 190473 hhitratio 404
bestmove 0000
>position fen rnbqkb1r/pp1p1ppp/2p5/4P3/2B5/8/PPP1NnPP/RNBQK2R w KQkq - 0 6
>perft 3
info currmovenumber 1 currmove e1d2 perft 1003 nodes 35 nps 5911163
info currmovenumber 2 currmove e1f2 perft 1171 nodes 64 nps 3681758
info currmovenumber 3 currmove e1f1 perft 1363 nodes 99 nps 3489109
info currmovenumber 4 currmove d1d7 perft 143 nodes 104 nps 2880248
info currmovenumber 5 currmove d1d6 perft 1385 nodes 133 nps 2986482
info currmovenumber 6 currmove d1d5 perft 1451 nodes 168 nps 3161460
info currmovenumber 7 currmove d1d4 perft 1588 nodes 203 nps 3249143
info currmovenumber 8 currmove d1d3 perft 1615 nodes 238 nps 3332633
info currmovenumber 9 currmove d1d2 perft 1356 nodes 273 nps 3427495
info currmovenumber 10 currmove e1h1 perft 1296 nodes 308 nps 3493410
info currmovenumber 11 currmove h1f1 perft 1294 nodes 343 nps 3562082
info currmovenumber 12 currmove h1g1 perft 1241 nodes 378 nps 3626003
info currmovenumber 13 currmove c4f7 perft 80 nodes 381 nps 3481168
info currmovenumber 14 currmove c4a6 perft 1190 nodes 415 nps 3494324
info currmovenumber 15 currmove c4e6 perft 1399 nodes 452 nps 3560765
info currmovenumber 16 currmove c4b5 perft 1265 nodes 487 nps 3609706
info currmovenumber 17 currmove c4d5 perft 1239 nodes 522 nps 3658049
info currmovenumber 18 currmove c4b3 perft 1205 nodes 557 nps 3694515
info currmovenumber 19 currmove c4d3 perft 1177 nodes 592 nps 3733625
info currmovenumber 20 currmove c1h6 perft 1336 nodes 626 nps 3725370
info currmovenumber 21 currmove c1g5 perft 1329 nodes 658 nps 3732020
info currmovenumber 22 currmove c1f4 perft 1362 nodes 693 nps 3765137
info currmovenumber 23 currmove c1e3 perft 1517 nodes 728 nps 3786086
info currmovenumber 24 currmove c1d2 perft 1264 nodes 763 nps 3809514
info currmovenumber 25 currmove e2d4 perft 1460 nodes 798 nps 3834289
info currmovenumber 26 currmove e2f4 perft 1486 nodes 833 nps 3858678
info currmovenumber 27 currmove e2c3 perft 1517 nodes 868 nps 3882261
info currmovenumber 28 currmove e2g3 perft 1453 nodes 903 nps 3885408
info currmovenumber 29 currmove e2g1 perft 1361 nodes 938 nps 3883655
info currmovenumber 30 currmove b1a3 perft 1233 nodes 973 nps 3897596
info currmovenumber 31 currmove b1c3 perft 1389 nodes 1008 nps 3914791
info currmovenumber 32 currmove b1d2 perft 1070 nodes 1043 nps 3931546
info currmovenumber 33 currmove e5e6 perft 1366 nodes 1080 nps 3951918
info currmovenumber 34 currmove c2c3 perft 1362 nodes 1115 nps 3964162
info currmovenumber 35 currmove b2b4 perft 1324 nodes 1149 nps 3971038
info currmovenumber 36 currmove b2b3 perft 1298 nodes 1184 nps 3987337
info currmovenumber 37 currmove g2g4 perft 1267 nodes 1219 nps 4000472
info currmovenumber 38 currmove g2g3 perft 1238 nodes 1254 nps 3992842
info currmovenumber 39 currmove a2a4 perft 1363 nodes 1289 nps 3961607
info currmovenumber 40 currmove a2a3 perft 1303 nodes 1324 nps 3972897
info currmovenumber 41 currmove h2h4 perft 1332 nodes 1359 nps 3982615
info currmovenumber 42 currmove h2h3 perft 1301 nodes 1394 nps 3996364
info depth 3 perft 53392
info hwrites 42 hhits 0 hreads 42 hhitratio 0
bestmove 0000
>position fen 8/8/8/2rk/2p1p/5R/QP1P2B/2KR w - -
>perft 6
info currmovenumber 1 currmove c1c2 perft 3938645 nodes 174282 time 14 nps 12171544
info currmovenumber 2 currmove c1b1 perft 3467609 nodes 324800 time 26 nps 12155620
info currmovenumber 3 currmove a2a8 perft 1597455 nodes 415372 time 33 nps 12237090
info currmovenumber 4 currmove a2a7 perft 3786296 nodes 574661 time 46 nps 12253881
info currmovenumber 5 currmove a2a6 perft 2417553 nodes 675008 time 55 nps 12271031
info currmovenumber 6 currmove a2a5 perft 2301636 nodes 757720 time 61 nps 12256708
info currmovenumber 7 currmove a2a4 perft 3371941 nodes 869855 time 71 nps 12246442
info currmovenumber 8 currmove a2c4 perft 540156 nodes 904638 time 73 nps 12253948
info currmovenumber 9 currmove a2a3 perft 3477246 nodes 1011036 time 82 nps 12209127
info currmovenumber 10 currmove a2b3 perft 2926697 nodes 1092313 time 89 nps 12162391
info currmovenumber 11 currmove a2a1 perft 3318078 nodes 1196691 time 98 nps 12157725
info currmovenumber 12 currmove a2b1 perft 2670004 nodes 1288863 time 105 nps 12162298
info currmovenumber 13 currmove f3f8 perft 2921109 nodes 1384545 time 113 nps 12172673
info currmovenumber 14 currmove f3f7 perft 2695937 nodes 1462133 time 119 nps 12192070
info currmovenumber 15 currmove f3f6 perft 1495275 nodes 1506287 time 123 nps 12201024
info currmovenumber 16 currmove f3f5 perft 927818 nodes 1535833 time 125 nps 12205347
info currmovenumber 17 currmove f3f4 perft 2499708 nodes 1594697 time 130 nps 12208237
info currmovenumber 18 currmove f3a3 perft 2275565 nodes 1668511 time 136 nps 12188390
info currmovenumber 19 currmove f3b3 perft 2615899 nodes 1722478 time 141 nps 12163136
info currmovenumber 20 currmove f3c3 perft 2440841 nodes 1775181 time 145 nps 12160256
info currmovenumber 21 currmove f3d3 perft 756954 nodes 1792496 time 147 nps 12160954
info currmovenumber 22 currmove f3e3 perft 2559921 nodes 1846542 time 151 nps 12161715
info currmovenumber 23 currmove f3g3 perft 2926462 nodes 1900625 time 156 nps 12169754
info currmovenumber 24 currmove f3h3 perft 3079407 nodes 1957835 time 160 nps 12165133
info currmovenumber 25 currmove f3f2 perft 2321511 nodes 2005294 time 164 nps 12168169
info currmovenumber 26 currmove f3f1 perft 2039487 nodes 2038207 time 167 nps 12164691
info currmovenumber 27 currmove d1e1 perft 3830945 nodes 2106326 time 173 nps 12168910
info currmovenumber 28 currmove d1f1 perft 3336554 nodes 2148965 time 176 nps 12160088
info currmovenumber 29 currmove d1g1 perft 3469931 nodes 2192823 time 180 nps 12163546
info currmovenumber 30 currmove d1h1 perft 4465724 nodes 2268344 time 186 nps 12170633
info currmovenumber 31 currmove g2h3 perft 3088731 nodes 2311062 time 189 nps 12176479
info currmovenumber 32 currmove g2f1 perft 2869314 nodes 2345838 time 192 nps 12177416
info currmovenumber 33 currmove g2h1 perft 2678469 nodes 2364156 time 194 nps 12173564
info currmovenumber 34 currmove d2d4 perft 2518756 nodes 2394335 time 196 nps 12165334
info currmovenumber 35 currmove d2d3 perft 3434864 nodes 2422591 time 199 nps 12164357
info currmovenumber 36 currmove b2b4 perft 3326727 nodes 2457004 time 202 nps 12152779
info currmovenumber 37 currmove b2b3 perft 3651079 nodes 2482054 time 204 nps 12148136
info depth 6 perft 102040304
info hwrites 74360 hhits 48653 hreads 123013 hhitratio 395
bestmove 0000
>#avoid illegal en passant capture:
#parsing error: #avoid illegal en passant capture:
>position fen 8/5bk1/8/2Pp4/8/1K6/8/8 w - d6 0 1
>isready
info eval score cp -278 fen 8/5bk1/8/2Pp4/8/1K6/8/8 w - - 0 1
readyok
>perft 6
info currmovenumber 1 currmove b3a4 perft 80828 nodes 4348 nps 16087675
info currmovenumber 2 currmove b3b4 perft 97074 nodes 6716 nps 15772218
info currmovenumber 3 currmove b3a3 perft 82957 nodes 9006 nps 15441354
info currmovenumber 4 currmove b3c3 perft 118973 nodes 12933 nps 15596735
info currmovenumber 5 currmove b3a2 perft 76150 nodes 14767 nps 15432576
info currmovenumber 6 currmove b3b2 perft 119231 nodes 16445 time 1 nps 15434256
info currmovenumber 7 currmove b3c2 perft 129058 nodes 18018 time 1 nps 15429011
info currmovenumber 8 currmove c5c6 perft 119793 nodes 19126 time 1 nps 15304424
info depth 6 perft 824064
info hwrites 2619 hhits 2157 hreads 4776 hhitratio 451
bestmove 0000
>#complex ep case
#parsing error: #complex ep case
>position fen 3k4/8/8/K1Pp3r/8/8/8/8 w - d6 0 1
>isready
info eval score cp -466 fen 3k4/8/8/K1Pp3r/8/8/8/8 w - - 0 1
readyok
>perft 6
info currmovenumber 1 currmove a5a6 perft 156082 nodes 5889 nps 15330228
info currmovenumber 2 currmove a5b6 perft 171667 nodes 8738 nps 15153407
info currmovenumber 3 currmove a5b5 perft 182011 nodes 12074 nps 15263643
info currmovenumber 4 currmove a5a4 perft 172818 nodes 15209 nps 15447587
info currmovenumber 5 currmove a5b4 perft 210405 nodes 17567 time 1 nps 15606926
info currmovenumber 6 currmove c5c6 perft 127497 nodes 18206 time 1 nps 15391664
info depth 6 perft 1020480
info hwrites 2589 hhits 2529 hreads 5118 hhitratio 494
bestmove 0000
>#en passant capture checks opponent:
#parsing error: #en passant capture checks opponent:
>position fen 8/8/1k6/2b5/2pP4/8/5K2/8 b - d3 0 1
>perft 6
info currmovenumber 1 currmove b6a5 perft 82446 nodes 5995 nps 15574826
info currmovenumber 2 currmove b6b5 perft 94791 nodes 10899 nps 15738969
info currmovenumber 3 currmove b6a6 perft 84489 nodes 15534 nps 15598468
info currmovenumber 4 currmove b6c6 perft 103031 nodes 21025 time 1 nps 15720448
info currmovenumber 5 currmove b6a7 perft 78445 nodes 25178 time 1 nps 15649181
info currmovenumber 6 currmove b6b7 perft 114427 nodes 29905 time 1 nps 15673274
info currmovenumber 7 currmove b6c7 perft 115172 nodes 34533 time 2 nps 15691561
info currmovenumber 8 currmove c5a3 perft 107630 nodes 38158 time 2 nps 15470209
info currmovenumber 9 currmove c5b4 perft 107054 nodes 40942 time 2 nps 15378801
info currmovenumber 10 currmove c5d4 perft 70642 nodes 45140 time 2 nps 15334307
info currmovenumber 11 currmove c5d6 perft 112868 nodes 48319 time 3 nps 15306720
info currmovenumber 12 currmove c5e7 perft 125696 nodes 50950 time 3 nps 15263772
info currmovenumber 13 currmove c5f8 perft 108263 nodes 52668 time 3 nps 15237810
info currmovenumber 14 currmove c4c3 perft 95420 nodes 53475 time 3 nps 15182936
info currmovenumber 15 currmove c4d3 perft 40093 nodes 58301 time 3 nps 15278524
info depth 6 perft 1440467
info hwrites 4548 hhits 5272 hreads 9820 hhitratio 536
bestmove 0000
>#short castling gives check:
#parsing error: #short castling gives check:
>position fen 5k2/8/8/8/8/8/8/4K2R w K - 0 1
>perft 6
info currmovenumber 1 currmove e1d2 perft 71189 nodes 3621 nps 15962230
info currmovenumber 2 currmove e1e2 perft 71135 nodes 6053 nps 15807396
info currmovenumber 3 currmove e1f2 perft 71030 nodes 6708 nps 15409000
info currmovenumber 4 currmove e1d1 perft 40135 nodes 7478 nps 15216630
info currmovenumber 5 currmove e1f1 perft 35484 nodes 7479 nps 15054469
info currmovenumber 6 currmove h1h8 perft 32290 nodes 8122 nps 14859944
info currmovenumber 7 currmove h1h7 perft 8084 nodes 8539 nps 14715487
info currmovenumber 8 currmove h1h6 perft 42702 nodes 9258 nps 14613495
info currmovenumber 9 currmove h1h5 perft 54262 nodes 10245 nps 14565280
info currmovenumber 10 currmove h1h4 perft 56590 nodes 11232 nps 14557067
info currmovenumber 11 currmove h1h3 perft 56590 nodes 12219 nps 14558716
info currmovenumber 12 currmove h1h2 perft 53464 nodes 13188 nps 14501486
info currmovenumber 13 currmove e1h1 perft 26514 nodes 13189 nps 14426773
info currmovenumber 14 currmove h1f1 perft 18510 nodes 13366 nps 14265039
info currmovenumber 15 currmove h1g1 perft 23093 nodes 13367 nps 14144060
info depth 6 perft 661072
info hwrites 968 hhits 1988 hreads 2956 hhitratio 672
bestmove 0000
>#castling (including losing cr due to rook capture):
#parsing error: #castling (including losing cr due to rook capture):
>position fen r3k2r/7b/8/8/8/8/1B4BQ/R3K2R b KQkq - 0 1
>perft 4
info currmovenumber 1 currmove e8d7 perft 53401 nodes 1203 nps 11144770
info currmovenumber 2 currmove e8e7 perft 57805 nodes 2461 nps 11138972
info currmovenumber 3 currmove e8f7 perft 55433 nodes 3722 nps 11187692
info currmovenumber 4 currmove e8d8 perft 39985 nodes 4635 nps 11169159
info currmovenumber 5 currmove e8f8 perft 39070 nodes 5533 nps 11148386
info currmovenumber 6 currmove a8a1 perft 4427 nodes 5665 nps 11060672
info currmovenumber 7 currmove a8a2 perft 35744 nodes 6547 nps 11172850
info currmovenumber 8 currmove a8a3 perft 44730 nodes 7617 nps 11211197
info currmovenumber 9 currmove a8a4 perft 47033 nodes 8726 nps 11319061
info currmovenumber 10 currmove a8a5 perft 49150 nodes 9866 nps 11402089
info currmovenumber 11 currmove a8a6 perft 50836 nodes 11034 nps 11404262
info currmovenumber 12 currmove a8a7 perft 50325 nodes 12181 time 1 nps 11397288
info currmovenumber 13 currmove a8b8 perft 47958 nodes 13217 time 1 nps 11414422
info currmovenumber 14 currmove a8c8 perft 47557 nodes 14275 time 1 nps 11430671
info currmovenumber 15 currmove a8d8 perft 42247 nodes 15238 time 1 nps 11359036
info currmovenumber 16 currmove e8a8 perft 32959 nodes 16057 time 1 nps 11319608
info currmovenumber 17 currmove e8h8 perft 46811 nodes 17222 time 1 nps 11277902
info currmovenumber 18 currmove h8f8 perft 50602 nodes 18403 time 1 nps 11302825
info currmovenumber 19 currmove h8g8 perft 55938 nodes 19645 time 1 nps 11326566
info currmovenumber 20 currmove h7b1 perft 54752 nodes 20854 time 1 nps 11320277
info currmovenumber 21 currmove h7c2 perft 60199 nodes 22180 time 1 nps 11312321
info currmovenumber 22 currmove h7d3 perft 61097 nodes 23554 time 2 nps 11332995
info currmovenumber 23 currmove h7e4 perft 59135 nodes 24922 time 2 nps 11357846
info currmovenumber 24 currmove h7f5 perft 69053 nodes 26415 time 2 nps 11389511
info currmovenumber 25 currmove h7g6 perft 62626 nodes 27784 time 2 nps 11406570
info currmovenumber 26 currmove h7g8 perft 55333 nodes 28993 time 2 nps 11424412
info depth 4 perft 1274206
info hwrites 1167 hhits 0 hreads 1167 hhitratio 0
bestmove 0000
>#castling prevented:
#parsing error: #castling prevented:
>position fen r3k2r/8/3Q4/8/8/5q2/8/R3K2R b KQkq - 0 1
>perft 4
info currmovenumber 1 currmove e8f7 perft 57060 nodes 1765 nps 11735918
info currmovenumber 2 currmove f3d1 perft 3782 nodes 1872 nps 11338514
info currmovenumber 3 currmove f3f1 perft 3126 nodes 1956 nps 11077571
info currmovenumber 4 currmove f3h1 perft 3553 nodes 2074 nps 10856933
info currmovenumber 5 currmove f3e2 perft 1009 nodes 2096 nps 10634141
info currmovenumber 6 currmove f3f2 perft 2386 nodes 2162 nps 10443939
info currmovenumber 7 currmove f3g2 perft 50810 nodes 3693 nps 10909961
info currmovenumber 8 currmove f3a3 perft 43980 nodes 4995 nps 10848625
info currmovenumber 9 currmove f3b3 perft 61216 nodes 6690 nps 11143481
info currmovenumber 10 currmove f3c3 perft 7646 nodes 6918 nps 11084122
info currmovenumber 11 currmove f3d3 perft 46225 nodes 8352 nps 11244713
info currmovenumber 12 currmove f3e3 perft 2870 nodes 8443 nps 11185714
info currmovenumber 13 currmove f3g3 perft 6834 nodes 8638 nps 11146094
info currmovenumber 14 currmove f3h3 perft 45034 nodes 9961 nps 11141509
info currmovenumber 15 currmove f3e4 perft 6298 nodes 10146 nps 11103559
info currmovenumber 16 currmove f3f4 perft 47066 nodes 11621 time 1 nps 11209791
info currmovenumber 17 currmove f3g4 perft 55830 nodes 13235 time 1 nps 11343689
info currmovenumber 18 currmove f3d5 perft 52949 nodes 14746 time 1 nps 11347720
info currmovenumber 19 currmove f3f5 perft 62753 nodes 16483 time 1 nps 11431476
info currmovenumber 20 currmove f3h5 perft 43743 nodes 17736 time 1 nps 11411893
info currmovenumber 21 currmove f3c6 perft 58992 nodes 19296 time 1 nps 11448880
info currmovenumber 22 currmove f3f6 perft 54394 nodes 20867 time 1 nps 11486072
info currmovenumber 23 currmove f3b7 perft 68331 nodes 22615 time 1 nps 11537600
info currmovenumber 24 currmove f3f7 perft 62015 nodes 24225 time 2 nps 11586645
info currmovenumber 25 currmove f3f8 perft 45984 nodes 25471 time 2 nps 11583455
info currmovenumber 26 currmove a8a1 perft 1980 nodes 25571 time 2 nps 11557524
info currmovenumber 27 currmove a8a2 perft 40544 nodes 26989 time 2 nps 11566701
info currmovenumber 28 currmove a8a3 perft 41303 nodes 28389 time 2 nps 11560658
info currmovenumber 29 currmove a8a4 perft 47961 nodes 29949 time 2 nps 11606695
info currmovenumber 30 currmove a8a5 perft 50431 nodes 31560 time 2 nps 11654740
info currmovenumber 31 currmove a8a6 perft 49811 nodes 33145 time 2 nps 11703556
info currmovenumber 32 currmove a8a7 perft 55332 nodes 34852 time 2 nps 11748093
info currmovenumber 33 currmove a8b8 perft 54262 nodes 36490 time 3 nps 11790821
info currmovenumber 34 currmove a8c8 perft 54887 nodes 38166 time 3 nps 11834396
info currmovenumber 35 currmove a8d8 perft 49727 nodes 39739 time 3 nps 11845592
info currmovenumber 36 currmove h8h1 perft 1352 nodes 39789 time 3 nps 11818457
info currmovenumber 37 currmove h8h2 perft 39991 nodes 41198 time 3 nps 11828064
info currmovenumber 38 currmove h8h3 perft 38539 nodes 42520 time 3 nps 11820511
info currmovenumber 39 currmove h8h4 perft 47637 nodes 44083 time 3 nps 11827434
info currmovenumber 40 currmove h8h5 perft 48797 nodes 45667 time 3 nps 11844133
info currmovenumber 41 currmove h8h6 perft 49692 nodes 47270 time 3 nps 11868317
info currmovenumber 42 currmove h8h7 perft 55134 nodes 48980 time 4 nps 11892018
info currmovenumber 43 currmove h8f8 perft 46570 nodes 50438 time 4 nps 11882031
info currmovenumber 44 currmove h8g8 perft 52640 nodes 52047 time 4 nps 11869108
info depth 4 perft 1720476
info hwrites 1538 hhits 0 hreads 1538 hhitratio 0
bestmove 0000
>#discovered check:
#parsing error: #discovered check:
>position fen 8/8/1P2K3/8/2n5/1q6/8/5k2 b - - 0 1
>perft 5
info currmovenumber 1 currmove f1e1 perft 42228 nodes 1568 nps 16756254
info currmovenumber 2 currmove f1g1 perft 42353 nodes 3022 nps 16454676
info currmovenumber 3 currmove f1e2 perft 48873 nodes 4544 nps 16370468
info currmovenumber 4 currmove f1f2 perft 49517 nodes 5960 nps 16347712
info currmovenumber 5 currmove f1g2 perft 49546 nodes 7320 nps 16355604
info currmovenumber 6 currmove b3b1 perft 35096 nodes 8412 nps 16251775
info currmovenumber 7 currmove b3d1 perft 31676 nodes 9231 nps 16195191
info currmovenumber 8 currmove b3a2 perft 42340 nodes 10238 nps 16180370
info currmovenumber 9 currmove b3b2 perft 41247 nodes 10916 nps 16058112
info currmovenumber 10 currmove b3c2 perft 39534 nodes 11459 nps 15995477
info currmovenumber 11 currmove b3a3 perft 40996 nodes 12153 nps 15945554
info currmovenumber 12 currmove b3c3 perft 41432 nodes 12684 nps 15876532
info currmovenumber 13 currmove b3d3 perft 28068 nodes 13047 nps 15696281
info currmovenumber 14 currmove b3e3 perft 29254 nodes 13522 nps 15538420
info currmovenumber 15 currmove b3f3 perft 21754 nodes 13880 nps 15447401
info currmovenumber 16 currmove b3g3 perft 47132 nodes 14658 nps 15400407
info currmovenumber 17 currmove b3h3 perft 24663 nodes 15068 nps 15357504
info currmovenumber 18 currmove b3a4 perft 34477 nodes 15614 time 1 nps 15338550
info currmovenumber 19 currmove b3b4 perft 32808 nodes 16097 time 1 nps 15287031
info currmovenumber 20 currmove b3b5 perft 23059 nodes 16451 time 1 nps 15240959
info currmovenumber 21 currmove b3b6 perft 24326 nodes 17287 time 1 nps 15248355
info currmovenumber 22 currmove c4b2 perft 30626 nodes 18052 time 1 nps 15229989
info currmovenumber 23 currmove c4d2 perft 33151 nodes 18836 time 1 nps 15199822
info currmovenumber 24 currmove c4a3 perft 32124 nodes 19571 time 1 nps 15153896
info currmovenumber 25 currmove c4e3 perft 27112 nodes 20183 time 1 nps 15102084
info currmovenumber 26 currmove c4a5 perft 30993 nodes 20901 time 1 nps 15083013
info currmovenumber 27 currmove c4e5 perft 27378 nodes 21535 time 1 nps 15048748
info currmovenumber 28 currmove c4b6 perft 25466 nodes 22198 time 1 nps 15022156
info currmovenumber 29 currmove c4d6 perft 27429 nodes 22816 time 1 nps 14990328
info depth 5 perft 1004658
info hwrites 3118 hhits 2236 hreads 5354 hhitratio 417
bestmove 0000
>#underpromote to check:
#parsing error: #underpromote to check:
>position fen 8/P1k5/K7/8/8/8/8/8 w - - 0 1
>perft 6
info currmovenumber 1 currmove a6a5 perft 14506 nodes 1448 nps 15388375
info currmovenumber 2 currmove a6b5 perft 16567 nodes 2713 nps 15583177
info currmovenumber 3 currmove a7a8q perft 19066 nodes 5842 nps 15055498
info currmovenumber 4 currmove a7a8r perft 17190 nodes 7495 nps 15076963
info currmovenumber 5 currmove a7a8b perft 18675 nodes 9126 nps 15098822
info currmovenumber 6 currmove a7a8n perft 6679 nodes 9677 nps 15092297
info depth 6 perft 92683
info hwrites 815 hhits 579 hreads 1394 hhitratio 415
bestmove 0000
>#stalemate/checkmate:
#parsing error: #stalemate/checkmate:
>position fen 8/k1P5/8/1K6/8/8/8/8 w - - 0 1
>perft 7
info currmovenumber 1 currmove b5c6 perft 21955 nodes 1296 nps 14205541
info currmovenumber 2 currmove b5a5 perft 18352 nodes 2533 nps 14128106
info currmovenumber 3 currmove b5c5 perft 56683 nodes 4092 nps 13758275
info currmovenumber 4 currmove b5a4 perft 74272 nodes 6114 nps 14041260
info currmovenumber 5 currmove b5b4 perft 108544 nodes 7626 nps 13768225
info currmovenumber 6 currmove b5c4 perft 133887 nodes 9131 nps 13881751
info currmovenumber 7 currmove c7c8q perft 0 nodes 9132 nps 13742001
info currmovenumber 8 currmove c7c8r perft 52185 nodes 11148 nps 13745857
info currmovenumber 9 currmove c7c8b perft 57162 nodes 12614 nps 13669282
info currmovenumber 10 currmove c7c8n perft 44544 nodes 13347 nps 13678722
info depth 7 perft 567584
info hwrites 2823 hhits 2201 hreads 5024 hhitratio 438
bestmove 0000
>#long castling gives check:
#parsing error: #long castling gives check:
>position fen r3k3/8/8/8/8/8/8/3K4 b q - 0 1
>perft 6
info currmovenumber 1 currmove e8d7 perft 81484 nodes 4128 nps 16583707
info currmovenumber 2 currmove e8e7 perft 81423 nodes 7090 nps 16394769
info currmovenumber 3 currmove e8f7 perft 81618 nodes 10175 nps 16176084
info currmovenumber 4 currmove e8d8 perft 45248 nodes 11181 nps 15924333
info currmovenumber 5 currmove e8f8 perft 50691 nodes 12817 nps 15779041
info currmovenumber 6 currmove a8a1 perft 36441 nodes 13536 nps 15654907
info currmovenumber 7 currmove a8a2 perft 9605 nodes 13740 nps 15546767
info currmovenumber 8 currmove a8a3 perft 48882 nodes 14115 nps 15409624
info currmovenumber 9 currmove a8a4 perft 61591 nodes 14566 nps 15321164
info currmovenumber 10 currmove a8a5 perft 64120 nodes 15036 nps 15244576
info currmovenumber 11 currmove a8a6 perft 64120 nodes 15487 time 1 nps 15164541
info currmovenumber 12 currmove a8a7 perft 61144 nodes 15932 time 1 nps 15071692
info currmovenumber 13 currmove a8b8 perft 41794 nodes 16510 time 1 nps 15006048
info currmovenumber 14 currmove a8c8 perft 25530 nodes 16831 time 1 nps 14952502
info currmovenumber 15 currmove a8d8 perft 23433 nodes 16992 time 1 nps 14892865
info currmovenumber 16 currmove e8a8 perft 26587 nodes 19148 time 1 nps 14935280
info depth 6 perft 803711
info hwrites 1289 hhits 2205 hreads 3494 hhitratio 631
bestmove 0000
>#promote out of check:
#parsing error: #promote out of check:
>position fen 2K2r2/4P3/8/8/8/8/8/3k4 w - - 0 1
>perft 6
info currmovenumber 1 currmove c8b7 perft 593714 nodes 21194 time 1 nps 15900297
info currmovenumber 2 currmove c8c7 perft 613707 nodes 37368 time 2 nps 15608168
info currmovenumber 3 currmove c8d7 perft 512052 nodes 48579 time 3 nps 15562505
info currmovenumber 4 currmove e7e8q perft 790243 nodes 79898 time 5 nps 15138582
info currmovenumber 5 currmove e7f8q perft 72240 nodes 85628 time 5 nps 15143570
info currmovenumber 6 currmove e7e8r perft 518290 nodes 101297 time 6 nps 15005366
info currmovenumber 7 currmove e7f8r perft 46121 nodes 104182 time 6 nps 14888153
info currmovenumber 8 currmove e7e8b perft 345373 nodes 113158 time 7 nps 14795939
info currmovenumber 9 currmove e7f8b perft 32349 nodes 115170 time 7 nps 14726954
info currmovenumber 10 currmove e7e8n perft 275193 nodes 121131 time 8 nps 14609390
info currmovenumber 11 currmove e7f8n perft 21719 nodes 122286 time 8 nps 14620694
info depth 6 perft 3821001
info hwrites 8763 hhits 6938 hreads 15701 hhitratio 441
bestmove 0000
>#self stalemate:
#parsing error: #self stalemate:
>position fen K1k5/8/P7/8/8/8/8/8 w - - 0 1
>perft 6
info currmovenumber 1 currmove a8a7 perft 1380 nodes 216 nps 12098129
info currmovenumber 2 currmove a6a7 perft 837 nodes 349 nps 10757991
info depth 6 perft 2217
info hwrites 64 hhits 20 hreads 84 hhitratio 238
bestmove 0000
>#double check:
#parsing error: #double check:
>position fen 8/8/2k5/5q2/5n2/8/5K2/8 b - - 0 1
>perft 4
info currmovenumber 1 currmove c6b5 perft 730 nodes 217 nps 12462669
info currmovenumber 2 currmove c6c5 perft 687 nodes 427 nps 11741091
info currmovenumber 3 currmove c6d5 perft 623 nodes 623 nps 11633769
info currmovenumber 4 currmove c6b6 perft 784 nodes 852 nps 11812661
info currmovenumber 5 currmove c6d6 perft 786 nodes 1081 nps 11852940
info currmovenumber 6 currmove c6b7 perft 785 nodes 1310 nps 11979223
info currmovenumber 7 currmove c6c7 perft 785 nodes 1539 nps 12043195
info currmovenumber 8 currmove c6d7 perft 735 nodes 1756 nps 12027809
info currmovenumber 9 currmove f5b1 perft 524 nodes 1871 nps 11300902
info currmovenumber 10 currmove f5c2 perft 603 nodes 2094 nps 11343629
info currmovenumber 11 currmove f5d3 perft 199 nodes 2177 nps 11196486
info currmovenumber 12 currmove f5h3 perft 182 nodes 2252 nps 10987724
info currmovenumber 13 currmove f5e4 perft 318 nodes 2367 nps 10829432
info currmovenumber 14 currmove f5g4 perft 277 nodes 2470 nps 10588633
info currmovenumber 15 currmove f5a5 perft 782 nodes 2661 nps 10429976
info currmovenumber 16 currmove f5b5 perft 726 nodes 2842 nps 10274356
info currmovenumber 17 currmove f5c5 perft 515 nodes 2995 nps 10156846
info currmovenumber 18 currmove f5d5 perft 597 nodes 3191 nps 10051406
info currmovenumber 19 currmove f5e5 perft 562 nodes 3356 nps 9934696
info currmovenumber 20 currmove f5g5 perft 478 nodes 3501 nps 9842287
info currmovenumber 21 currmove f5h5 perft 558 nodes 3687 nps 9785810
info currmovenumber 22 currmove f5e6 perft 513 nodes 3840 nps 9700007
info currmovenumber 23 currmove f5f6 perft 763 nodes 4051 nps 9630288
info currmovenumber 24 currmove f5g6 perft 473 nodes 4196 nps 9543347
info currmovenumber 25 currmove f5d7 perft 812 nodes 4413 nps 9506801
info currmovenumber 26 currmove f5f7 perft 841 nodes 4630 nps 9480710
info currmovenumber 27 currmove f5h7 perft 838 nodes 4859 nps 9476057
info currmovenumber 28 currmove f5c8 perft 823 nodes 5052 nps 9282413
info currmovenumber 29 currmove f5f8 perft 809 nodes 5257 nps 9261983
info currmovenumber 30 currmove f4e2 perft 544 nodes 5412 nps 9213389
info currmovenumber 31 currmove f4g2 perft 534 nodes 5561 nps 9162612
info currmovenumber 32 currmove f4d3 perft 677 nodes 5757 nps 9142506
info currmovenumber 33 currmove f4h3 perft 640 nodes 5943 nps 9127546
info currmovenumber 34 currmove f4d5 perft 665 nodes 6129 nps 9115028
info currmovenumber 35 currmove f4h5 perft 688 nodes 6315 nps 9105642
info currmovenumber 36 currmove f4e6 perft 839 nodes 6550 nps 9118079
info currmovenumber 37 currmove f4g6 perft 832 nodes 6779 nps 9122594
info depth 4 perft 23527
info hwrites 220 hhits 0 hreads 220 hhitratio 0
bestmove 0000
>position fen 3k4/3p4/8/K1P4r/8/8/8/8 b - -
>perft 6
info currmovenumber 1 currmove d8c7 perft 44453 nodes 5000 nps 12928281
info currmovenumber 2 currmove d8e7 perft 82944 nodes 12291 nps 13059790
info currmovenumber 3 currmove d8c8 perft 53281 nodes 16746 time 1 nps 12445607
info currmovenumber 4 currmove d8e8 perft 68117 nodes 21910 time 1 nps 12723326
info currmovenumber 5 currmove h5h1 perft 88123 nodes 27513 time 2 nps 12763849
info currmovenumber 6 currmove h5h2 perft 86705 nodes 31475 time 2 nps 12983412
info currmovenumber 7 currmove h5h3 perft 77839 nodes 34547 time 2 nps 13138568
info currmovenumber 8 currmove h5h4 perft 45878 nodes 36622 time 2 nps 13173390
info currmovenumber 9 currmove h5c5 perft 24713 nodes 39568 time 2 nps 13294640
info currmovenumber 10 currmove h5d5 perft 45827 nodes 41500 time 3 nps 13346935
info currmovenumber 11 currmove h5e5 perft 60611 nodes 43564 time 3 nps 13367536
info currmovenumber 12 currmove h5f5 perft 61765 nodes 45382 time 3 nps 13403274
info currmovenumber 13 currmove h5g5 perft 61765 nodes 47200 time 3 nps 13434131
info currmovenumber 14 currmove h5h6 perft 57409 nodes 48641 time 3 nps 13458307
info currmovenumber 15 currmove h5h7 perft 68741 nodes 49809 time 3 nps 13447176
info currmovenumber 16 currmove h5h8 perft 69854 nodes 50894 time 3 nps 13442033
info currmovenumber 17 currmove d7d5 perft 58564 nodes 52161 time 3 nps 13456100
info currmovenumber 18 currmove d7d6 perft 78299 nodes 53319 time 3 nps 13473117
info depth 6 perft 1134888
info hwrites 3597 hhits 3711 hreads 7308 hhitratio 507
bestmove 0000
>#short castling impossible although the rook never moved away from its corner
#parsing error: #short castling impossible although the rook never moved away from its corner
>position fen 1k6/1b6/8/8/7R/8/8/4K2R b K - 0 1
>perft 5
info currmovenumber 1 currmove b8a7 perft 80992 nodes 7077 nps 14327071
info currmovenumber 2 currmove b8c7 perft 115488 nodes 14748 time 1 nps 13852114
info currmovenumber 3 currmove b8a8 perft 54505 nodes 19562 time 1 nps 13340589
info currmovenumber 4 currmove b8c8 perft 79601 nodes 24360 time 1 nps 13315506
info currmovenumber 5 currmove b7h1 perft 41555 nodes 26926 time 2 nps 13445030
info currmovenumber 6 currmove b7g2 perft 77566 nodes 31307 time 2 nps 13479667
info currmovenumber 7 currmove b7f3 perft 90001 nodes 34561 time 2 nps 13518577
info currmovenumber 8 currmove b7e4 perft 98364 nodes 38001 time 2 nps 13537371
info currmovenumber 9 currmove b7d5 perft 125371 nodes 42155 time 3 nps 13607798
info currmovenumber 10 currmove b7a6 perft 57850 nodes 43876 time 3 nps 13603037
info currmovenumber 11 currmove b7c6 perft 107267 nodes 46512 time 3 nps 13631096
info currmovenumber 12 currmove b7a8 perft 67938 nodes 47327 time 3 nps 13625110
info currmovenumber 13 currmove b7c8 perft 67015 nodes 48781 time 3 nps 13630653
info depth 5 perft 1063513
info hwrites 2163 hhits 1663 hreads 3826 hhitratio 434
bestmove 0000
>#long castling impossible although the rook never moved away from its corner
#parsing error: #long castling impossible although the rook never moved away from its corner
>position fen 1k6/8/8/8/R7/1n6/8/R3K3 b Q - 0 1
>perft 5
info currmovenumber 1 currmove b8b7 perft 48605 nodes 5303 nps 15132361
info currmovenumber 2 currmove b8c7 perft 68902 nodes 10257 nps 15127247
info currmovenumber 3 currmove b8c8 perft 47624 nodes 13240 nps 15145674
info currmovenumber 4 currmove b3a1 perft 12501 nodes 14126 nps 15033081
info currmovenumber 5 currmove b3c1 perft 20712 nodes 15319 time 1 nps 14952207
info currmovenumber 6 currmove b3d2 perft 33444 nodes 17656 time 1 nps 14916067
info currmovenumber 7 currmove b3d4 perft 34087 nodes 19954 time 1 nps 14902354
info currmovenumber 8 currmove b3a5 perft 30889 nodes 22134 time 1 nps 14839695
info currmovenumber 9 currmove b3c5 perft 49931 nodes 24386 time 1 nps 14859436
info depth 5 perft 346695
info hwrites 1186 hhits 692 hreads 1878 hhitratio 368
bestmove 0000
>position fen r3k2r/8/8/8/3pPp2/8/8/R3K1RR b KQkq e3 0 1
>perft 6
info currmovenumber 1 currmove e8d7 perft 28439089 nodes 518690 time 39 nps 13163007
info currmovenumber 2 currmove e8e7 perft 28451141 nodes 979468 time 73 nps 13326603
info currmovenumber 3 currmove e8f7 perft 24068498 nodes 1355489 time 102 nps 13253611
info currmovenumber 4 currmove e8d8 perft 17400054 nodes 1601361 time 120 nps 13236100
info currmovenumber 5 currmove e8f8 perft 14840962 nodes 1834065 time 138 nps 13224539
info currmovenumber 6 currmove a8a1 perft 1098971 nodes 1869814 time 141 nps 13234216
info currmovenumber 7 currmove a8a2 perft 11677400 nodes 2090440 time 157 nps 13250021
info currmovenumber 8 currmove a8a3 perft 15980510 nodes 2301625 time 173 nps 13260366
info currmovenumber 9 currmove a8a4 perft 13576295 nodes 2437149 time 183 nps 13289057
info currmovenumber 10 currmove a8a5 perft 19383467 nodes 2662763 time 200 nps 13303024
info currmovenumber 11 currmove a8a6 perft 20639347 nodes 2897735 time 217 nps 13310286
info currmovenumber 12 currmove a8a7 perft 21166076 nodes 3138105 time 235 nps 13305496
info currmovenumber 13 currmove a8b8 perft 19144206 nodes 3307655 time 248 nps 13322268
info currmovenumber 14 currmove a8c8 perft 18210583 nodes 3458546 time 259 nps 13337781
info currmovenumber 15 currmove a8d8 perft 13951120 nodes 3575080 time 268 nps 13339145
info currmovenumber 16 currmove e8a8 perft 14017906 nodes 3810707 time 286 nps 13313824
info currmovenumber 17 currmove h8h1 perft 4999159 nodes 3883549 time 291 nps 13325969
info currmovenumber 18 currmove h8h2 perft 11709206 nodes 4039458 time 302 nps 13334391
info currmovenumber 19 currmove h8h3 perft 16597370 nodes 4163571 time 312 nps 13341447
info currmovenumber 20 currmove h8h4 perft 13366181 nodes 4204989 time 315 nps 13341649
info currmovenumber 21 currmove h8h5 perft 20691062 nodes 4334898 time 324 nps 13338729
info currmovenumber 22 currmove h8h6 perft 22428369 nodes 4469288 time 334 nps 13341613
info currmovenumber 23 currmove h8h7 perft 23272829 nodes 4604999 time 345 nps 13342404
info currmovenumber 24 currmove h8f8 perft 15421908 nodes 4653014 time 348 nps 13337765
info currmovenumber 25 currmove h8g8 perft 18396355 nodes 4705631 time 352 nps 13330819
info currmovenumber 26 currmove d4d3 perft 15208374 nodes 4733067 time 355 nps 13328978
info currmovenumber 27 currmove d4e3 perft 13134096 nodes 5000395 time 374 nps 13359352
info currmovenumber 28 currmove f4f3 perft 15195773 nodes 5016886 time 375 nps 13357333
info currmovenumber 29 currmove f4e3 perft 13181300 nodes 5281463 time 394 nps 13385616
info depth 6 perft 485647607
info hwrites 219492 hhits 159571 hreads 379063 hhitratio 420
bestmove 0000
>position fen r3k2r/Pppp1ppp/1b3nbN/nP6/BBP1P3/q4N2/Pp1P2PP/R2Q1RK1 w kq - 0 1
>perft 6
info currmovenumber 1 currmove g1h1 perft 149335005 nodes 2031075 time 229 nps 8851529
info currmovenumber 2 currmove f1f2 perft 123078367 nodes 3710558 time 418 nps 8863428
info currmovenumber 3 currmove b4c5 perft 87986826 nodes 4897263 time 552 nps 8862038
info currmovenumber 4 currmove f3d4 perft 129579089 nodes 6620858 time 746 nps 8865738
info currmovenumber 5 currmove c4c5 perft 92063670 nodes 7828519 time 881 nps 8876160
info currmovenumber 6 currmove d2d4 perft 124002076 nodes 9470293 time 1069 nps 8853950
info depth 6 perft 706045033
info hwrites 257469 hhits 149620 hreads 407089 hhitratio 367
bestmove 0000
>position fen 8/7p/p5pb/4k3/P1pPn3/8/P5PP/1rB2RK1 b - d3 0 28
>perft 6
info currmovenumber 1 currmove e5d4 perft 7438869 nodes 225561 time 20 nps 11246938
info currmovenumber 2 currmove e5d5 perft 7747197 nodes 464872 time 40 nps 11453466
info currmovenumber 3 currmove e5d6 perft 8335508 nodes 697626 time 59 nps 11715575
info currmovenumber 4 currmove e5e6 perft 8232156 nodes 917092 time 79 nps 11585881
info currmovenumber 5 currmove c4d3 perft 6879553 nodes 1133559 time 96 nps 11705038
info depth 6 perft 38633283
info hwrites 42910 hhits 24867 hreads 67777 hhitratio 366
bestmove 0000
>position fen 8/3K4/2p5/p2b2r1/5k2/8/8/1q6 b - - 1 67
>perft 7
info currmovenumber 1 currmove f4e3 perft 12724877 nodes 78133 time 5 nps 14736014
info currmovenumber 2 currmove f4f3 perft 10859476 nodes 134076 time 9 nps 13992994
info currmovenumber 3 currmove f4g3 perft 10914020 nodes 189911 time 14 nps 13492810
info currmovenumber 4 currmove f4e4 perft 8665333 nodes 231560 time 17 nps 13512571
info currmovenumber 5 currmove f4g4 perft 9601320 nodes 278885 time 20 nps 13597492
info currmovenumber 6 currmove f4e5 perft 7489136 nodes 320629 time 23 nps 13545381
info currmovenumber 7 currmove f4f5 perft 8897345 nodes 363924 time 27 nps 13401325
info currmovenumber 8 currmove b1a1 perft 12159133 nodes 419795 time 31 nps 13488579
info currmovenumber 9 currmove b1c1 perft 11795406 nodes 454902 time 33 nps 13488097
info currmovenumber 10 currmove b1d1 perft 11421457 nodes 490909 time 36 nps 13471357
info currmovenumber 11 currmove b1e1 perft 8802280 nodes 520936 time 38 nps 13469701
info currmovenumber 12 currmove b1f1 perft 12336624 nodes 555734 time 41 nps 13330399
info currmovenumber 13 currmove b1g1 perft 11211782 nodes 583271 time 43 nps 13257316
info currmovenumber 14 currmove b1h1 perft 11725198 nodes 612689 time 46 nps 13234948
info currmovenumber 15 currmove b1a2 perft 10314935 nodes 637839 time 48 nps 13223035
info currmovenumber 16 currmove b1b2 perft 12219229 nodes 660230 time 49 nps 13207161
info currmovenumber 17 currmove b1c2 perft 13565083 nodes 690107 time 52 nps 13198046
info currmovenumber 18 currmove b1b3 perft 9887152 nodes 707022 time 53 nps 13175338
info currmovenumber 19 currmove b1d3 perft 12203856 nodes 732140 time 55 nps 13138791
info currmovenumber 20 currmove b1b4 perft 5382673 nodes 744322 time 57 nps 13037755
info currmovenumber 21 currmove b1e4 perft 6821881 nodes 758369 time 58 nps 12959823
info currmovenumber 22 currmove b1b5 perft 8125018 nodes 776034 time 60 nps 12926766
info currmovenumber 23 currmove b1f5 perft 4367969 nodes 793573 time 61 nps 12903782
info currmovenumber 24 currmove b1b6 perft 3719107 nodes 806241 time 62 nps 12891018
info currmovenumber 25 currmove b1g6 perft 5262702 nodes 824618 time 64 nps 12883834
info currmovenumber 26 currmove b1b7 perft 1285057 nodes 830616 time 64 nps 12862481
info currmovenumber 27 currmove b1h7 perft 3254167 nodes 842423 time 65 nps 12840062
info currmovenumber 28 currmove b1b8 perft 614957 nodes 846778 time 65 nps 12830884
info currmovenumber 29 currmove g5g1 perft 12343774 nodes 877726 time 68 nps 12824184
info currmovenumber 30 currmove g5g2 perft 13413160 nodes 902834 time 70 nps 12813550
info currmovenumber 31 currmove g5g3 perft 13753970 nodes 928477 time 72 nps 12794849
info currmovenumber 32 currmove g5g4 perft 10828288 nodes 943659 time 74 nps 12727301
info currmovenumber 33 currmove g5e5 perft 5849489 nodes 957786 time 75 nps 12688111
info currmovenumber 34 currmove g5f5 perft 7932522 nodes 970231 time 76 nps 12664368
info currmovenumber 35 currmove g5h5 perft 12666335 nodes 987376 time 78 nps 12654269
info currmovenumber 36 currmove g5g6 perft 8518386 nodes 997144 time 78 nps 12642342
info currmovenumber 37 currmove g5g7 perft 2770446 nodes 1006348 time 79 nps 12626805
info currmovenumber 38 currmove g5g8 perft 4167228 nodes 1018935 time 80 nps 12617159
info currmovenumber 39 currmove d5h1 perft 11733328 nodes 1033346 time 81 nps 12608187
info currmovenumber 40 currmove d5a2 perft 12038694 nodes 1068231 time 84 nps 12630063
info currmovenumber 41 currmove d5g2 perft 12247916 nodes 1081235 time 85 nps 12615076
info currmovenumber 42 currmove d5b3 perft 14593454 nodes 1120336 time 88 nps 12600857
info currmovenumber 43 currmove d5f3 perft 14321238 nodes 1132659 time 90 nps 12521002
info currmovenumber 44 currmove d5c4 perft 16128973 nodes 1167275 time 93 nps 12493117
info currmovenumber 45 currmove d5e4 perft 14418082 nodes 1176394 time 94 nps 12467103
info currmovenumber 46 currmove d5e6 perft 10648859 nodes 1219753 time 97 nps 12486609
info currmovenumber 47 currmove d5f7 perft 12241163 nodes 1247735 time 99 nps 12498239
info currmovenumber 48 currmove d5g8 perft 12742371 nodes 1271930 time 101 nps 12522111
info currmovenumber 49 currmove a5a4 perft 11754729 nodes 1275295 time 101 nps 12514705
info currmovenumber 50 currmove c6c5 perft 12667996 nodes 1281442 time 102 nps 12509825
info depth 7 perft 493407574
info hwrites 204934 hhits 363757 hreads 568691 hhitratio 639
bestmove 0000
>position fen 8/p7/8/1P6/K1k3p1/6P1/7P/8 w - -
>perft 8
info currmovenumber 1 currmove a4a5 perft 996474 nodes 25556 time 1 nps 16677575
info currmovenumber 2 currmove a4a3 perft 2120164 nodes 59410 time 3 nps 16521575
info currmovenumber 3 currmove b5b6 perft 2429979 nodes 92094 time 5 nps 15851778
info currmovenumber 4 currmove h2h4 perft 986637 nodes 99905 time 6 nps 15704666
info currmovenumber 5 currmove h2h3 perft 1570536 nodes 110276 time 7 nps 15752728
info depth 8 perft 8103790
info hwrites 13560 hhits 21292 hreads 34852 hhitratio 610
bestmove 0000
>position fen n1n5/PPPk4/8/8/8/8/4Kppp/5N1N b - -
>perft 6
info currmovenumber 1 currmove d7c6 perft 3875735 nodes 133577 time 9 nps 13901494
info currmovenumber 2 currmove d7d6 perft 4150696 nodes 250351 time 18 nps 13780630
info currmovenumber 3 currmove d7e6 perft 4442545 nodes 368292 time 26 nps 13893501
info currmovenumber 4 currmove d7c7 perft 2665492 nodes 465820 time 33 nps 13987189
info currmovenumber 5 currmove d7e7 perft 4006487 nodes 567422 time 40 nps 13973908
info currmovenumber 6 currmove d7e8 perft 2792294 nodes 641315 time 45 nps 13958277
info currmovenumber 7 currmove c8b6 perft 3956392 nodes 727332 time 52 nps 13913267
info currmovenumber 8 currmove c8d6 perft 5264760 nodes 850651 time 60 nps 13953930
info currmovenumber 9 currmove c8a7 perft 3942027 nodes 941042 time 67 nps 14003558
info currmovenumber 10 currmove c8e7 perft 4738536 nodes 1038877 time 74 nps 13993974
info currmovenumber 11 currmove a8b6 perft 4830962 nodes 1121399 time 79 nps 14018806
info currmovenumber 12 currmove a8c7 perft 6139718 nodes 1238040 time 87 nps 14112965
info currmovenumber 13 currmove g2f1q perft 470385 nodes 1253798 time 88 nps 14102824
info currmovenumber 14 currmove g2g1q perft 3580762 nodes 1322954 time 94 nps 14068918
info currmovenumber 15 currmove g2h1q perft 2156009 nodes 1367847 time 97 nps 14029396
info currmovenumber 16 currmove g2f1r perft 1594489 nodes 1395753 time 99 nps 14009521
info currmovenumber 17 currmove g2g1r perft 4178891 nodes 1462518 time 104 nps 13989526
info currmovenumber 18 currmove g2h1r perft 1732884 nodes 1481342 time 105 nps 13982588
info currmovenumber 19 currmove g2f1b perft 548111 nodes 1492874 time 106 nps 13978791
info currmovenumber 20 currmove g2g1b perft 1585231 nodes 1501898 time 107 nps 13977058
info currmovenumber 21 currmove g2h1b perft 1956376 nodes 1530112 time 109 nps 13967314
info currmovenumber 22 currmove g2f1n perft 960124 nodes 1541660 time 110 nps 13973019
info currmovenumber 23 currmove g2g1n perft 498850 nodes 1546294 time 110 nps 13976548
info currmovenumber 24 currmove g2h1n perft 1111383 nodes 1552149 time 111 nps 13978689
info depth 6 perft 71179139
info hwrites 80377 hhits 41931 hreads 122308 hhitratio 342
bestmove 0000
>position fen r3k2r/p6p/8/B7/1pp1p3/3b4/P6P/R3K2R w KQkq -
>perft 6
info currmovenumber 1 currmove e1d2 perft 5219312 nodes 145826 time 13 nps 11176375
info currmovenumber 2 currmove e1f2 perft 5416699 nodes 281636 time 25 nps 11234042
info currmovenumber 3 currmove e1d1 perft 2997927 nodes 353498 time 31 nps 11274238
info currmovenumber 4 currmove a1b1 perft 4321724 nodes 455476 time 40 nps 11311379
info currmovenumber 5 currmove a1c1 perft 4356383 nodes 549320 time 48 nps 11376250
info currmovenumber 6 currmove a1d1 perft 3920659 nodes 638775 time 56 nps 11378765
info currmovenumber 7 currmove e1a1 perft 4238116 nodes 760344 time 66 nps 11360424
info currmovenumber 8 currmove h1f1 perft 4242336 nodes 854857 time 75 nps 11366950
info currmovenumber 9 currmove h1g1 perft 5525512 nodes 962735 time 84 nps 11440087
info currmovenumber 10 currmove a5d8 perft 4478978 nodes 1037162 time 90 nps 11415009
info currmovenumber 11 currmove a5c7 perft 5686114 nodes 1114523 time 97 nps 11418797
info currmovenumber 12 currmove a5b6 perft 6435080 nodes 1197543 time 104 nps 11408745
info currmovenumber 13 currmove a5b4 perft 4430602 nodes 1275803 time 111 nps 11420203
info currmovenumber 14 currmove a2a4 perft 3751855 nodes 1312448 time 114 nps 11415910
info currmovenumber 15 currmove a2a3 perft 4296057 nodes 1346643 time 117 nps 11420658
info currmovenumber 16 currmove h2h4 perft 4032280 nodes 1372396 time 120 nps 11416793
info currmovenumber 17 currmove h2h3 perft 3705359 nodes 1391894 time 121 nps 11412987
info depth 6 perft 77054993
info hwrites 65904 hhits 43409 hreads 109313 hhitratio 397
bestmove 0000
>position fen 8/2p5/3p4/KP5r/1R3p1k/8/4P1P1/8 w - -
>perft 7
info currmovenumber 1 currmove a5a6 perft 16022983 nodes 423886 time 32 nps 13134555
info currmovenumber 2 currmove a5a4 perft 14139786 nodes 787141 time 59 nps 13254753
info currmovenumber 3 currmove b4a4 perft 11996400 nodes 1031692 time 78 nps 13178465
info currmovenumber 4 currmove b4c4 perft 17400108 nodes 1245876 time 94 nps 13114528
info currmovenumber 5 currmove b4d4 perft 15996777 nodes 1425698 time 109 nps 13048317
info currmovenumber 6 currmove b4e4 perft 14187097 nodes 1581325 time 121 nps 12993627
info currmovenumber 7 currmove b4f4 perft 3069955 nodes 1652832 time 127 nps 12996875
info currmovenumber 8 currmove b4b3 perft 15482610 nodes 1803718 time 139 nps 12948140
info currmovenumber 9 currmove b4b2 perft 12755330 nodes 1906311 time 147 nps 12952142
info currmovenumber 10 currmove b4b1 perft 19481757 nodes 2059943 time 159 nps 12939671
info currmovenumber 11 currmove e2e4 perft 8853383 nodes 2123672 time 164 nps 12937672
info currmovenumber 12 currmove e2e3 perft 11427551 nodes 2172345 time 168 nps 12918080
info currmovenumber 13 currmove g2g4 perft 13629805 nodes 2273027 time 175 nps 12930797
info currmovenumber 14 currmove g2g3 perft 4190119 nodes 2308958 time 178 nps 12939084
info depth 7 perft 178633661
info hwrites 146101 hhits 151051 hreads 297152 hhitratio 508
bestmove 0000
>position fen 8/5p2/8/2k3P1/p3K3/8/1P6/8 b - -
>perft 8
info currmovenumber 1 currmove c5b4 perft 4669642 nodes 78022 time 4 nps 16043570
info currmovenumber 2 currmove c5c4 perft 4208721 nodes 117484 time 7 nps 16270933
info currmovenumber 3 currmove c5b5 perft 7866067 nodes 168371 time 10 nps 16529990
info currmovenumber 4 currmove c5b6 perft 10577513 nodes 221343 time 13 nps 16734764
info currmovenumber 5 currmove c5c6 perft 10191758 nodes 258329 time 15 nps 16817561
info currmovenumber 6 currmove c5d6 perft 8078254 nodes 293727 time 17 nps 16894645
info currmovenumber 7 currmove a4a3 perft 9390584 nodes 334000 time 20 nps 16688355
info currmovenumber 8 currmove f7f5 perft 3241645 nodes 345979 time 20 nps 16583692
info currmovenumber 9 currmove f7f6 perft 6227221 nodes 356311 time 21 nps 16558533
info depth 8 perft 64451405
info hwrites 38889 hhits 66551 hreads 105440 hhitratio 631
bestmove 0000
>position fen r3k2r/pb3p2/5npp/n2p4/1p1PPB2/6P1/P2N1PBP/R3K2R w KQkq -
>perft 5
info currmovenumber 1 currmove e1e2 perft 1244723 nodes 34929 time 2 nps 11770271
info currmovenumber 2 currmove e1d1 perft 869971 nodes 62133 time 5 nps 11777207
info currmovenumber 3 currmove e1f1 perft 691718 nodes 85113 time 7 nps 11715619
info currmovenumber 4 currmove a1b1 perft 969990 nodes 112392 time 9 nps 11620405
info currmovenumber 5 currmove a1c1 perft 1139670 nodes 140145 time 12 nps 11528882
info currmovenumber 6 currmove a1d1 perft 822076 nodes 163197 time 14 nps 11490855
info currmovenumber 7 currmove e1a1 perft 769767 nodes 189488 time 16 nps 11514243
info currmovenumber 8 currmove e1h1 perft 830094 nodes 214325 time 18 nps 11512764
info currmovenumber 9 currmove h1f1 perft 771161 nodes 235623 time 20 nps 11499390
info currmovenumber 10 currmove h1g1 perft 911131 nodes 257874 time 22 nps 11503181
info currmovenumber 11 currmove f4b8 perft 695555 nodes 274459 time 23 nps 11506254
info currmovenumber 12 currmove f4c7 perft 849461 nodes 291587 time 25 nps 11496961
info currmovenumber 13 currmove f4d6 perft 834696 nodes 307585 time 26 nps 11485317
info currmovenumber 14 currmove f4h6 perft 774908 nodes 326323 time 28 nps 11482997
info currmovenumber 15 currmove f4e5 perft 830184 nodes 342133 time 29 nps 11464586
info currmovenumber 16 currmove f4g5 perft 845313 nodes 360159 time 31 nps 11424652
info currmovenumber 17 currmove f4e3 perft 769670 nodes 376676 time 33 nps 11408085
info currmovenumber 18 currmove g2f3 perft 916122 nodes 390882 time 34 nps 11393819
info currmovenumber 19 currmove g2h3 perft 868271 nodes 403656 time 35 nps 11369933
info currmovenumber 20 currmove g2f1 perft 906716 nodes 418981 time 36 nps 11350914
info currmovenumber 21 currmove d2c4 perft 1226344 nodes 436854 time 38 nps 11350356
info currmovenumber 22 currmove d2b3 perft 921727 nodes 449153 time 39 nps 11345828
info currmovenumber 23 currmove d2f3 perft 930655 nodes 461642 time 40 nps 11345611
info currmovenumber 24 currmove d2b1 perft 744536 nodes 473229 time 41 nps 11345423
info currmovenumber 25 currmove d2f1 perft 698730 nodes 483897 time 42 nps 11338301
info currmovenumber 26 currmove e4d5 perft 1020488 nodes 496158 time 43 nps 11331224
info currmovenumber 27 currmove e4e5 perft 793857 nodes 506616 time 44 nps 11332709
info currmovenumber 28 currmove g3g4 perft 962498 nodes 515158 time 45 nps 11325854
info currmovenumber 29 currmove f2f3 perft 808267 nodes 521004 time 46 nps 11318459
info currmovenumber 30 currmove a2a4 perft 933725 nodes 550168 time 48 nps 11321143
info currmovenumber 31 currmove a2a3 perft 1008885 nodes 556092 time 49 nps 11302100
info currmovenumber 32 currmove h2h4 perft 958286 nodes 561865 time 49 nps 11294014
info currmovenumber 33 currmove h2h3 perft 860698 nodes 566001 time 50 nps 11284351
info depth 5 perft 29179893
info hwrites 19423 hhits 12485 hreads 31908 hhitratio 391
bestmove 0000
>set UCI_Chess960 false
>position fen rnbqkbnr/pppppppp///4P//PPPP1PPP/RNBQKBNR b qkQK e3 0 1 moves g8h6 e4e5 f7f5
>isready
info eval score cp 53 fen rnbqkb1r/ppppp1pp/7n/4Pp2/8/8/PPPP1PPP/RNBQKBNR w KQkq f6 0 3
readyok
>perft 6
info currmovenumber 1 currmove e1e2 perft 5390634 nodes 160431 time 17 nps 9406545
info currmovenumber 2 currmove d1h5 perft 979924 nodes 209982 time 22 nps 9386026
info currmovenumber 3 currmove d1g4 perft 13618644 nodes 626269 time 65 nps 9498969
info currmovenumber 4 currmove d1f3 perft 13202224 nodes 963868 time 101 nps 9494962
info currmovenumber 5 currmove d1e2 perft 8190360 nodes 1140903 time 120 nps 9464639
info currmovenumber 6 currmove f1a6 perft 7332653 nodes 1352158 time 142 nps 9469263
info currmovenumber 7 currmove f1b5 perft 6291500 nodes 1516726 time 160 nps 9456887
info currmovenumber 8 currmove f1c4 perft 8507348 nodes 1729027 time 182 nps 9467323
info currmovenumber 9 currmove f1d3 perft 8144206 nodes 1917832 time 202 nps 9483621
info currmovenumber 10 currmove f1e2 perft 6639258 nodes 2082544 time 219 nps 9492821
info currmovenumber 11 currmove b1a3 perft 7535899 nodes 2234401 time 235 nps 9497169
info currmovenumber 12 currmove b1c3 perft 9044741 nodes 2415671 time 253 nps 9519689
info currmovenumber 13 currmove g1f3 perft 6716187 nodes 2547281 time 267 nps 9515298
info currmovenumber 14 currmove g1h3 perft 7267772 nodes 2667646 time 280 nps 9516916
info currmovenumber 15 currmove g1e2 perft 5179235 nodes 2785358 time 292 nps 9512884
info currmovenumber 16 currmove e5e6 perft 5979034 nodes 2886753 time 303 nps 9517257
info currmovenumber 17 currmove e5f6 perft 12010133 nodes 3199735 time 335 nps 9535926
info currmovenumber 18 currmove d2d4 perft 11790960 nodes 3429074 time 359 nps 9536611
info currmovenumber 19 currmove d2d3 perft 9141051 nodes 3611212 time 378 nps 9529247
info currmovenumber 20 currmove c2c4 perft 7336306 nodes 3731368 time 391 nps 9525982
info currmovenumber 21 currmove c2c3 perft 7969295 nodes 3849101 time 404 nps 9526135
info currmovenumber 22 currmove f2f4 perft 6255103 nodes 3935273 time 413 nps 9524533
info currmovenumber 23 currmove f2f3 perft 5977053 nodes 4009605 time 421 nps 9523923
info currmovenumber 24 currmove b2b4 perft 8111112 nodes 4090064 time 429 nps 9522015
info currmovenumber 25 currmove b2b3 perft 8104141 nodes 4170104 time 437 nps 9523064
info currmovenumber 26 currmove g2g4 perft 8527339 nodes 4249826 time 446 nps 9518996
info currmovenumber 27 currmove g2g3 perft 8056798 nodes 4311448 time 452 nps 9518969
info currmovenumber 28 currmove a2a4 perft 8175355 nodes 4368066 time 458 nps 9517294
info currmovenumber 29 currmove a2a3 perft 7140492 nodes 4404375 time 462 nps 9516956
info currmovenumber 30 currmove h2h4 perft 8277323 nodes 4444994 time 467 nps 9515396
info currmovenumber 31 currmove h2h3 perft 7171219 nodes 4466746 time 469 nps 9514178
info depth 6 perft 244063299
info hwrites 144353 hhits 83144 hreads 227497 hhitratio 365
bestmove 0000
>position fen 8/PPP4k/8/8/8/8/4Kppp/8 w - - 0 1
>perft 6
info currmovenumber 1 currmove e2d3 perft 2288102 nodes 74525 time 5 nps 13471152
info currmovenumber 2 currmove e2e3 perft 2257286 nodes 134796 time 9 nps 13516067
info currmovenumber 3 currmove e2f3 perft 1678369 nodes 178681 time 13 nps 13478221
info currmovenumber 4 currmove e2d2 perft 2164860 nodes 231282 time 17 nps 13432259
info currmovenumber 5 currmove e2f2 perft 721536 nodes 262444 time 19 nps 13444921
info currmovenumber 6 currmove e2d1 perft 845169 nodes 281833 time 21 nps 13409447
info currmovenumber 7 currmove c7c8q perft 2788607 nodes 376575 time 28 nps 13325852
info currmovenumber 8 currmove c7c8r perft 2589529 nodes 450827 time 33 nps 13294516
info currmovenumber 9 currmove c7c8b perft 1772616 nodes 493902 time 37 nps 13274327
info currmovenumber 10 currmove c7c8n perft 1510152 nodes 528861 time 39 nps 13313971
info currmovenumber 11 currmove b7b8q perft 2659713 nodes 595119 time 44 nps 13277447
info currmovenumber 12 currmove b7b8r perft 2713309 nodes 657416 time 49 nps 13244227
info currmovenumber 13 currmove b7b8b perft 1161336 nodes 669979 time 50 nps 13232250
info currmovenumber 14 currmove b7b8n perft 1507749 nodes 692956 time 52 nps 13245378
info currmovenumber 15 currmove a7a8q perft 2713687 nodes 744159 time 56 nps 13234685
info currmovenumber 16 currmove a7a8r perft 2681805 nodes 791358 time 59 nps 13234517
info currmovenumber 17 currmove a7a8b perft 1101674 nodes 792628 time 59 nps 13229681
info currmovenumber 18 currmove a7a8n perft 1181278 nodes 797106 time 60 nps 13229062
info depth 6 perft 34336777
info hwrites 42712 hhits 18303 hreads 61015 hhitratio 299
bestmove 0000
>position fen 2rkr3/5PP1/8/5Q2/5q2/8/5pp1/2RKR3 w KQkq - 0 1
>perft 5
info currmovenumber 1 currmove f5c8 perft 0 nodes 1 nps 519750
info currmovenumber 2 currmove f5d7 perft 33556 nodes 1422 nps 10338885
info currmovenumber 3 currmove f5h7 perft 2479500 nodes 78998 time 6 nps 11537557
info currmovenumber 4 currmove f5e6 perft 2455405 nodes 138045 time 12 nps 11372165
info currmovenumber 5 currmove f5f6 perft 153636 nodes 142369 time 12 nps 11360701
info currmovenumber 6 currmove f5g6 perft 2790851 nodes 203826 time 17 nps 11384172
info currmovenumber 7 currmove f5a5 perft 195684 nodes 208224 time 18 nps 11370942
info currmovenumber 8 currmove f5b5 perft 3043932 nodes 273746 time 24 nps 11338258
info currmovenumber 9 currmove f5c5 perft 2430292 nodes 326919 time 28 nps 11307122
info currmovenumber 10 currmove f5d5 perft 25922 nodes 327821 time 29 nps 11300937
info currmovenumber 11 currmove f5e5 perft 2332455 nodes 372350 time 32 nps 11308027
info currmovenumber 12 currmove f5g5 perft 209901 nodes 376803 time 33 nps 11305049
info currmovenumber 13 currmove f5h5 perft 2856956 nodes 431168 time 38 nps 11338974
info currmovenumber 14 currmove f5e4 perft 2692578 nodes 473391 time 41 nps 11320780
info currmovenumber 15 currmove f5f4 perft 1290723 nodes 506239 time 44 nps 11316546
info currmovenumber 16 currmove f5g4 perft 2452540 nodes 553789 time 48 nps 11304262
info currmovenumber 17 currmove f5d3 perft 52493 nodes 555665 time 49 nps 11299344
info currmovenumber 18 currmove f5h3 perft 2929122 nodes 605493 time 53 nps 11299801
info currmovenumber 19 currmove f5c2 perft 2370891 nodes 646644 time 57 nps 11308789
info currmovenumber 20 currmove f5b1 perft 2490353 nodes 694566 time 61 nps 11325633
info currmovenumber 21 currmove e1e8 perft 0 nodes 694567 time 61 nps 11323735
info currmovenumber 22 currmove e1e7 perft 1864744 nodes 738270 time 65 nps 11331087
info currmovenumber 23 currmove e1e6 perft 2063082 nodes 778565 time 68 nps 11340221
info currmovenumber 24 currmove e1e5 perft 1552918 nodes 808427 time 71 nps 11346139
info currmovenumber 25 currmove e1e4 perft 1726492 nodes 839721 time 74 nps 11337822
info currmovenumber 26 currmove e1e3 perft 2368041 nodes 879148 time 77 nps 11325505
info currmovenumber 27 currmove e1e2 perft 2297688 nodes 916397 time 80 nps 11316606
info currmovenumber 28 currmove e1f1 perft 1891641 nodes 953162 time 84 nps 11322987
info currmovenumber 29 currmove e1g1 perft 1734862 nodes 989151 time 87 nps 11326954
info currmovenumber 30 currmove e1h1 perft 2417856 nodes 1035681 time 91 nps 11327480
info currmovenumber 31 currmove c1c8 perft 0 nodes 1035682 time 91 nps 11326313
info currmovenumber 32 currmove c1c7 perft 2248193 nodes 1077136 time 95 nps 11314561
info currmovenumber 33 currmove c1c6 perft 2673833 nodes 1116156 time 98 nps 11301604
info currmovenumber 34 currmove c1c5 perft 2354672 nodes 1147395 time 101 nps 11289665
info currmovenumber 35 currmove c1c4 perft 2621856 nodes 1180454 time 104 nps 11272835
info currmovenumber 36 currmove c1c3 perft 3099575 nodes 1219579 time 108 nps 11250698
info currmovenumber 37 currmove c1c2 perft 2812131 nodes 1253200 time 111 nps 11230317
info currmovenumber 38 currmove c1a1 perft 2897670 nodes 1285922 time 114 nps 11224660
info currmovenumber 39 currmove c1b1 perft 2777859 nodes 1316132 time 117 nps 11215626
info currmovenumber 40 currmove f7e8q perft 0 nodes 1316133 time 117 nps 11214516
info currmovenumber 41 currmove f7f8q perft 2131021 nodes 1338460 time 119 nps 11202076
info currmovenumber 42 currmove f7e8r perft 0 nodes 1338461 time 119 nps 11201165
info currmovenumber 43 currmove f7f8r perft 1815185 nodes 1356020 time 121 nps 11195833
info currmovenumber 44 currmove f7e8b perft 1926880 nodes 1378742 time 123 nps 11192405
info currmovenumber 45 currmove f7f8b perft 2393335 nodes 1401889 time 125 nps 11179960
info currmovenumber 46 currmove f7e8n perft 1630289 nodes 1419527 time 126 nps 11178553
info currmovenumber 47 currmove f7f8n perft 2285926 nodes 1441205 time 128 nps 11176252
info currmovenumber 48 currmove g7g8q perft 2524925 nodes 1460681 time 130 nps 11167294
info currmovenumber 49 currmove g7g8r perft 2392543 nodes 1478253 time 132 nps 11161237
info currmovenumber 50 currmove g7g8b perft 2202248 nodes 1487427 time 133 nps 11155353
info currmovenumber 51 currmove g7g8n perft 2377894 nodes 1500102 time 134 nps 11148406
info depth 5 perft 94370149
info hwrites 45585 hhits 27081 hreads 72666 hhitratio 372
bestmove 0000
>set UCI_Chess960 true
>position fen bnrbnkrq/pppppppp/8/8/8/8/PPPPPPPP/BNRBNKRQ w CGkq - 0 1
>perft 6
info currmovenumber 1 currmove f1g1 perft 5384650 nodes 137301 time 15 nps 8983077
info currmovenumber 2 currmove e1d3 perft 6871686 nodes 306819 time 33 nps 9098727
info currmovenumber 3 currmove e1f3 perft 6591849 nodes 455677 time 49 nps 9201087
info currmovenumber 4 currmove b1a3 perft 5949256 nodes 580338 time 63 nps 9200531
info currmovenumber 5 currmove b1c3 perft 6666016 nodes 714391 time 78 nps 9139368
info currmovenumber 6 currmove d2d4 perft 5771449 nodes 836861 time 92 nps 9052977
info currmovenumber 7 currmove d2d3 perft 5400151 nodes 948790 time 104 nps 9068820
info currmovenumber 8 currmove e2e4 perft 7751988 nodes 1094818 time 120 nps 9079179
info currmovenumber 9 currmove e2e3 perft 7990495 nodes 1242920 time 136 nps 9086382
info currmovenumber 10 currmove c2c4 perft 8688295 nodes 1396575 time 153 nps 9096722
info currmovenumber 11 currmove c2c3 perft 7253962 nodes 1518835 time 166 nps 9105902
info currmovenumber 12 currmove f2f4 perft 6017884 nodes 1601392 time 175 nps 9112483
info currmovenumber 13 currmove f2f3 perft 5207105 nodes 1668640 time 183 nps 9115814
info currmovenumber 14 currmove b2b4 perft 7975710 nodes 1774655 time 194 nps 9123582
info currmovenumber 15 currmove b2b3 perft 7922212 nodes 1879238 time 205 nps 9134450
info currmovenumber 16 currmove g2g4 perft 11178440 nodes 2030124 time 222 nps 9121753
info currmovenumber 17 currmove g2g3 perft 10455634 nodes 2164358 time 237 nps 9115831
info currmovenumber 18 currmove a2a4 perft 5390516 nodes 2190888 time 240 nps 9115566
info currmovenumber 19 currmove a2a3 perft 4961804 nodes 2209620 time 242 nps 9115970
info currmovenumber 20 currmove h2h4 perft 6613405 nodes 2236449 time 245 nps 9113752
info currmovenumber 21 currmove h2h3 perft 5956752 nodes 2251827 time 247 nps 9113474
info depth 6 perft 145999259
info hwrites 89481 hhits 59351 hreads 148832 hhitratio 398
bestmove 0000
>position fen rbknqnbr/pppppppp/8/8/8/8/PPPPPPPP/RBKNQNBR w ahKQ - 0 1
>perft 6
info currmovenumber 1 currmove d1c3 perft 6222344 nodes 164935 time 18 nps 8876786
info currmovenumber 2 currmove d1e3 perft 5864998 nodes 307238 time 33 nps 9118331
info currmovenumber 3 currmove f1e3 perft 5452108 nodes 439188 time 47 nps 9193017
info currmovenumber 4 currmove f1g3 perft 5500248 nodes 557009 time 60 nps 9187065
info currmovenumber 5 currmove d2d4 perft 7551236 nodes 725907 time 79 nps 9172892
info currmovenumber 6 currmove d2d3 perft 7529270 nodes 892605 time 97 nps 9168772
info currmovenumber 7 currmove e2e4 perft 5779858 nodes 1015541 time 110 nps 9161075
info currmovenumber 8 currmove e2e3 perft 4262269 nodes 1101330 time 120 nps 9152665
info currmovenumber 9 currmove c2c4 perft 7764364 nodes 1257070 time 137 nps 9146974
info currmovenumber 10 currmove c2c3 perft 7261035 nodes 1399329 time 153 nps 9143571
info currmovenumber 11 currmove f2f4 perft 9453215 nodes 1565630 time 171 nps 9126610
info currmovenumber 12 currmove f2f3 perft 9653727 nodes 1733065 time 190 nps 9119550
info currmovenumber 13 currmove b2b4 perft 5552051 nodes 1793648 time 196 nps 9120367
info currmovenumber 14 currmove b2b3 perft 5492519 nodes 1852066 time 203 nps 9123177
info currmovenumber 15 currmove g2g4 perft 4765131 nodes 1891096 time 207 nps 9119996
info currmovenumber 16 currmove g2g3 perft 4222402 nodes 1920869 time 210 nps 9117486
info currmovenumber 17 currmove a2a4 perft 6107433 nodes 1965301 time 215 nps 9112607
info currmovenumber 18 currmove a2a3 perft 5592329 nodes 1999795 time 219 nps 9109989
info currmovenumber 19 currmove h2h4 perft 6477291 nodes 2036264 time 223 nps 9103534
info currmovenumber 20 currmove h2h3 perft 5976212 nodes 2063141 time 226 nps 9100401
info depth 6 perft 126480040
info hwrites 82387 hhits 50921 hreads 133308 hhitratio 381
bestmove 0000
>position fen qbrnnkbr/pppppppp/8/8/8/8/PPPPPPPP/QBRNNKBR w KQkq - 0 1
>perft 6
info currmovenumber 1 currmove d1c3 perft 5662221 nodes 149564 time 15 nps 9394864
info currmovenumber 2 currmove d1e3 perft 5829003 nodes 290530 time 30 nps 9382857
info currmovenumber 3 currmove e1d3 perft 5805946 nodes 424463 time 45 nps 9414445
info currmovenumber 4 currmove e1f3 perft 5698656 nodes 548407 time 58 nps 9452899
info currmovenumber 5 currmove d2d4 perft 4479130 nodes 648971 time 68 nps 9410549
info currmovenumber 6 currmove d2d3 perft 4067554 nodes 738975 time 78 nps 9388812
info currmovenumber 7 currmove e2e4 perft 4876506 nodes 839561 time 89 nps 9383428
info currmovenumber 8 currmove e2e3 perft 4449419 nodes 927930 time 98 nps 9381807
info currmovenumber 9 currmove c2c4 perft 8769552 nodes 1109520 time 118 nps 9324154
info currmovenumber 10 currmove c2c3 perft 7618368 nodes 1260921 time 135 nps 9291185
info currmovenumber 11 currmove f2f4 perft 8060064 nodes 1409165 time 151 nps 9281708
info currmovenumber 12 currmove f2f3 perft 7587173 nodes 1544469 time 166 nps 9271419
info currmovenumber 13 currmove b2b4 perft 7564371 nodes 1657519 time 178 nps 9267527
info currmovenumber 14 currmove b2b3 perft 7450972 nodes 1768015 time 190 nps 9270186
info currmovenumber 15 currmove g2g4 perft 5427135 nodes 1814549 time 195 nps 9271979
info currmovenumber 16 currmove g2g3 perft 5327877 nodes 1859038 time 200 nps 9276457
info currmovenumber 17 currmove a2a4 perft 5973602 nodes 1903475 time 205 nps 9271364
info currmovenumber 18 currmove a2a3 perft 5504271 nodes 1938151 time 209 nps 9271204
info currmovenumber 19 currmove h2h4 perft 5982836 nodes 1968102 time 212 nps 9266517
info currmovenumber 20 currmove h2h3 perft 5478500 nodes 1988785 time 214 nps 9265365
info depth 6 perft 121613156
info hwrites 80537 hhits 50344 hreads 130881 hhitratio 384
bestmove 0000
>position fen nqbnrbkr/pppppppp/8/8/8/8/PPPPPPPP/NQBNRBKR w KQkq - 0 1
>perft 6
info currmovenumber 1 currmove d1c3 perft 4626221 nodes 128388 time 14 nps 9010851
info currmovenumber 2 currmove d1e3 perft 4529888 nodes 243686 time 26 nps 9245632
info currmovenumber 3 currmove a1b3 perft 4709774 nodes 356638 time 38 nps 9293479
info currmovenumber 4 currmove d2d4 perft 5527448 nodes 491697 time 53 nps 9236559
info currmovenumber 5 currmove d2d3 perft 5376279 nodes 620841 time 67 nps 9202653
info currmovenumber 6 currmove e2e4 perft 6424166 nodes 771238 time 83 nps 9193651
info currmovenumber 7 currmove e2e3 perft 5444232 nodes 898124 time 97 nps 9189338
info currmovenumber 8 currmove c2c4 perft 6164398 nodes 1032852 time 112 nps 9204581
info currmovenumber 9 currmove c2c3 perft 5729588 nodes 1154537 time 125 nps 9220302
info currmovenumber 10 currmove f2f4 perft 4250762 nodes 1218887 time 132 nps 9213347
info currmovenumber 11 currmove f2f3 perft 4322943 nodes 1281793 time 139 nps 9208994
info currmovenumber 12 currmove b2b4 perft 5565823 nodes 1367745 time 148 nps 9199583
info currmovenumber 13 currmove b2b3 perft 4746410 nodes 1433977 time 155 nps 9194493
info currmovenumber 14 currmove g2g4 perft 4765098 nodes 1483021 time 161 nps 9191093
info currmovenumber 15 currmove g2g3 perft 4791415 nodes 1531640 time 166 nps 9190416
info currmovenumber 16 currmove a2a4 perft 3959132 nodes 1554181 time 169 nps 9185779
info currmovenumber 17 currmove a2a3 perft 3948972 nodes 1576122 time 171 nps 9183462
info currmovenumber 18 currmove h2h4 perft 4739208 nodes 1600935 time 174 nps 9179043
info currmovenumber 19 currmove h2h3 perft 4267199 nodes 1617072 time 176 nps 9177634
info depth 6 perft 93888956
info hwrites 68209 hhits 41745 hreads 109954 hhitratio 379
bestmove 0000
>position fen nrnkbqrb/pppppppp/8/8/8/8/PPPPPPPP/NRNKBQRB w KQkq - 0 1
>perft 6
info currmovenumber 1 currmove c1b3 perft 4670341 nodes 130182 time 13 nps 9480212
info currmovenumber 2 currmove c1d3 perft 5388264 nodes 266925 time 28 nps 9514956
info currmovenumber 3 currmove a1b3 perft 4428006 nodes 378424 time 39 nps 9513506
info currmovenumber 4 currmove d2d4 perft 5505872 nodes 519432 time 55 nps 9430610
info currmovenumber 5 currmove d2d3 perft 5090157 nodes 646533 time 68 nps 9386248
info currmovenumber 6 currmove e2e4 perft 6619971 nodes 795140 time 85 nps 9336273
info currmovenumber 7 currmove e2e3 perft 6683675 nodes 944101 time 101 nps 9308120
info currmovenumber 8 currmove c2c4 perft 4411656 nodes 1022861 time 110 nps 9285590
info currmovenumber 9 currmove c2c3 perft 4325341 nodes 1099306 time 118 nps 9272850
info currmovenumber 10 currmove f2f4 perft 5848440 nodes 1197271 time 129 nps 9237189
info currmovenumber 11 currmove f2f3 perft 5158869 nodes 1278790 time 138 nps 9216741
info currmovenumber 12 currmove b2b4 perft 4504779 nodes 1346894 time 146 nps 9213897
info currmovenumber 13 currmove b2b3 perft 3396536 nodes 1389429 time 150 nps 9213382
info currmovenumber 14 currmove g2g4 perft 8115924 nodes 1509680 time 164 nps 9197842
info currmovenumber 15 currmove g2g3 perft 7418288 nodes 1614737 time 175 nps 9192288
info currmovenumber 16 currmove a2a4 perft 4045605 nodes 1636388 time 178 nps 9190082
info currmovenumber 17 currmove a2a3 perft 4060883 nodes 1657717 time 180 nps 9189908
info currmovenumber 18 currmove h2h4 perft 3691602 nodes 1663479 time 181 nps 9187658
info currmovenumber 19 currmove h2h3 perft 3680521 nodes 1668764 time 181 nps 9186677
info depth 6 perft 97044730
info hwrites 68997 hhits 41868 hreads 110865 hhitratio 377
bestmove 0000
>position fen rbbknnqr/pppppppp/8/8/8/8/PPPPPPPP/RBBKNNQR w KQkq - 0 1
>perft 6
info currmovenumber 1 currmove e1d3 perft 5699687 nodes 152278 time 16 nps 9352326
info currmovenumber 2 currmove e1f3 perft 5827956 nodes 293860 time 31 nps 9430205
info currmovenumber 3 currmove f1e3 perft 5815797 nodes 427156 time 45 nps 9354881
info currmovenumber 4 currmove f1g3 perft 5466351 nodes 544364 time 58 nps 9326640
info currmovenumber 5 currmove d2d4 perft 7670119 nodes 726388 time 78 nps 9285382
info currmovenumber 6 currmove d2d3 perft 7084052 nodes 892209 time 96 nps 9257014
info currmovenumber 7 currmove e2e4 perft 5044308 nodes 991825 time 107 nps 9249104
info currmovenumber 8 currmove e2e3 perft 4447711 nodes 1078225 time 116 nps 9245968
info currmovenumber 9 currmove c2c4 perft 8160119 nodes 1234194 time 133 nps 9242462
info currmovenumber 10 currmove c2c3 perft 8274795 nodes 1389477 time 150 nps 9242567
info currmovenumber 11 currmove f2f4 perft 7479051 nodes 1525045 time 165 nps 9236789
info currmovenumber 12 currmove f2f3 perft 7113119 nodes 1648631 time 178 nps 9227796
info currmovenumber 13 currmove b2b4 perft 5583381 nodes 1710437 time 185 nps 9227769
info currmovenumber 14 currmove b2b3 perft 5519854 nodes 1771143 time 192 nps 9199325
info currmovenumber 15 currmove g2g4 perft 6152911 nodes 1839122 time 200 nps 9190608
info currmovenumber 16 currmove g2g3 perft 5072371 nodes 1885419 time 205 nps 9188738
info currmovenumber 17 currmove a2a4 perft 6042652 nodes 1929399 time 210 nps 9185351
info currmovenumber 18 currmove a2a3 perft 5498304 nodes 1963487 time 213 nps 9183929
info currmovenumber 19 currmove h2h4 perft 6486895 nodes 2000741 time 217 nps 9178510
info currmovenumber 20 currmove h2h3 perft 5941963 nodes 2027794 time 220 nps 9176080
info depth 6 perft 124381396
info hwrites 81706 hhits 50920 hreads 132626 hhitratio 383
bestmove 0000
>position fen r1k1r2q/p1ppp1pp/8/8/8/8/P1PPP1PP/R1K1R2Q w KQkq -
>perft 6
info currmovenumber 1 currmove c1b2 perft 7716113 nodes 201729 time 21 nps 9426228
info currmovenumber 2 currmove c1b1 perft 5287176 nodes 329433 time 33 nps 9714268
info currmovenumber 3 currmove c1d1 perft 5355821 nodes 458277 time 46 nps 9857542
info currmovenumber 4 currmove h1f1 perft 9532246 nodes 678089 time 68 nps 9960350
info currmovenumber 5 currmove h1g1 perft 10123479 nodes 892462 time 89 nps 10009629
info currmovenumber 6 currmove c1e1 perft 9180393 nodes 1124815 time 111 nps 10054021
info currmovenumber 7 currmove e1d1 perft 6271163 nodes 1252876 time 124 nps 10068939
info currmovenumber 8 currmove e1f1 perft 9534409 nodes 1445758 time 143 nps 10081773
info currmovenumber 9 currmove e1g1 perft 5560154 nodes 1544082 time 152 nps 10092693
info currmovenumber 10 currmove a1b1 perft 8535014 nodes 1708818 time 168 nps 10136515
info currmovenumber 11 currmove c1a1 perft 4733447 nodes 1794075 time 176 nps 10137825
info currmovenumber 12 currmove d2d4 perft 7075489 nodes 1893773 time 186 nps 10132610
info currmovenumber 13 currmove d2d3 perft 7096357 nodes 1991511 time 196 nps 10127491
info currmovenumber 14 currmove e2e4 perft 7712927 nodes 2084837 time 205 nps 10126749
info currmovenumber 15 currmove e2e3 perft 7035923 nodes 2166579 time 213 nps 10127012
info currmovenumber 16 currmove c2c4 perft 7008068 nodes 2234001 time 220 nps 10124367
info currmovenumber 17 currmove c2c3 perft 7117319 nodes 2301344 time 227 nps 10123664
info currmovenumber 18 currmove g2g4 perft 9171407 nodes 2407725 time 237 nps 10124565
info currmovenumber 19 currmove g2g3 perft 9195544 nodes 2513945 time 248 nps 10127890
info currmovenumber 20 currmove a2a4 perft 7644067 nodes 2557250 time 252 nps 10124683
info currmovenumber 21 currmove a2a3 perft 7066835 nodes 2590505 time 255 nps 10123776
info currmovenumber 22 currmove h2h4 perft 7749409 nodes 2620975 time 259 nps 10119501
info currmovenumber 23 currmove h2h3 perft 7140729 nodes 2640310 time 260 nps 10118324
info depth 6 perft 172843489
info hwrites 106102 hhits 73019 hreads 179121 hhitratio 407
bestmove 0000
>position fen r1k2r1q/p1ppp1pp/8/8/8/8/P1PPP1PP/R1K2R1Q w KQkq - 0 1
>perft 6
info currmovenumber 1 currmove c1b2 perft 18679872 nodes 400893 time 39 nps 10050141
info currmovenumber 2 currmove c1b1 perft 12205218 nodes 649133 time 64 nps 10048930
info currmovenumber 3 currmove c1d1 perft 13347851 nodes 927704 time 91 nps 10099440
info currmovenumber 4 currmove h1g1 perft 21405374 nodes 1351371 time 134 nps 10078293
info currmovenumber 5 currmove f1f8 perft 916978 nodes 1384454 time 137 nps 10076020
info currmovenumber 6 currmove f1f7 perft 11006043 nodes 1620270 time 159 nps 10130842
info currmovenumber 7 currmove f1f6 perft 16381350 nodes 1911708 time 188 nps 10162899
info currmovenumber 8 currmove f1f5 perft 17181003 nodes 2201937 time 216 nps 10182071
info currmovenumber 9 currmove f1f4 perft 19243863 nodes 2513065 time 246 nps 10192923
info currmovenumber 10 currmove f1f3 perft 20702065 nodes 2838213 time 278 nps 10197178
info currmovenumber 11 currmove f1f2 perft 15035922 nodes 3046885 time 298 nps 10197665
info currmovenumber 12 currmove f1d1 perft 11521031 nodes 3206794 time 314 nps 10188622
info currmovenumber 13 currmove f1e1 perft 12274064 nodes 3391190 time 333 nps 10182501
info currmovenumber 14 currmove f1g1 perft 9825966 nodes 3509716 time 344 nps 10178388
info currmovenumber 15 currmove a1b1 perft 17352612 nodes 3766496 time 369 nps 10190510
info currmovenumber 16 currmove c1a1 perft 12896308 nodes 3937097 time 386 nps 10181136
info currmovenumber 17 currmove d2d4 perft 15133295 nodes 4098313 time 402 nps 10173143
info currmovenumber 18 currmove d2d3 perft 15170473 nodes 4256979 time 418 nps 10165140
info currmovenumber 19 currmove e2e4 perft 13993592 nodes 4372612 time 430 nps 10158901
info currmovenumber 20 currmove e2e3 perft 13893912 nodes 4489569 time 442 nps 10154878
info currmovenumber 21 currmove c2c4 perft 15016454 nodes 4601375 time 453 nps 10150528
info currmovenumber 22 currmove c2c3 perft 15225756 nodes 4713216 time 464 nps 10146313
info currmovenumber 23 currmove g2g4 perft 18464391 nodes 4876966 time 480 nps 10140127
info currmovenumber 24 currmove g2g3 perft 18507959 nodes 5040562 time 497 nps 10134870
info currmovenumber 25 currmove a2a4 perft 16218247 nodes 5114253 time 504 nps 10130850
info currmovenumber 26 currmove a2a3 perft 15127393 nodes 5172549 time 510 nps 10126978
info currmovenumber 27 currmove h2h4 perft 16435151 nodes 5226005 time 516 nps 10122856
info currmovenumber 28 currmove h2h3 perft 15268455 nodes 5262342 time 519 nps 10120795
info depth 6 perft 418430598
info hwrites 188090 hhits 137889 hreads 325979 hhitratio 422
bestmove 0000
>position fen 8/8/8/4B2b/6nN/8/5P2/2R1K2k w Q - 0 1
>perft 6
info currmovenumber 1 currmove e1d2 perft 0 nodes 1 nps 222816
info currmovenumber 2 currmove e1e2 perft 0 nodes 2 nps 160991
info currmovenumber 3 currmove e1d1 perft 598958 nodes 36602 time 2 nps 15054243
info currmovenumber 4 currmove e1f1 perft 872766 nodes 87477 time 5 nps 15231059
info currmovenumber 5 currmove c1c8 perft 1972915 nodes 184955 time 11 nps 15581832
info currmovenumber 6 currmove c1c7 perft 1839007 nodes 261210 time 16 nps 15650722
info currmovenumber 7 currmove c1c6 perft 1896172 nodes 338149 time 21 nps 15693193
info currmovenumber 8 currmove c1c5 perft 1717946 nodes 403979 time 25 nps 15732852
info currmovenumber 9 currmove c1c4 perft 1829021 nodes 477082 time 30 nps 15702173
info currmovenumber 10 currmove c1c3 perft 1671631 nodes 542742 time 34 nps 15676958
info currmovenumber 11 currmove c1c2 perft 1692721 nodes 608097 time 38 nps 15654518
info currmovenumber 12 currmove c1a1 perft 1468103 nodes 659626 time 42 nps 15631614
info currmovenumber 13 currmove c1b1 perft 1506217 nodes 710834 time 45 nps 15621104
info currmovenumber 14 currmove c1d1 perft 1435920 nodes 757294 time 48 nps 15594872
info currmovenumber 15 currmove e1c1 perft 0 nodes 757295 time 48 nps 15591998
info currmovenumber 16 currmove e5b8 perft 1111733 nodes 794239 time 50 nps 15577373
info currmovenumber 17 currmove e5h8 perft 1291335 nodes 832210 time 53 nps 15561375
info currmovenumber 18 currmove e5c7 perft 1134380 nodes 859518 time 55 nps 15550367
info currmovenumber 19 currmove e5g7 perft 1468257 nodes 891925 time 57 nps 15549537
info currmovenumber 20 currmove e5d6 perft 1435739 nodes 922258 time 59 nps 15542550
info currmovenumber 21 currmove e5f6 perft 1514512 nodes 950246 time 61 nps 15531309
info currmovenumber 22 currmove e5d4 perft 1637892 nodes 977547 time 62 nps 15518526
info currmovenumber 23 currmove e5f4 perft 1288458 nodes 996401 time 64 nps 15503686
info currmovenumber 24 currmove e5c3 perft 1101675 nodes 1014488 time 65 nps 15488572
info currmovenumber 25 currmove e5g3 perft 1035797 nodes 1031167 time 66 nps 15475646
info currmovenumber 26 currmove e5b2 perft 1418843 nodes 1054969 time 68 nps 15453890
info currmovenumber 27 currmove e5h2 perft 1053052 nodes 1075345 time 69 nps 15439618
info currmovenumber 28 currmove e5a1 perft 1256253 nodes 1097259 time 71 nps 15432615
info currmovenumber 29 currmove h4g6 perft 1223973 nodes 1122019 time 72 nps 15420189
info currmovenumber 30 currmove h4f5 perft 2184789 nodes 1151786 time 74 nps 15414182
info currmovenumber 31 currmove h4f3 perft 1514127 nodes 1168338 time 75 nps 15406796
info currmovenumber 32 currmove h4g2 perft 1725470 nodes 1178809 time 76 nps 15398425
info currmovenumber 33 currmove f2f4 perft 1428003 nodes 1193177 time 77 nps 15389573
info currmovenumber 34 currmove f2f3 perft 1229174 nodes 1201245 time 78 nps 15381617
info depth 6 perft 44554839
info hwrites 48083 hhits 23261 hreads 71344 hhitratio 326
bestmove 0000
>position fen 2r5/8/8/8/8/8/6PP/k2KR3 w K - 0 1
>perft 7
info currmovenumber 1 currmove d1d2 perft 4940501 nodes 143808 time 10 nps 13656697
info currmovenumber 2 currmove d1e2 perft 3734447 nodes 215837 time 15 nps 13574324
info currmovenumber 3 currmove e1e8 perft 18260379 nodes 483283 time 35 nps 13533993
info currmovenumber 4 currmove e1e7 perft 27126995 nodes 629084 time 46 nps 13470887
info currmovenumber 5 currmove e1e6 perft 27203462 nodes 764769 time 56 nps 13501000
info currmovenumber 6 currmove e1e5 perft 27287357 nodes 900475 time 66 nps 13534657
info currmovenumber 7 currmove e1e4 perft 26834748 nodes 1032878 time 76 nps 13556216
info currmovenumber 8 currmove e1e3 perft 25865629 nodes 1159392 time 85 nps 13572319
info currmovenumber 9 currmove e1e2 perft 15959323 nodes 1229099 time 90 nps 13551818
info currmovenumber 10 currmove d1e1 perft 3463501 nodes 1325664 time 97 nps 13576060
info currmovenumber 11 currmove e1f1 perft 16551893 nodes 1383593 time 102 nps 13557151
info currmovenumber 12 currmove e1g1 perft 4971729 nodes 1420757 time 104 nps 13559686
info currmovenumber 13 currmove e1h1 perft 4971928 nodes 1453737 time 107 nps 13550768
info currmovenumber 14 currmove g2g4 perft 13033906 nodes 1477796 time 109 nps 13531476
info currmovenumber 15 currmove g2g3 perft 13114642 nodes 1499317 time 110 nps 13516198
info currmovenumber 16 currmove h2h4 perft 13109855 nodes 1509874 time 111 nps 13506895
info currmovenumber 17 currmove h2h3 perft 13173913 nodes 1519442 time 112 nps 13500345
info depth 7 perft 259604208
info hwrites 105908 hhits 192505 hreads 298413 hhitratio 645
bestmove 0000
>position fen 4r3/3k4/8/8/8/8/6PP/qR1K1R2 w KQ - 0 1
>perft 6
info currmovenumber 1 currmove d1c2 perft 24348139 nodes 397893 time 27 nps 14402219
info currmovenumber 2 currmove d1d2 perft 24972993 nodes 774987 time 53 nps 14482260
info currmovenumber 3 currmove d1c1 perft 14062509 nodes 976172 time 67 nps 14485292
info currmovenumber 4 currmove f1f8 perft 14480550 nodes 1216887 time 84 nps 14466028
info currmovenumber 5 currmove f1f7 perft 2255429 nodes 1259897 time 87 nps 14465466
info currmovenumber 6 currmove f1f6 perft 14548128 nodes 1442293 time 99 nps 14451531
info currmovenumber 7 currmove f1f5 perft 19621451 nodes 1665295 time 115 nps 14462114
info currmovenumber 8 currmove f1f4 perft 19991210 nodes 1888871 time 130 nps 14455306
info currmovenumber 9 currmove f1f3 perft 19745798 nodes 2110724 time 146 nps 14449751
info currmovenumber 10 currmove f1f2 perft 17391181 nodes 2297245 time 159 nps 14425587
info currmovenumber 11 currmove f1e1 perft 13187512 nodes 2424192 time 168 nps 14412518
info currmovenumber 12 currmove f1g1 perft 9460567 nodes 2536123 time 176 nps 14404329
info currmovenumber 13 currmove f1h1 perft 9542365 nodes 2637825 time 183 nps 14388297
info currmovenumber 14 currmove b1a1 perft 4310096 nodes 2709124 time 188 nps 14407580
info currmovenumber 15 currmove b1c1 perft 13283705 nodes 2836763 time 196 nps 14406389
info currmovenumber 16 currmove g2g4 perft 15060096 nodes 2949218 time 204 nps 14399538
info currmovenumber 17 currmove g2g3 perft 15012940 nodes 3061651 time 212 nps 14394434
info currmovenumber 18 currmove h2h4 perft 15007880 nodes 3151827 time 219 nps 14390125
info currmovenumber 19 currmove h2h3 perft 15048161 nodes 3242103 time 225 nps 14386441
info depth 6 perft 281330710
info hwrites 144365 hhits 118903 hreads 263268 hhitratio 451
bestmove 0000
>set UCI_Chess960 false
>position startpos moves e2e4 e7e5 f1c4 g8f6 d2d4 c7c6 d4e5 f6e4 g1e2 e4f2 e5e6 f8e7 e6d7 e8f8
>isready
info eval score cp 34 fen rnbq1k1r/pp1Pbppp/2p5/8/2B5/8/PPP1NnPP/RNBQK2R w KQ - 1 8
readyok
>perft 5
info currmovenumber 1 currmove e1d2 perft 1043007 nodes 34436 time 3 nps 10016384
info currmovenumber 2 currmove e1f2 perft 1667505 nodes 72517 time 7 nps 9868064
info currmovenumber 3 currmove e1f1 perft 2154511 nodes 122694 time 12 nps 9926186
info currmovenumber 4 currmove d1d6 perft 2229266 nodes 166813 time 16 nps 9840751
info currmovenumber 5 currmove d1d5 perft 2742654 nodes 216623 time 22 nps 9756412
info currmovenumber 6 currmove d1d4 perft 2920749 nodes 264764 time 27 nps 9683054
info currmovenumber 7 currmove d1d3 perft 2792521 nodes 308859 time 31 nps 9675512
info currmovenumber 8 currmove d1d2 perft 2109913 nodes 345377 time 35 nps 9653757
info currmovenumber 9 currmove e1g1 perft 1979843 nodes 388443 time 40 nps 9664332
info currmovenumber 10 currmove h1f1 perft 1911413 nodes 429420 time 44 nps 9676154
info currmovenumber 11 currmove h1g1 perft 1781002 nodes 466664 time 48 nps 9698388
info currmovenumber 12 currmove c1h6 perft 1748274 nodes 501262 time 51 nps 9700663
info currmovenumber 13 currmove c1g5 perft 2042591 nodes 537039 time 55 nps 9700148
info currmovenumber 14 currmove c1f4 perft 2380374 nodes 577223 time 59 nps 9698895
info currmovenumber 15 currmove c1e3 perft 2484771 nodes 618399 time 63 nps 9685996
info currmovenumber 16 currmove c1d2 perft 1894062 nodes 656257 time 67 nps 9687607
info currmovenumber 17 currmove c4f7 perft 1817665 nodes 688066 time 71 nps 9686418
info currmovenumber 18 currmove c4a6 perft 1644109 nodes 716691 time 73 nps 9694871
info currmovenumber 19 currmove c4e6 perft 2079471 nodes 751645 time 77 nps 9702637
info currmovenumber 20 currmove c4b5 perft 1832566 nodes 780997 time 80 nps 9710069
info currmovenumber 21 currmove c4d5 perft 1934045 nodes 811386 time 83 nps 9720548
info currmovenumber 22 currmove c4b3 perft 1686064 nodes 834709 time 85 nps 9721208
info currmovenumber 23 currmove c4d3 perft 1672391 nodes 862151 time 88 nps 9722424
info currmovenumber 24 currmove b1a3 perft 1777712 nodes 884345 time 90 nps 9719337
info currmovenumber 25 currmove b1c3 perft 2191455 nodes 909269 time 93 nps 9719271
info currmovenumber 26 currmove b1d2 perft 1450852 nodes 935765 time 96 nps 9724581
info currmovenumber 27 currmove e2d4 perft 2353001 nodes 964504 time 99 nps 9727534
info currmovenumber 28 currmove e2f4 perft 2274063 nodes 992280 time 102 nps 9723865
info currmovenumber 29 currmove e2c3 perft 2465011 nodes 1018365 time 104 nps 9715493
info currmovenumber 30 currmove e2g3 perft 2302529 nodes 1040912 time 107 nps 9710176
info currmovenumber 31 currmove e2g1 perft 2032466 nodes 1064449 time 109 nps 9707478
info currmovenumber 32 currmove d7c8q perft 2106366 nodes 1087715 time 112 nps 9699821
info currmovenumber 33 currmove d7c8r perft 1628284 nodes 1103128 time 113 nps 9698233
info currmovenumber 34 currmove d7c8b perft 2712122 nodes 1136293 time 117 nps 9694694
info currmovenumber 35 currmove d7c8n perft 2522065 nodes 1166526 time 120 nps 9689551
info currmovenumber 36 currmove c2c3 perft 2090166 nodes 1181646 time 121 nps 9690311
info currmovenumber 37 currmove b2b4 perft 1990854 nodes 1195052 time 123 nps 9692240
info currmovenumber 38 currmove b2b3 perft 1904400 nodes 1206875 time 124 nps 9695540
info currmovenumber 39 currmove g2g4 perft 1830854 nodes 1216815 time 125 nps 9696609
info currmovenumber 40 currmove g2g3 perft 1779903 nodes 1224557 time 126 nps 9697114
info currmovenumber 41 currmove a2a4 perft 2101105 nodes 1235945 time 127 nps 9697947
info currmovenumber 42 currmove a2a3 perft 1936679 nodes 1245214 time 128 nps 9698436
info currmovenumber 43 currmove h2h4 perft 2015932 nodes 1253641 time 129 nps 9696058
info currmovenumber 44 currmove h2h3 perft 1926608 nodes 1259658 time 129 nps 9694209
info depth 5 perft 89941194
info hwrites 37372 hhits 26411 hreads 63783 hhitratio 414
bestmove 0000
>stop
>position fen r3k2r/p1ppqpb1/bn2pnp1/3PN3/1p2P3/2N2Q1p/PPPBBPPP/R3K2R w KQkq - 0 25
>perft 5
info currmovenumber 1 currmove e1d1 perft 3559113 nodes 81885 time 9 nps 9030491
info currmovenumber 2 currmove e1f1 perft 3377351 nodes 159737 time 17 nps 8903351
info currmovenumber 3 currmove f3f6 perft 3975992 nodes 237002 time 26 nps 8867491
info currmovenumber 4 currmove f3f5 perft 5271134 nodes 340682 time 38 nps 8830734
info currmovenumber 5 currmove f3h5 perft 4743335 nodes 426309 time 48 nps 8818887
info currmovenumber 6 currmove f3f4 perft 4327936 nodes 503136 time 57 nps 8806884
info currmovenumber 7 currmove f3g4 perft 4514010 nodes 576089 time 65 nps 8808709
info currmovenumber 8 currmove f3d3 perft 3949570 nodes 651345 time 73 nps 8814024
info currmovenumber 9 currmove f3e3 perft 4477772 nodes 729646 time 82 nps 8803336
info currmovenumber 10 currmove f3g3 perft 4669768 nodes 806269 time 91 nps 8797797
info currmovenumber 11 currmove f3h3 perft 5067173 nodes 903701 time 102 nps 8774250
info currmovenumber 12 currmove a1b1 perft 3827454 nodes 969561 time 110 nps 8780534
info currmovenumber 13 currmove a1c1 perft 3814203 nodes 1031629 time 117 nps 8786498
info currmovenumber 14 currmove a1d1 perft 3568344 nodes 1090000 time 124 nps 8789276
info currmovenumber 15 currmove e1c1 perft 3551583 nodes 1156176 time 131 nps 8795834
info currmovenumber 16 currmove e1g1 perft 4119629 nodes 1224883 time 139 nps 8808103
info currmovenumber 17 currmove h1f1 perft 3685756 nodes 1283307 time 145 nps 8811303
info currmovenumber 18 currmove h1g1 perft 3989454 nodes 1341624 time 152 nps 8814570
info currmovenumber 19 currmove d2h6 perft 3967365 nodes 1400136 time 158 nps 8810127
info currmovenumber 20 currmove d2g5 perft 4370915 nodes 1456442 time 165 nps 8806813
info currmovenumber 21 currmove d2f4 perft 3941257 nodes 1509291 time 171 nps 8810716
info currmovenumber 22 currmove d2e3 perft 4407041 nodes 1564012 time 177 nps 8807118
info currmovenumber 23 currmove d2c1 perft 3793390 nodes 1613173 time 183 nps 8808975
info currmovenumber 24 currmove e2a6 perft 3553501 nodes 1657456 time 188 nps 8808858
info currmovenumber 25 currmove e2b5 perft 4032348 nodes 1706866 time 193 nps 8803497
info currmovenumber 26 currmove e2c4 perft 4182989 nodes 1753616 time 199 nps 8803421
info currmovenumber 27 currmove e2d3 perft 4066966 nodes 1796127 time 204 nps 8801875
info currmovenumber 28 currmove e2d1 perft 3074219 nodes 1838781 time 208 nps 8801622
info currmovenumber 29 currmove e2f1 perft 4095479 nodes 1885774 time 214 nps 8800970
info currmovenumber 30 currmove e5d7 perft 4404043 nodes 1931599 time 219 nps 8800066
info currmovenumber 31 currmove e5f7 perft 4164923 nodes 1972531 time 224 nps 8799554
info currmovenumber 32 currmove e5c6 perft 4083458 nodes 2012131 time 228 nps 8799142
info currmovenumber 33 currmove e5g6 perft 3949417 nodes 2050903 time 233 nps 8799567
info currmovenumber 34 currmove e5c4 perft 3494887 nodes 2085393 time 236 nps 8800609
info currmovenumber 35 currmove e5g4 perft 3415992 nodes 2116116 time 240 nps 8798305
info currmovenumber 36 currmove e5d3 perft 3288812 nodes 2150327 time 244 nps 8797981
info currmovenumber 37 currmove c3b5 perft 4317482 nodes 2183214 time 248 nps 8794440
info currmovenumber 38 currmove c3a4 perft 4628497 nodes 2216271 time 252 nps 8791215
info currmovenumber 39 currmove c3b1 perft 3996171 nodes 2246466 time 255 nps 8787067
info currmovenumber 40 currmove c3d1 perft 3995761 nodes 2278286 time 259 nps 8782238
info currmovenumber 41 currmove d5d6 perft 3835265 nodes 2303475 time 262 nps 8781901
info currmovenumber 42 currmove d5e6 perft 4727437 nodes 2334366 time 265 nps 8781180
info currmovenumber 43 currmove b2b3 perft 3768824 nodes 2347709 time 267 nps 8782717
info currmovenumber 44 currmove g2g4 perft 3338154 nodes 2362699 time 268 nps 8783944
info currmovenumber 45 currmove g2g3 perft 3472039 nodes 2374344 time 270 nps 8784320
info currmovenumber 46 currmove g2h3 perft 3819456 nodes 2388275 time 271 nps 8784951
info currmovenumber 47 currmove a2a4 perft 4387586 nodes 2477630 time 281 nps 8800418
info currmovenumber 48 currmove a2a3 perft 4627439 nodes 2489940 time 282 nps 8799468
info depth 5 perft 193690690
info hwrites 59646 hhits 40252 hreads 99898 hhitratio 402
bestmove 0000
>isready
info eval score cp 56 fen r3k2r/p1ppqpb1/bn2pnp1/3PN3/1p2P3/2N2Q1p/PPPBBPPP/R3K2R w KQkq - 0 25
readyok
>quit
